apps/api/src/ce-pipeline/ce-dag-orchestrator.service.ts(7,10): error TS2305: Module '"@scu/config"' has no exported member 'PRODUCTION_MODE'.
apps/api/src/engine/engine-registry.service.ts(3,15): error TS2305: Module '"@scu/config"' has no exported member 'PRODUCTION_MODE'.
apps/api/src/job/job-engine-binding.service.ts(14,10): error TS2305: Module '"@scu/config"' has no exported member 'PRODUCTION_MODE'.
apps/api/src/job/job-watchdog.service.ts(22,41): error TS2339: Property 'workerHeartbeatTimeoutMs' does not exist on type '{ nodeEnv: string; isDevelopment: boolean; isProduction: boolean; databaseUrl: string; redisUrl: string; apiPort: number; apiHost: string; apiUrl: string; jwtSecret: string; jwtExpiresIn: string; ... 17 more ...; HMAC_SIGNATURE_ALGORITHM: string; }'.
apps/api/src/job/job-watchdog.service.ts(32,14): error TS2339: Property 'jobWatchdogEnabled' does not exist on type '{ nodeEnv: string; isDevelopment: boolean; isProduction: boolean; databaseUrl: string; redisUrl: string; apiPort: number; apiHost: string; apiUrl: string; jwtSecret: string; jwtExpiresIn: string; ... 17 more ...; HMAC_SIGNATURE_ALGORITHM: string; }'.
apps/api/src/job/job.service.ts(35,10): error TS2305: Module '"@scu/config"' has no exported member 'PRODUCTION_MODE'.
apps/api/src/job/job.service.ts(1076,13): error TS2339: Property 'jobMaxInFlight' does not exist on type '{ nodeEnv: string; isDevelopment: boolean; isProduction: boolean; databaseUrl: string; redisUrl: string; apiPort: number; apiHost: string; apiUrl: string; jwtSecret: string; jwtExpiresIn: string; ... 17 more ...; HMAC_SIGNATURE_ALGORITHM: string; }'.
apps/api/src/job/job.service.ts(1076,29): error TS2339: Property 'jobLeaseTtlMs' does not exist on type '{ nodeEnv: string; isDevelopment: boolean; isProduction: boolean; databaseUrl: string; redisUrl: string; apiPort: number; apiHost: string; apiUrl: string; jwtSecret: string; jwtExpiresIn: string; ... 17 more ...; HMAC_SIGNATURE_ALGORITHM: string; }'.
apps/api/src/job/job.service.ts(2188,17): error TS2352: Conversion of type '{ shot: { scene: { episode: { season: { project: { id: string; name: string; status: ProjectStatus; createdAt: Date; updatedAt: Date; ownerId: string; description: string; organizationId: string; metadata: JsonValue; settingsJson: JsonValue; }; } & { ...; }; } & { ...; }; } & { ...; }; } & { ...; }; engineBinding: {...' to type '{ shot: { scene: { episode: { season: { project: { id: string; name: string; status: ProjectStatus; createdAt: Date; updatedAt: Date; ownerId: string; description: string; organizationId: string; metadata: JsonValue; settingsJson: JsonValue; }; } & { ...; }; } & { ...; }; } & { ...; }; } & { ...; }; task: { ...; }; ...' may be a mistake because neither type sufficiently overlaps with the other. If this was intentional, convert the expression to 'unknown' first.
  Property 'task' is missing in type '{ shot: { scene: { episode: { season: { project: { id: string; name: string; status: ProjectStatus; createdAt: Date; updatedAt: Date; ownerId: string; description: string; organizationId: string; metadata: JsonValue; settingsJson: JsonValue; }; } & { ...; }; } & { ...; }; } & { ...; }; } & { ...; }; engineBinding: {...' but required in type '{ shot: { scene: { episode: { season: { project: { id: string; name: string; status: ProjectStatus; createdAt: Date; updatedAt: Date; ownerId: string; description: string; organizationId: string; metadata: JsonValue; settingsJson: JsonValue; }; } & { ...; }; } & { ...; }; } & { ...; }; } & { ...; }; task: { ...; }; }'.
apps/api/src/orchestrator/orchestrator.service.ts(68,74): error TS2339: Property 'workerOfflineGraceMs' does not exist on type '{ nodeEnv: string; isDevelopment: boolean; isProduction: boolean; databaseUrl: string; redisUrl: string; apiPort: number; apiHost: string; apiUrl: string; jwtSecret: string; jwtExpiresIn: string; ... 17 more ...; HMAC_SIGNATURE_ALGORITHM: string; }'.
apps/api/src/scripts/ce06_trigger.ts(35,38): error TS2339: Property 'novelSource' does not exist on type 'PrismaClient<PrismaClientOptions, never, DefaultArgs>'.
apps/api/src/scripts/create-novel-analysis-http-test-jobs.ts(107,7): error TS2322: Type '{ episodeId: string; index: number; title: string; summary: string; }' is not assignable to type '(Without<SceneCreateInput, SceneUncheckedCreateInput> & SceneUncheckedCreateInput) | (Without<...> & SceneCreateInput)'.
  Type '{ episodeId: string; index: number; title: string; summary: string; }' is not assignable to type 'Without<SceneUncheckedCreateInput, SceneCreateInput> & SceneCreateInput'.
    Type '{ episodeId: string; index: number; title: string; summary: string; }' is not assignable to type 'Without<SceneUncheckedCreateInput, SceneCreateInput>'.
      Types of property 'episodeId' are incompatible.
        Type 'string' is not assignable to type 'never'.
apps/api/src/scripts/create-test-novel-job.ts(100,7): error TS2322: Type '{ episodeId: string; index: number; title: string; summary: string; }' is not assignable to type '(Without<SceneCreateInput, SceneUncheckedCreateInput> & SceneUncheckedCreateInput) | (Without<...> & SceneCreateInput)'.
  Type '{ episodeId: string; index: number; title: string; summary: string; }' is not assignable to type 'Without<SceneUncheckedCreateInput, SceneCreateInput> & SceneCreateInput'.
    Type '{ episodeId: string; index: number; title: string; summary: string; }' is not assignable to type 'Without<SceneUncheckedCreateInput, SceneCreateInput>'.
      Types of property 'episodeId' are incompatible.
        Type 'string' is not assignable to type 'never'.
apps/api/src/scripts/create-test-novel-job.ts(123,34): error TS2339: Property 'novelSource' does not exist on type 'PrismaClient<PrismaClientOptions, never, DefaultArgs>'.
apps/api/src/scripts/create-test-novel-job.ts(125,32): error TS2339: Property 'novelSource' does not exist on type 'PrismaClient<PrismaClientOptions, never, DefaultArgs>'.
apps/api/src/scripts/create-test-novel-job.ts(135,45): error TS2353: Object literal may only specify known properties, and 'orderIndex' does not exist in type 'NovelChapterWhereInput'.
apps/api/src/scripts/create-test-novel-job.ts(141,9): error TS2353: Object literal may only specify known properties, and 'orderIndex' does not exist in type '(Without<NovelChapterCreateInput, NovelChapterUncheckedCreateInput> & NovelChapterUncheckedCreateInput) | (Without<...> & NovelChapterCreateInput)'.
apps/api/src/scripts/create-test-user.ts(2,27): error TS2307: Cannot find module './app.module' or its corresponding type declarations.
apps/api/src/scripts/create-test-user.ts(3,31): error TS2307: Cannot find module './prisma/prisma.service' or its corresponding type declarations.
apps/api/src/scripts/create-test-user.ts(4,37): error TS2307: Cannot find module './organization/organization.service' or its corresponding type declarations.
apps/api/src/scripts/dev-create-test-novel-job.ts(21,15): error TS2304: Cannot find name 'UserRole'.
apps/api/src/scripts/dev-create-test-novel-job.ts(22,15): error TS2304: Cannot find name 'UserTier'.
apps/api/src/scripts/dev-create-test-novel-job.ts(36,9): error TS2353: Object literal may only specify known properties, and 'quota' does not exist in type '(Without<OrganizationCreateInput, OrganizationUncheckedCreateInput> & OrganizationUncheckedCreateInput) | (Without<...> & OrganizationCreateInput)'.
apps/api/src/scripts/dev-create-test-novel-job.ts(50,15): error TS2552: Cannot find name 'MembershipRole'. Did you mean 'membership'?
apps/api/src/scripts/dev-create-test-novel-job.ts(111,7): error TS2322: Type '{ episodeId: string; index: number; title: string; summary: string; }' is not assignable to type '(Without<SceneCreateInput, SceneUncheckedCreateInput> & SceneUncheckedCreateInput) | (Without<...> & SceneCreateInput)'.
  Type '{ episodeId: string; index: number; title: string; summary: string; }' is not assignable to type 'Without<SceneUncheckedCreateInput, SceneCreateInput> & SceneCreateInput'.
    Type '{ episodeId: string; index: number; title: string; summary: string; }' is not assignable to type 'Without<SceneUncheckedCreateInput, SceneCreateInput>'.
      Types of property 'episodeId' are incompatible.
        Type 'string' is not assignable to type 'never'.
apps/api/src/scripts/e2e-novel-worker-pipeline.ts(109,30): error TS2551: Property 'Owner' does not exist on type '{ OWNER: "OWNER"; ADMIN: "ADMIN"; CREATOR: "CREATOR"; EDITOR: "EDITOR"; VIEWER: "VIEWER"; }'. Did you mean 'OWNER'?
apps/api/src/scripts/e2e-novel-worker-pipeline.ts(166,36): error TS2339: Property 'novelSource' does not exist on type 'PrismaService'.
apps/api/src/scripts/e2e-novel-worker-pipeline.ts(208,9): error TS2353: Object literal may only specify known properties, and 'orderIndex' does not exist in type '(Without<NovelChapterCreateInput, NovelChapterUncheckedCreateInput> & NovelChapterUncheckedCreateInput) | (Without<...> & NovelChapterCreateInput)'.
apps/api/src/scripts/e2e-novel-worker-pipeline.ts(241,5): error TS2322: Type '{ episodeId: string; index: number; title: string; summary: string; }' is not assignable to type '(Without<SceneCreateInput, SceneUncheckedCreateInput> & SceneUncheckedCreateInput) | (Without<...> & SceneCreateInput)'.
  Type '{ episodeId: string; index: number; title: string; summary: string; }' is not assignable to type 'Without<SceneUncheckedCreateInput, SceneCreateInput> & SceneCreateInput'.
    Type '{ episodeId: string; index: number; title: string; summary: string; }' is not assignable to type 'Without<SceneUncheckedCreateInput, SceneCreateInput>'.
      Types of property 'episodeId' are incompatible.
        Type 'string' is not assignable to type 'never'.
apps/api/src/scripts/gate-p0r2-driver.ts(117,16): error TS2339: Property 'novelSource' does not exist on type 'PrismaService'.
apps/api/src/scripts/gate-p0r2-driver.ts(149,5): error TS2322: Type '{ id: string; episodeId: string; index: number; title: string; summary: string; }' is not assignable to type '(Without<SceneCreateInput, SceneUncheckedCreateInput> & SceneUncheckedCreateInput) | (Without<...> & SceneCreateInput)'.
  Type '{ id: string; episodeId: string; index: number; title: string; summary: string; }' is not assignable to type 'Without<SceneUncheckedCreateInput, SceneCreateInput> & SceneCreateInput'.
    Type '{ id: string; episodeId: string; index: number; title: string; summary: string; }' is not assignable to type 'Without<SceneUncheckedCreateInput, SceneCreateInput>'.
      Types of property 'episodeId' are incompatible.
        Type 'string' is not assignable to type 'never'.
apps/api/src/scripts/p1_2_generate_statement.ts(32,7): error TS2353: Object literal may only specify known properties, and 'cost' does not exist in type 'CostLedgerSelect<DefaultArgs>'.
apps/api/src/scripts/p1_2_generate_statement.ts(41,22): error TS2339: Property 'cost' does not exist on type '{ id: string; createdAt: Date; projectId: string; jobType: string; metadata: JsonValue; userId: string; engineKey: string; jobId: string; traceId: string; timestamp: Date; ... 15 more ...; billingError: string; }'.
apps/api/src/scripts/stress-trigger.ts(45,7): error TS2322: Type '{ title: string; index: number; episodeId: string; projectId: string; }' is not assignable to type '(Without<SceneCreateInput, SceneUncheckedCreateInput> & SceneUncheckedCreateInput) | (Without<...> & SceneCreateInput)'.
  Type '{ title: string; index: number; episodeId: string; projectId: string; }' is not assignable to type 'Without<SceneUncheckedCreateInput, SceneCreateInput> & SceneCreateInput'.
    Type '{ title: string; index: number; episodeId: string; projectId: string; }' is not assignable to type 'Without<SceneUncheckedCreateInput, SceneCreateInput>'.
      Types of property 'episodeId' are incompatible.
        Type 'string' is not assignable to type 'never'.
apps/api/src/worker/worker.service.ts(249,27): error TS2339: Property 'workerHeartbeatTimeoutMs' does not exist on type '{ nodeEnv: string; isDevelopment: boolean; isProduction: boolean; databaseUrl: string; redisUrl: string; apiPort: number; apiHost: string; apiUrl: string; jwtSecret: string; jwtExpiresIn: string; ... 17 more ...; HMAC_SIGNATURE_ALGORITHM: string; }'.
apps/api/src/worker/worker.service.ts(360,13): error TS2339: Property 'workerOfflineGraceMs' does not exist on type '{ nodeEnv: string; isDevelopment: boolean; isProduction: boolean; databaseUrl: string; redisUrl: string; apiPort: number; apiHost: string; apiUrl: string; jwtSecret: string; jwtExpiresIn: string; ... 17 more ...; HMAC_SIGNATURE_ALGORITHM: string; }'.
apps/api/src/worker/worker.service.ts(415,27): error TS2339: Property 'workerHeartbeatTimeoutMs' does not exist on type '{ nodeEnv: string; isDevelopment: boolean; isProduction: boolean; databaseUrl: string; redisUrl: string; apiPort: number; apiHost: string; apiUrl: string; jwtSecret: string; jwtExpiresIn: string; ... 17 more ...; HMAC_SIGNATURE_ALGORITHM: string; }'.
apps/api/src/worker/worker.service.ts(444,25): error TS2339: Property 'workerHeartbeatTimeoutMs' does not exist on type '{ nodeEnv: string; isDevelopment: boolean; isProduction: boolean; databaseUrl: string; redisUrl: string; apiPort: number; apiHost: string; apiUrl: string; jwtSecret: string; jwtExpiresIn: string; ... 17 more ...; HMAC_SIGNATURE_ALGORITHM: string; }'.
apps/api/src/worker/worker.service.ts(515,13): error TS2339: Property 'workerOfflineGraceMs' does not exist on type '{ nodeEnv: string; isDevelopment: boolean; isProduction: boolean; databaseUrl: string; redisUrl: string; apiPort: number; apiHost: string; apiUrl: string; jwtSecret: string; jwtExpiresIn: string; ... 17 more ...; HMAC_SIGNATURE_ALGORITHM: string; }'.
apps/web/src/adapters/studio-preview.adapter.ts(9,24): error TS2307: Cannot find module '@/types/dto' or its corresponding type declarations.
apps/web/src/app/[locale]/contact/page.tsx(4,24): error TS2307: Cannot find module '@/components/_legacy/ui/Button' or its corresponding type declarations.
apps/web/src/app/[locale]/contact/page.tsx(10,5): error TS17004: Cannot use JSX unless the '--jsx' flag is provided.
apps/web/src/app/[locale]/contact/page.tsx(11,7): error TS17004: Cannot use JSX unless the '--jsx' flag is provided.
apps/web/src/app/[locale]/contact/page.tsx(12,7): error TS17004: Cannot use JSX unless the '--jsx' flag is provided.
apps/web/src/app/[locale]/contact/page.tsx(13,7): error TS17004: Cannot use JSX unless the '--jsx' flag is provided.
apps/web/src/app/[locale]/dev/autofill/page.tsx(35,5): error TS17004: Cannot use JSX unless the '--jsx' flag is provided.
apps/web/src/app/[locale]/dev/autofill/page.tsx(36,7): error TS17004: Cannot use JSX unless the '--jsx' flag is provided.
apps/web/src/app/[locale]/dev/autofill/page.tsx(37,7): error TS17004: Cannot use JSX unless the '--jsx' flag is provided.
apps/web/src/app/[locale]/dev/autofill/page.tsx(41,7): error TS17004: Cannot use JSX unless the '--jsx' flag is provided.
apps/web/src/app/[locale]/dev/autofill/page.tsx(59,9): error TS17004: Cannot use JSX unless the '--jsx' flag is provided.
apps/web/src/app/[locale]/dev/autofill/page.tsx(74,9): error TS17004: Cannot use JSX unless the '--jsx' flag is provided.
apps/web/src/app/[locale]/dev/autofill/page.tsx(83,11): error TS17004: Cannot use JSX unless the '--jsx' flag is provided.
apps/web/src/app/[locale]/dev/autofill/page.tsx(84,11): error TS17004: Cannot use JSX unless the '--jsx' flag is provided.
apps/web/src/app/[locale]/dev/autofill/page.tsx(85,13): error TS17004: Cannot use JSX unless the '--jsx' flag is provided.
apps/web/src/app/[locale]/dev/autofill/page.tsx(86,15): error TS17004: Cannot use JSX unless the '--jsx' flag is provided.
apps/web/src/app/[locale]/dev/autofill/page.tsx(88,13): error TS17004: Cannot use JSX unless the '--jsx' flag is provided.
apps/web/src/app/[locale]/dev/autofill/page.tsx(89,15): error TS17004: Cannot use JSX unless the '--jsx' flag is provided.
apps/web/src/app/[locale]/dev/autofill/page.tsx(92,13): error TS17004: Cannot use JSX unless the '--jsx' flag is provided.
apps/web/src/app/[locale]/dev/autofill/page.tsx(93,15): error TS17004: Cannot use JSX unless the '--jsx' flag is provided.
apps/web/src/app/[locale]/dev/autofill/page.tsx(96,13): error TS17004: Cannot use JSX unless the '--jsx' flag is provided.
apps/web/src/app/[locale]/dev/autofill/page.tsx(97,15): error TS17004: Cannot use JSX unless the '--jsx' flag is provided.
apps/web/src/app/[locale]/dev/autofill/page.tsx(101,15): error TS17004: Cannot use JSX unless the '--jsx' flag is provided.
apps/web/src/app/[locale]/dev/autofill/page.tsx(102,17): error TS17004: Cannot use JSX unless the '--jsx' flag is provided.
apps/web/src/app/[locale]/error.tsx(62,5): error TS17004: Cannot use JSX unless the '--jsx' flag is provided.
apps/web/src/app/[locale]/error.tsx(63,7): error TS17004: Cannot use JSX unless the '--jsx' flag is provided.
apps/web/src/app/[locale]/error.tsx(64,7): error TS17004: Cannot use JSX unless the '--jsx' flag is provided.
apps/web/src/app/[locale]/error.tsx(65,7): error TS17004: Cannot use JSX unless the '--jsx' flag is provided.
apps/web/src/app/[locale]/layout.tsx(17,21): error TS6142: Module './Nav' was resolved to '/Users/adam/Desktop/adam/毛毛虫宇宙/Super Caterpillar/apps/web/src/app/[locale]/Nav.tsx', but '--jsx' is not set.
apps/web/src/app/[locale]/layout.tsx(18,42): error TS2307: Cannot find module '@/components/auth/UnauthorizedRedirectProvider' or its corresponding type declarations.
apps/web/src/app/[locale]/layout.tsx(29,5): error TS17004: Cannot use JSX unless the '--jsx' flag is provided.
apps/web/src/app/[locale]/layout.tsx(30,7): error TS17004: Cannot use JSX unless the '--jsx' flag is provided.
apps/web/src/app/[locale]/layout.tsx(31,9): error TS17004: Cannot use JSX unless the '--jsx' flag is provided.
apps/web/src/app/[locale]/layout.tsx(32,11): error TS17004: Cannot use JSX unless the '--jsx' flag is provided.
apps/web/src/app/[locale]/layout.tsx(33,11): error TS17004: Cannot use JSX unless the '--jsx' flag is provided.
apps/web/src/app/[locale]/layout.tsx(34,11): error TS17004: Cannot use JSX unless the '--jsx' flag is provided.
apps/web/src/app/[locale]/login/page.tsx(5,25): error TS2307: Cannot find module '@/lib/apiClient' or its corresponding type declarations.
apps/web/src/app/[locale]/login/page.tsx(91,5): error TS17004: Cannot use JSX unless the '--jsx' flag is provided.
apps/web/src/app/[locale]/login/page.tsx(100,7): error TS17004: Cannot use JSX unless the '--jsx' flag is provided.
apps/web/src/app/[locale]/login/page.tsx(110,9): error TS17004: Cannot use JSX unless the '--jsx' flag is provided.
apps/web/src/app/[locale]/login/page.tsx(122,11): error TS17004: Cannot use JSX unless the '--jsx' flag is provided.
apps/web/src/app/[locale]/login/page.tsx(136,9): error TS17004: Cannot use JSX unless the '--jsx' flag is provided.
apps/web/src/app/[locale]/login/page.tsx(137,11): error TS17004: Cannot use JSX unless the '--jsx' flag is provided.
apps/web/src/app/[locale]/login/page.tsx(138,13): error TS17004: Cannot use JSX unless the '--jsx' flag is provided.
apps/web/src/app/[locale]/login/page.tsx(150,13): error TS17004: Cannot use JSX unless the '--jsx' flag is provided.
apps/web/src/app/[locale]/login/page.tsx(169,11): error TS17004: Cannot use JSX unless the '--jsx' flag is provided.
apps/web/src/app/[locale]/login/page.tsx(170,13): error TS17004: Cannot use JSX unless the '--jsx' flag is provided.
apps/web/src/app/[locale]/login/page.tsx(182,13): error TS17004: Cannot use JSX unless the '--jsx' flag is provided.
apps/web/src/app/[locale]/login/page.tsx(202,11): error TS17004: Cannot use JSX unless the '--jsx' flag is provided.
apps/web/src/app/[locale]/login/page.tsx(222,9): error TS17004: Cannot use JSX unless the '--jsx' flag is provided.
apps/web/src/app/[locale]/login/page.tsx(231,11): error TS17004: Cannot use JSX unless the '--jsx' flag is provided.
apps/web/src/app/[locale]/monitor/scheduler/page.tsx(5,45): error TS2307: Cannot find module '@/lib/apiClient' or its corresponding type declarations.
apps/web/src/app/[locale]/monitor/scheduler/page.tsx(6,26): error TS2307: Cannot find module '@/components/engines/EngineFilter' or its corresponding type declarations.
apps/web/src/app/[locale]/monitor/scheduler/page.tsx(38,22): error TS17004: Cannot use JSX unless the '--jsx' flag is provided.
apps/web/src/app/[locale]/monitor/scheduler/page.tsx(53,5): error TS17004: Cannot use JSX unless the '--jsx' flag is provided.
apps/web/src/app/[locale]/monitor/scheduler/page.tsx(54,7): error TS17004: Cannot use JSX unless the '--jsx' flag is provided.
apps/web/src/app/[locale]/monitor/scheduler/page.tsx(55,9): error TS17004: Cannot use JSX unless the '--jsx' flag is provided.
apps/web/src/app/[locale]/monitor/scheduler/page.tsx(57,9): error TS17004: Cannot use JSX unless the '--jsx' flag is provided.
apps/web/src/app/[locale]/monitor/scheduler/page.tsx(58,11): error TS17004: Cannot use JSX unless the '--jsx' flag is provided.
apps/web/src/app/[locale]/monitor/scheduler/page.tsx(59,11): error TS17004: Cannot use JSX unless the '--jsx' flag is provided.
apps/web/src/app/[locale]/monitor/scheduler/page.tsx(69,7): error TS17004: Cannot use JSX unless the '--jsx' flag is provided.
apps/web/src/app/[locale]/monitor/scheduler/page.tsx(70,9): error TS17004: Cannot use JSX unless the '--jsx' flag is provided.
apps/web/src/app/[locale]/monitor/scheduler/page.tsx(71,11): error TS17004: Cannot use JSX unless the '--jsx' flag is provided.
apps/web/src/app/[locale]/monitor/scheduler/page.tsx(72,11): error TS17004: Cannot use JSX unless the '--jsx' flag is provided.
apps/web/src/app/[locale]/monitor/scheduler/page.tsx(74,9): error TS17004: Cannot use JSX unless the '--jsx' flag is provided.
apps/web/src/app/[locale]/monitor/scheduler/page.tsx(75,11): error TS17004: Cannot use JSX unless the '--jsx' flag is provided.
apps/web/src/app/[locale]/monitor/scheduler/page.tsx(76,11): error TS17004: Cannot use JSX unless the '--jsx' flag is provided.
apps/web/src/app/[locale]/monitor/scheduler/page.tsx(78,9): error TS17004: Cannot use JSX unless the '--jsx' flag is provided.
apps/web/src/app/[locale]/monitor/scheduler/page.tsx(79,11): error TS17004: Cannot use JSX unless the '--jsx' flag is provided.
apps/web/src/app/[locale]/monitor/scheduler/page.tsx(80,11): error TS17004: Cannot use JSX unless the '--jsx' flag is provided.
apps/web/src/app/[locale]/monitor/scheduler/page.tsx(82,9): error TS17004: Cannot use JSX unless the '--jsx' flag is provided.
apps/web/src/app/[locale]/monitor/scheduler/page.tsx(83,11): error TS17004: Cannot use JSX unless the '--jsx' flag is provided.
apps/web/src/app/[locale]/monitor/scheduler/page.tsx(84,11): error TS17004: Cannot use JSX unless the '--jsx' flag is provided.
apps/web/src/app/[locale]/monitor/scheduler/page.tsx(86,9): error TS17004: Cannot use JSX unless the '--jsx' flag is provided.
apps/web/src/app/[locale]/monitor/scheduler/page.tsx(87,11): error TS17004: Cannot use JSX unless the '--jsx' flag is provided.
apps/web/src/app/[locale]/monitor/scheduler/page.tsx(88,11): error TS17004: Cannot use JSX unless the '--jsx' flag is provided.
apps/web/src/app/[locale]/monitor/scheduler/page.tsx(93,7): error TS17004: Cannot use JSX unless the '--jsx' flag is provided.
apps/web/src/app/[locale]/monitor/scheduler/page.tsx(94,9): error TS17004: Cannot use JSX unless the '--jsx' flag is provided.
apps/web/src/app/[locale]/monitor/scheduler/page.tsx(95,9): error TS17004: Cannot use JSX unless the '--jsx' flag is provided.
apps/web/src/app/[locale]/monitor/scheduler/page.tsx(96,11): error TS17004: Cannot use JSX unless the '--jsx' flag is provided.
apps/web/src/app/[locale]/monitor/scheduler/page.tsx(97,13): error TS17004: Cannot use JSX unless the '--jsx' flag is provided.
apps/web/src/app/[locale]/monitor/scheduler/page.tsx(98,13): error TS17004: Cannot use JSX unless the '--jsx' flag is provided.
apps/web/src/app/[locale]/monitor/scheduler/page.tsx(109,9): error TS17004: Cannot use JSX unless the '--jsx' flag is provided.
apps/web/src/app/[locale]/monitor/scheduler/page.tsx(110,11): error TS17004: Cannot use JSX unless the '--jsx' flag is provided.
apps/web/src/app/[locale]/monitor/scheduler/page.tsx(111,11): error TS17004: Cannot use JSX unless the '--jsx' flag is provided.
apps/web/src/app/[locale]/monitor/scheduler/page.tsx(112,13): error TS17004: Cannot use JSX unless the '--jsx' flag is provided.
apps/web/src/app/[locale]/monitor/scheduler/page.tsx(114,15): error TS17004: Cannot use JSX unless the '--jsx' flag is provided.
apps/web/src/app/[locale]/monitor/scheduler/page.tsx(117,21): error TS17004: Cannot use JSX unless the '--jsx' flag is provided.
apps/web/src/app/[locale]/monitor/scheduler/page.tsx(130,9): error TS17004: Cannot use JSX unless the '--jsx' flag is provided.
apps/web/src/app/[locale]/monitor/scheduler/page.tsx(131,11): error TS17004: Cannot use JSX unless the '--jsx' flag is provided.
apps/web/src/app/[locale]/monitor/scheduler/page.tsx(132,11): error TS17004: Cannot use JSX unless the '--jsx' flag is provided.
apps/web/src/app/[locale]/monitor/scheduler/page.tsx(133,13): error TS17004: Cannot use JSX unless the '--jsx' flag is provided.
apps/web/src/app/[locale]/monitor/scheduler/page.tsx(134,15): error TS17004: Cannot use JSX unless the '--jsx' flag is provided.
apps/web/src/app/[locale]/monitor/scheduler/page.tsx(135,15): error TS17004: Cannot use JSX unless the '--jsx' flag is provided.
apps/web/src/app/[locale]/monitor/scheduler/page.tsx(137,13): error TS17004: Cannot use JSX unless the '--jsx' flag is provided.
apps/web/src/app/[locale]/monitor/scheduler/page.tsx(138,15): error TS17004: Cannot use JSX unless the '--jsx' flag is provided.
apps/web/src/app/[locale]/monitor/scheduler/page.tsx(139,15): error TS17004: Cannot use JSX unless the '--jsx' flag is provided.
apps/web/src/app/[locale]/monitor/scheduler/page.tsx(141,13): error TS17004: Cannot use JSX unless the '--jsx' flag is provided.
apps/web/src/app/[locale]/monitor/scheduler/page.tsx(142,15): error TS17004: Cannot use JSX unless the '--jsx' flag is provided.
apps/web/src/app/[locale]/monitor/scheduler/page.tsx(143,15): error TS17004: Cannot use JSX unless the '--jsx' flag is provided.
apps/web/src/app/[locale]/monitor/scheduler/page.tsx(145,13): error TS17004: Cannot use JSX unless the '--jsx' flag is provided.
apps/web/src/app/[locale]/monitor/scheduler/page.tsx(146,15): error TS17004: Cannot use JSX unless the '--jsx' flag is provided.
apps/web/src/app/[locale]/monitor/scheduler/page.tsx(147,15): error TS17004: Cannot use JSX unless the '--jsx' flag is provided.
apps/web/src/app/[locale]/monitor/scheduler/page.tsx(155,9): error TS17004: Cannot use JSX unless the '--jsx' flag is provided.
apps/web/src/app/[locale]/monitor/scheduler/page.tsx(156,11): error TS17004: Cannot use JSX unless the '--jsx' flag is provided.
apps/web/src/app/[locale]/monitor/scheduler/page.tsx(157,11): error TS17004: Cannot use JSX unless the '--jsx' flag is provided.
apps/web/src/app/[locale]/monitor/scheduler/page.tsx(165,9): error TS17004: Cannot use JSX unless the '--jsx' flag is provided.
apps/web/src/app/[locale]/monitor/scheduler/page.tsx(166,11): error TS17004: Cannot use JSX unless the '--jsx' flag is provided.
apps/web/src/app/[locale]/monitor/scheduler/page.tsx(167,11): error TS17004: Cannot use JSX unless the '--jsx' flag is provided.
apps/web/src/app/[locale]/monitor/scheduler/page.tsx(169,15): error TS17004: Cannot use JSX unless the '--jsx' flag is provided.
apps/web/src/app/[locale]/monitor/scheduler/page.tsx(170,17): error TS17004: Cannot use JSX unless the '--jsx' flag is provided.
apps/web/src/app/[locale]/monitor/scheduler/page.tsx(171,17): error TS17004: Cannot use JSX unless the '--jsx' flag is provided.
apps/web/src/app/[locale]/monitor/scheduler/page.tsx(172,19): error TS17004: Cannot use JSX unless the '--jsx' flag is provided.
apps/web/src/app/[locale]/monitor/scheduler/page.tsx(173,21): error TS17004: Cannot use JSX unless the '--jsx' flag is provided.
apps/web/src/app/[locale]/monitor/scheduler/page.tsx(174,21): error TS17004: Cannot use JSX unless the '--jsx' flag is provided.
apps/web/src/app/[locale]/monitor/scheduler/page.tsx(176,19): error TS17004: Cannot use JSX unless the '--jsx' flag is provided.
apps/web/src/app/[locale]/monitor/scheduler/page.tsx(177,21): error TS17004: Cannot use JSX unless the '--jsx' flag is provided.
apps/web/src/app/[locale]/monitor/scheduler/page.tsx(178,21): error TS17004: Cannot use JSX unless the '--jsx' flag is provided.
apps/web/src/app/[locale]/monitor/scheduler/page.tsx(180,19): error TS17004: Cannot use JSX unless the '--jsx' flag is provided.
apps/web/src/app/[locale]/monitor/scheduler/page.tsx(181,21): error TS17004: Cannot use JSX unless the '--jsx' flag is provided.
apps/web/src/app/[locale]/monitor/scheduler/page.tsx(182,21): error TS17004: Cannot use JSX unless the '--jsx' flag is provided.
apps/web/src/app/[locale]/monitor/scheduler/page.tsx(196,5): error TS17004: Cannot use JSX unless the '--jsx' flag is provided.
apps/web/src/app/[locale]/monitor/scheduler/page.tsx(196,25): error TS17004: Cannot use JSX unless the '--jsx' flag is provided.
apps/web/src/app/[locale]/monitor/scheduler/page.tsx(197,7): error TS17004: Cannot use JSX unless the '--jsx' flag is provided.
apps/web/src/app/[locale]/monitor/workers/page.tsx(4,39): error TS2307: Cannot find module '@/lib/apiClient' or its corresponding type declarations.
apps/web/src/app/[locale]/monitor/workers/page.tsx(13,22): error TS17004: Cannot use JSX unless the '--jsx' flag is provided.
apps/web/src/app/[locale]/monitor/workers/page.tsx(16,5): error TS17004: Cannot use JSX unless the '--jsx' flag is provided.
apps/web/src/app/[locale]/monitor/workers/page.tsx(17,7): error TS17004: Cannot use JSX unless the '--jsx' flag is provided.
apps/web/src/app/[locale]/monitor/workers/page.tsx(19,7): error TS17004: Cannot use JSX unless the '--jsx' flag is provided.
apps/web/src/app/[locale]/monitor/workers/page.tsx(20,9): error TS17004: Cannot use JSX unless the '--jsx' flag is provided.
apps/web/src/app/[locale]/monitor/workers/page.tsx(21,9): error TS17004: Cannot use JSX unless the '--jsx' flag is provided.
apps/web/src/app/[locale]/monitor/workers/page.tsx(22,9): error TS17004: Cannot use JSX unless the '--jsx' flag is provided.
apps/web/src/app/[locale]/monitor/workers/page.tsx(23,9): error TS17004: Cannot use JSX unless the '--jsx' flag is provided.
apps/web/src/app/[locale]/monitor/workers/page.tsx(24,9): error TS17004: Cannot use JSX unless the '--jsx' flag is provided.
apps/web/src/app/[locale]/monitor/workers/page.tsx(27,7): error TS17004: Cannot use JSX unless the '--jsx' flag is provided.
apps/web/src/app/[locale]/monitor/workers/page.tsx(28,9): error TS17004: Cannot use JSX unless the '--jsx' flag is provided.
apps/web/src/app/[locale]/monitor/workers/page.tsx(29,11): error TS17004: Cannot use JSX unless the '--jsx' flag is provided.
apps/web/src/app/[locale]/monitor/workers/page.tsx(30,13): error TS17004: Cannot use JSX unless the '--jsx' flag is provided.
apps/web/src/app/[locale]/monitor/workers/page.tsx(31,13): error TS17004: Cannot use JSX unless the '--jsx' flag is provided.
apps/web/src/app/[locale]/monitor/workers/page.tsx(32,13): error TS17004: Cannot use JSX unless the '--jsx' flag is provided.
apps/web/src/app/[locale]/monitor/workers/page.tsx(33,13): error TS17004: Cannot use JSX unless the '--jsx' flag is provided.
apps/web/src/app/[locale]/monitor/workers/page.tsx(35,13): error TS17004: Cannot use JSX unless the '--jsx' flag is provided.
apps/web/src/app/[locale]/monitor/workers/page.tsx(36,13): error TS17004: Cannot use JSX unless the '--jsx' flag is provided.
apps/web/src/app/[locale]/monitor/workers/page.tsx(39,9): error TS17004: Cannot use JSX unless the '--jsx' flag is provided.
apps/web/src/app/[locale]/monitor/workers/page.tsx(41,13): error TS17004: Cannot use JSX unless the '--jsx' flag is provided.
apps/web/src/app/[locale]/monitor/workers/page.tsx(42,15): error TS17004: Cannot use JSX unless the '--jsx' flag is provided.
apps/web/src/app/[locale]/monitor/workers/page.tsx(43,15): error TS17004: Cannot use JSX unless the '--jsx' flag is provided.
apps/web/src/app/[locale]/monitor/workers/page.tsx(44,15): error TS17004: Cannot use JSX unless the '--jsx' flag is provided.
apps/web/src/app/[locale]/monitor/workers/page.tsx(45,15): error TS17004: Cannot use JSX unless the '--jsx' flag is provided.
apps/web/src/app/[locale]/monitor/workers/page.tsx(47,15): error TS17004: Cannot use JSX unless the '--jsx' flag is provided.
apps/web/src/app/[locale]/monitor/workers/page.tsx(48,15): error TS17004: Cannot use JSX unless the '--jsx' flag is provided.
apps/web/src/app/[locale]/Nav.tsx(5,30): error TS2307: Cannot find module '@/components/LanguageSwitcher' or its corresponding type declarations.
apps/web/src/app/[locale]/Nav.tsx(6,25): error TS2307: Cannot find module '@/components/UserNav' or its corresponding type declarations.
apps/web/src/app/[locale]/Nav.tsx(9,24): error TS2307: Cannot find module '@/components/_legacy/ui/Button' or its corresponding type declarations.
apps/web/src/app/[locale]/Nav.tsx(20,5): error TS17004: Cannot use JSX unless the '--jsx' flag is provided.
apps/web/src/app/[locale]/Nav.tsx(34,7): error TS17004: Cannot use JSX unless the '--jsx' flag is provided.
apps/web/src/app/[locale]/Nav.tsx(35,9): error TS17004: Cannot use JSX unless the '--jsx' flag is provided.
apps/web/src/app/[locale]/Nav.tsx(46,9): error TS17004: Cannot use JSX unless the '--jsx' flag is provided.
apps/web/src/app/[locale]/Nav.tsx(51,7): error TS17004: Cannot use JSX unless the '--jsx' flag is provided.
apps/web/src/app/[locale]/Nav.tsx(53,11): error TS17004: Cannot use JSX unless the '--jsx' flag is provided.
apps/web/src/app/[locale]/Nav.tsx(63,13): error TS17004: Cannot use JSX unless the '--jsx' flag is provided.
apps/web/src/app/[locale]/Nav.tsx(66,13): error TS17004: Cannot use JSX unless the '--jsx' flag is provided.
apps/web/src/app/[locale]/Nav.tsx(69,13): error TS17004: Cannot use JSX unless the '--jsx' flag is provided.
apps/web/src/app/[locale]/Nav.tsx(72,13): error TS17004: Cannot use JSX unless the '--jsx' flag is provided.
apps/web/src/app/[locale]/Nav.tsx(82,9): error TS17004: Cannot use JSX unless the '--jsx' flag is provided.
apps/web/src/app/[locale]/Nav.tsx(83,9): error TS17004: Cannot use JSX unless the '--jsx' flag is provided.
apps/web/src/app/[locale]/Nav.tsx(84,9): error TS17004: Cannot use JSX unless the '--jsx' flag is provided.
apps/web/src/app/[locale]/page.tsx(1,29): error TS2307: Cannot find module '@/components/landing/LandingPage' or its corresponding type declarations.
apps/web/src/app/[locale]/page.tsx(14,10): error TS17004: Cannot use JSX unless the '--jsx' flag is provided.
apps/web/src/app/[locale]/platform/page.tsx(4,24): error TS2307: Cannot find module '@/components/_legacy/ui/Button' or its corresponding type declarations.
apps/web/src/app/[locale]/platform/page.tsx(10,5): error TS17004: Cannot use JSX unless the '--jsx' flag is provided.
apps/web/src/app/[locale]/platform/page.tsx(11,7): error TS17004: Cannot use JSX unless the '--jsx' flag is provided.
apps/web/src/app/[locale]/platform/page.tsx(12,7): error TS17004: Cannot use JSX unless the '--jsx' flag is provided.
apps/web/src/app/[locale]/platform/page.tsx(13,7): error TS17004: Cannot use JSX unless the '--jsx' flag is provided.
apps/web/src/app/[locale]/platform/page.tsx(17,7): error TS17004: Cannot use JSX unless the '--jsx' flag is provided.
apps/web/src/app/[locale]/privacy/page.tsx(4,24): error TS2307: Cannot find module '@/components/_legacy/ui/Button' or its corresponding type declarations.
apps/web/src/app/[locale]/privacy/page.tsx(10,5): error TS17004: Cannot use JSX unless the '--jsx' flag is provided.
apps/web/src/app/[locale]/privacy/page.tsx(11,7): error TS17004: Cannot use JSX unless the '--jsx' flag is provided.
apps/web/src/app/[locale]/privacy/page.tsx(12,7): error TS17004: Cannot use JSX unless the '--jsx' flag is provided.
apps/web/src/app/[locale]/privacy/page.tsx(13,7): error TS17004: Cannot use JSX unless the '--jsx' flag is provided.
apps/web/src/app/[locale]/projects/[projectId]/import-novel/page.tsx(5,51): error TS2307: Cannot find module '@/lib/apiClient' or its corresponding type declarations.
apps/web/src/app/[locale]/projects/[projectId]/import-novel/page.tsx(6,36): error TS2307: Cannot find module '@/lib/permissions' or its corresponding type declarations.
apps/web/src/app/[locale]/projects/[projectId]/import-novel/page.tsx(7,45): error TS2307: Cannot find module '@/lib/status' or its corresponding type declarations.
apps/web/src/app/[locale]/projects/[projectId]/import-novel/page.tsx(8,26): error TS2307: Cannot find module '@/components/engines/EngineFilter' or its corresponding type declarations.
apps/web/src/app/[locale]/projects/[projectId]/import-novel/page.tsx(9,32): error TS2307: Cannot find module '@/components/engines/EngineSummaryPanel' or its corresponding type declarations.
apps/web/src/app/[locale]/projects/[projectId]/import-novel/page.tsx(10,23): error TS2307: Cannot find module '@/components/engines/EngineTag' or its corresponding type declarations.
apps/web/src/app/[locale]/projects/[projectId]/import-novel/page.tsx(11,26): error TS2307: Cannot find module '@/components/engines/AdapterBadge' or its corresponding type declarations.
apps/web/src/app/[locale]/projects/[projectId]/import-novel/page.tsx(12,31): error TS2307: Cannot find module '@/components/quality/QualityScoreBadge' or its corresponding type declarations.
apps/web/src/app/[locale]/projects/[projectId]/import-novel/page.tsx(13,34): error TS2307: Cannot find module '@/components/project/ProjectStructureTree' or its corresponding type declarations.
apps/web/src/app/[locale]/projects/[projectId]/import-novel/page.tsx(377,5): error TS17004: Cannot use JSX unless the '--jsx' flag is provided.
apps/web/src/app/[locale]/projects/[projectId]/import-novel/page.tsx(385,7): error TS17004: Cannot use JSX unless the '--jsx' flag is provided.
apps/web/src/app/[locale]/projects/[projectId]/import-novel/page.tsx(393,9): error TS17004: Cannot use JSX unless the '--jsx' flag is provided.
apps/web/src/app/[locale]/projects/[projectId]/import-novel/page.tsx(394,11): error TS17004: Cannot use JSX unless the '--jsx' flag is provided.
apps/web/src/app/[locale]/projects/[projectId]/import-novel/page.tsx(397,11): error TS17004: Cannot use JSX unless the '--jsx' flag is provided.
apps/web/src/app/[locale]/projects/[projectId]/import-novel/page.tsx(401,9): error TS17004: Cannot use JSX unless the '--jsx' flag is provided.
apps/web/src/app/[locale]/projects/[projectId]/import-novel/page.tsx(416,9): error TS17004: Cannot use JSX unless the '--jsx' flag is provided.
apps/web/src/app/[locale]/projects/[projectId]/import-novel/page.tsx(430,9): error TS17004: Cannot use JSX unless the '--jsx' flag is provided.
apps/web/src/app/[locale]/projects/[projectId]/import-novel/page.tsx(444,7): error TS17004: Cannot use JSX unless the '--jsx' flag is provided.
apps/web/src/app/[locale]/projects/[projectId]/import-novel/page.tsx(446,9): error TS17004: Cannot use JSX unless the '--jsx' flag is provided.
apps/web/src/app/[locale]/projects/[projectId]/import-novel/page.tsx(448,11): error TS17004: Cannot use JSX unless the '--jsx' flag is provided.
apps/web/src/app/[locale]/projects/[projectId]/import-novel/page.tsx(457,13): error TS17004: Cannot use JSX unless the '--jsx' flag is provided.
apps/web/src/app/[locale]/projects/[projectId]/import-novel/page.tsx(460,13): error TS17004: Cannot use JSX unless the '--jsx' flag is provided.
apps/web/src/app/[locale]/projects/[projectId]/import-novel/page.tsx(468,15): error TS17004: Cannot use JSX unless the '--jsx' flag is provided.
apps/web/src/app/[locale]/projects/[projectId]/import-novel/page.tsx(482,15): error TS17004: Cannot use JSX unless the '--jsx' flag is provided.
apps/web/src/app/[locale]/projects/[projectId]/import-novel/page.tsx(499,15): error TS17004: Cannot use JSX unless the '--jsx' flag is provided.
apps/web/src/app/[locale]/projects/[projectId]/import-novel/page.tsx(500,17): error TS17004: Cannot use JSX unless the '--jsx' flag is provided.
apps/web/src/app/[locale]/projects/[projectId]/import-novel/page.tsx(504,17): error TS17004: Cannot use JSX unless the '--jsx' flag is provided.
apps/web/src/app/[locale]/projects/[projectId]/import-novel/page.tsx(518,19): error TS17004: Cannot use JSX unless the '--jsx' flag is provided.
apps/web/src/app/[locale]/projects/[projectId]/import-novel/page.tsx(527,19): error TS17004: Cannot use JSX unless the '--jsx' flag is provided.
apps/web/src/app/[locale]/projects/[projectId]/import-novel/page.tsx(533,19): error TS17004: Cannot use JSX unless the '--jsx' flag is provided.
apps/web/src/app/[locale]/projects/[projectId]/import-novel/page.tsx(534,21): error TS17004: Cannot use JSX unless the '--jsx' flag is provided.
apps/web/src/app/[locale]/projects/[projectId]/import-novel/page.tsx(537,21): error TS17004: Cannot use JSX unless the '--jsx' flag is provided.
apps/web/src/app/[locale]/projects/[projectId]/import-novel/page.tsx(546,23): error TS17004: Cannot use JSX unless the '--jsx' flag is provided.
apps/web/src/app/[locale]/projects/[projectId]/import-novel/page.tsx(558,21): error TS17004: Cannot use JSX unless the '--jsx' flag is provided.
apps/web/src/app/[locale]/projects/[projectId]/import-novel/page.tsx(565,15): error TS17004: Cannot use JSX unless the '--jsx' flag is provided.
apps/web/src/app/[locale]/projects/[projectId]/import-novel/page.tsx(566,17): error TS17004: Cannot use JSX unless the '--jsx' flag is provided.
apps/web/src/app/[locale]/projects/[projectId]/import-novel/page.tsx(569,17): error TS17004: Cannot use JSX unless the '--jsx' flag is provided.
apps/web/src/app/[locale]/projects/[projectId]/import-novel/page.tsx(588,17): error TS17004: Cannot use JSX unless the '--jsx' flag is provided.
apps/web/src/app/[locale]/projects/[projectId]/import-novel/page.tsx(608,11): error TS17004: Cannot use JSX unless the '--jsx' flag is provided.
apps/web/src/app/[locale]/projects/[projectId]/import-novel/page.tsx(617,13): error TS17004: Cannot use JSX unless the '--jsx' flag is provided.
apps/web/src/app/[locale]/projects/[projectId]/import-novel/page.tsx(619,13): error TS17004: Cannot use JSX unless the '--jsx' flag is provided.
apps/web/src/app/[locale]/projects/[projectId]/import-novel/page.tsx(628,15): error TS17004: Cannot use JSX unless the '--jsx' flag is provided.
apps/web/src/app/[locale]/projects/[projectId]/import-novel/page.tsx(629,15): error TS17004: Cannot use JSX unless the '--jsx' flag is provided.
apps/web/src/app/[locale]/projects/[projectId]/import-novel/page.tsx(643,15): error TS17004: Cannot use JSX unless the '--jsx' flag is provided.
apps/web/src/app/[locale]/projects/[projectId]/import-novel/page.tsx(644,15): error TS17004: Cannot use JSX unless the '--jsx' flag is provided.
apps/web/src/app/[locale]/projects/[projectId]/import-novel/page.tsx(659,15): error TS17004: Cannot use JSX unless the '--jsx' flag is provided.
apps/web/src/app/[locale]/projects/[projectId]/import-novel/page.tsx(660,15): error TS17004: Cannot use JSX unless the '--jsx' flag is provided.
apps/web/src/app/[locale]/projects/[projectId]/import-novel/page.tsx(674,21): error TS17004: Cannot use JSX unless the '--jsx' flag is provided.
apps/web/src/app/[locale]/projects/[projectId]/import-novel/page.tsx(681,13): error TS17004: Cannot use JSX unless the '--jsx' flag is provided.
apps/web/src/app/[locale]/projects/[projectId]/import-novel/page.tsx(682,15): error TS17004: Cannot use JSX unless the '--jsx' flag is provided.
apps/web/src/app/[locale]/projects/[projectId]/import-novel/page.tsx(699,17): error TS17004: Cannot use JSX unless the '--jsx' flag is provided.
apps/web/src/app/[locale]/projects/[projectId]/import-novel/page.tsx(716,17): error TS17004: Cannot use JSX unless the '--jsx' flag is provided.
apps/web/src/app/[locale]/projects/[projectId]/import-novel/page.tsx(723,13): error TS17004: Cannot use JSX unless the '--jsx' flag is provided.
apps/web/src/app/[locale]/projects/[projectId]/import-novel/page.tsx(732,15): error TS17004: Cannot use JSX unless the '--jsx' flag is provided.
apps/web/src/app/[locale]/projects/[projectId]/import-novel/page.tsx(733,15): error TS17004: Cannot use JSX unless the '--jsx' flag is provided.
apps/web/src/app/[locale]/projects/[projectId]/import-novel/page.tsx(737,15): error TS17004: Cannot use JSX unless the '--jsx' flag is provided.
apps/web/src/app/[locale]/projects/[projectId]/import-novel/page.tsx(755,21): error TS17004: Cannot use JSX unless the '--jsx' flag is provided.
apps/web/src/app/[locale]/projects/[projectId]/import-novel/page.tsx(765,23): error TS17004: Cannot use JSX unless the '--jsx' flag is provided.
apps/web/src/app/[locale]/projects/[projectId]/import-novel/page.tsx(773,25): error TS17004: Cannot use JSX unless the '--jsx' flag is provided.
apps/web/src/app/[locale]/projects/[projectId]/import-novel/page.tsx(779,27): error TS17004: Cannot use JSX unless the '--jsx' flag is provided.
apps/web/src/app/[locale]/projects/[projectId]/import-novel/page.tsx(783,23): error TS17004: Cannot use JSX unless the '--jsx' flag is provided.
apps/web/src/app/[locale]/projects/[projectId]/import-novel/page.tsx(791,25): error TS17004: Cannot use JSX unless the '--jsx' flag is provided.
apps/web/src/app/[locale]/projects/[projectId]/import-novel/page.tsx(799,27): error TS17004: Cannot use JSX unless the '--jsx' flag is provided.
apps/web/src/app/[locale]/projects/[projectId]/import-novel/page.tsx(800,29): error TS17004: Cannot use JSX unless the '--jsx' flag is provided.
apps/web/src/app/[locale]/projects/[projectId]/import-novel/page.tsx(801,29): error TS17004: Cannot use JSX unless the '--jsx' flag is provided.
apps/web/src/app/[locale]/projects/[projectId]/import-novel/page.tsx(805,27): error TS17004: Cannot use JSX unless the '--jsx' flag is provided.
apps/web/src/app/[locale]/projects/[projectId]/import-novel/page.tsx(806,29): error TS17004: Cannot use JSX unless the '--jsx' flag is provided.
apps/web/src/app/[locale]/projects/[projectId]/import-novel/page.tsx(807,29): error TS17004: Cannot use JSX unless the '--jsx' flag is provided.
apps/web/src/app/[locale]/projects/[projectId]/import-novel/page.tsx(823,11): error TS17004: Cannot use JSX unless the '--jsx' flag is provided.
apps/web/src/app/[locale]/projects/[projectId]/import-novel/page.tsx(831,13): error TS17004: Cannot use JSX unless the '--jsx' flag is provided.
apps/web/src/app/[locale]/projects/[projectId]/import-novel/page.tsx(839,15): error TS17004: Cannot use JSX unless the '--jsx' flag is provided.
apps/web/src/app/[locale]/projects/[projectId]/import-novel/page.tsx(840,17): error TS17004: Cannot use JSX unless the '--jsx' flag is provided.
apps/web/src/app/[locale]/projects/[projectId]/import-novel/page.tsx(841,17): error TS17004: Cannot use JSX unless the '--jsx' flag is provided.
apps/web/src/app/[locale]/projects/[projectId]/import-novel/page.tsx(846,15): error TS17004: Cannot use JSX unless the '--jsx' flag is provided.
apps/web/src/app/[locale]/projects/[projectId]/import-novel/page.tsx(862,15): error TS17004: Cannot use JSX unless the '--jsx' flag is provided.
apps/web/src/app/[locale]/projects/[projectId]/import-novel/page.tsx(868,15): error TS17004: Cannot use JSX unless the '--jsx' flag is provided.
apps/web/src/app/[locale]/projects/[projectId]/import-novel/page.tsx(875,17): error TS17004: Cannot use JSX unless the '--jsx' flag is provided.
apps/web/src/app/[locale]/projects/[projectId]/import-novel/page.tsx(876,19): error TS17004: Cannot use JSX unless the '--jsx' flag is provided.
apps/web/src/app/[locale]/projects/[projectId]/import-novel/page.tsx(877,21): error TS17004: Cannot use JSX unless the '--jsx' flag is provided.
apps/web/src/app/[locale]/projects/[projectId]/import-novel/page.tsx(886,21): error TS17004: Cannot use JSX unless the '--jsx' flag is provided.
apps/web/src/app/[locale]/projects/[projectId]/import-novel/page.tsx(895,21): error TS17004: Cannot use JSX unless the '--jsx' flag is provided.
apps/web/src/app/[locale]/projects/[projectId]/import-novel/page.tsx(904,21): error TS17004: Cannot use JSX unless the '--jsx' flag is provided.
apps/web/src/app/[locale]/projects/[projectId]/import-novel/page.tsx(914,21): error TS17004: Cannot use JSX unless the '--jsx' flag is provided.
apps/web/src/app/[locale]/projects/[projectId]/import-novel/page.tsx(923,21): error TS17004: Cannot use JSX unless the '--jsx' flag is provided.
apps/web/src/app/[locale]/projects/[projectId]/import-novel/page.tsx(932,21): error TS17004: Cannot use JSX unless the '--jsx' flag is provided.
apps/web/src/app/[locale]/projects/[projectId]/import-novel/page.tsx(941,21): error TS17004: Cannot use JSX unless the '--jsx' flag is provided.
apps/web/src/app/[locale]/projects/[projectId]/import-novel/page.tsx(950,21): error TS17004: Cannot use JSX unless the '--jsx' flag is provided.
apps/web/src/app/[locale]/projects/[projectId]/import-novel/page.tsx(959,21): error TS17004: Cannot use JSX unless the '--jsx' flag is provided.
apps/web/src/app/[locale]/projects/[projectId]/import-novel/page.tsx(970,17): error TS17004: Cannot use JSX unless the '--jsx' flag is provided.
apps/web/src/app/[locale]/projects/[projectId]/import-novel/page.tsx(972,21): error TS17004: Cannot use JSX unless the '--jsx' flag is provided.
apps/web/src/app/[locale]/projects/[projectId]/import-novel/page.tsx(973,23): error TS17004: Cannot use JSX unless the '--jsx' flag is provided.
apps/web/src/app/[locale]/projects/[projectId]/import-novel/page.tsx(999,25): error TS17004: Cannot use JSX unless the '--jsx' flag is provided.
apps/web/src/app/[locale]/projects/[projectId]/import-novel/page.tsx(1000,27): error TS17004: Cannot use JSX unless the '--jsx' flag is provided.
apps/web/src/app/[locale]/projects/[projectId]/import-novel/page.tsx(1001,29): error TS17004: Cannot use JSX unless the '--jsx' flag is provided.
apps/web/src/app/[locale]/projects/[projectId]/import-novel/page.tsx(1011,29): error TS17004: Cannot use JSX unless the '--jsx' flag is provided.
apps/web/src/app/[locale]/projects/[projectId]/import-novel/page.tsx(1014,29): error TS17004: Cannot use JSX unless the '--jsx' flag is provided.
apps/web/src/app/[locale]/projects/[projectId]/import-novel/page.tsx(1016,33): error TS17004: Cannot use JSX unless the '--jsx' flag is provided.
apps/web/src/app/[locale]/projects/[projectId]/import-novel/page.tsx(1023,29): error TS17004: Cannot use JSX unless the '--jsx' flag is provided.
apps/web/src/app/[locale]/projects/[projectId]/import-novel/page.tsx(1038,29): error TS17004: Cannot use JSX unless the '--jsx' flag is provided.
apps/web/src/app/[locale]/projects/[projectId]/import-novel/page.tsx(1048,29): error TS17004: Cannot use JSX unless the '--jsx' flag is provided.
apps/web/src/app/[locale]/projects/[projectId]/import-novel/page.tsx(1058,29): error TS17004: Cannot use JSX unless the '--jsx' flag is provided.
apps/web/src/app/[locale]/projects/[projectId]/import-novel/page.tsx(1067,33): error TS17004: Cannot use JSX unless the '--jsx' flag is provided.
apps/web/src/app/[locale]/projects/[projectId]/import-novel/page.tsx(1083,29): error TS17004: Cannot use JSX unless the '--jsx' flag is provided.
apps/web/src/app/[locale]/projects/[projectId]/import-novel/page.tsx(1093,29): error TS17004: Cannot use JSX unless the '--jsx' flag is provided.
apps/web/src/app/[locale]/projects/[projectId]/import-novel/page.tsx(1103,29): error TS17004: Cannot use JSX unless the '--jsx' flag is provided.
apps/web/src/app/[locale]/projects/[projectId]/import-novel/page.tsx(1104,31): error TS17004: Cannot use JSX unless the '--jsx' flag is provided.
apps/web/src/app/[locale]/projects/[projectId]/import-novel/page.tsx(1123,29): error TS17004: Cannot use JSX unless the '--jsx' flag is provided.
apps/web/src/app/[locale]/projects/[projectId]/import-novel/page.tsx(1124,31): error TS17004: Cannot use JSX unless the '--jsx' flag is provided.
apps/web/src/app/[locale]/projects/[projectId]/import-novel/page.tsx(1128,33): error TS17004: Cannot use JSX unless the '--jsx' flag is provided.
apps/web/src/app/[locale]/projects/[projectId]/import-novel/page.tsx(1135,35): error TS17004: Cannot use JSX unless the '--jsx' flag is provided.
apps/web/src/app/[locale]/projects/[projectId]/import-novel/page.tsx(1143,37): error TS17004: Cannot use JSX unless the '--jsx' flag is provided.
apps/web/src/app/[locale]/projects/[projectId]/import-novel/page.tsx(1152,37): error TS17004: Cannot use JSX unless the '--jsx' flag is provided.
apps/web/src/app/[locale]/projects/[projectId]/import-novel/page.tsx(1166,35): error TS17004: Cannot use JSX unless the '--jsx' flag is provided.
apps/web/src/app/[locale]/projects/[projectId]/import-novel/page.tsx(1174,37): error TS17004: Cannot use JSX unless the '--jsx' flag is provided.
apps/web/src/app/[locale]/projects/[projectId]/import-novel/page.tsx(1183,37): error TS17004: Cannot use JSX unless the '--jsx' flag is provided.
apps/web/src/app/[locale]/projects/[projectId]/import-novel/page.tsx(1195,39): error TS17004: Cannot use JSX unless the '--jsx' flag is provided.
apps/web/src/app/[locale]/projects/[projectId]/import-novel/page.tsx(1196,41): error TS17004: Cannot use JSX unless the '--jsx' flag is provided.
apps/web/src/app/[locale]/projects/[projectId]/import-novel/page.tsx(1206,41): error TS17004: Cannot use JSX unless the '--jsx' flag is provided.
apps/web/src/app/[locale]/projects/[projectId]/import-novel/page.tsx(1235,9): error TS17004: Cannot use JSX unless the '--jsx' flag is provided.
apps/web/src/app/[locale]/projects/[projectId]/import-novel/page.tsx(1236,11): error TS17004: Cannot use JSX unless the '--jsx' flag is provided.
apps/web/src/app/[locale]/projects/[projectId]/import/page.tsx(5,32): error TS2307: Cannot find module '@/lib/apiClient' or its corresponding type declarations.
apps/web/src/app/[locale]/projects/[projectId]/import/page.tsx(58,5): error TS17004: Cannot use JSX unless the '--jsx' flag is provided.
apps/web/src/app/[locale]/projects/[projectId]/import/page.tsx(59,7): error TS17004: Cannot use JSX unless the '--jsx' flag is provided.
apps/web/src/app/[locale]/projects/[projectId]/import/page.tsx(67,9): error TS17004: Cannot use JSX unless the '--jsx' flag is provided.
apps/web/src/app/[locale]/projects/[projectId]/import/page.tsx(68,9): error TS17004: Cannot use JSX unless the '--jsx' flag is provided.
apps/web/src/app/[locale]/projects/[projectId]/import/page.tsx(73,7): error TS17004: Cannot use JSX unless the '--jsx' flag is provided.
apps/web/src/app/[locale]/projects/[projectId]/import/page.tsx(74,9): error TS17004: Cannot use JSX unless the '--jsx' flag is provided.
apps/web/src/app/[locale]/projects/[projectId]/import/page.tsx(76,9): error TS17004: Cannot use JSX unless the '--jsx' flag is provided.
apps/web/src/app/[locale]/projects/[projectId]/import/page.tsx(93,17): error TS17004: Cannot use JSX unless the '--jsx' flag is provided.
apps/web/src/app/[locale]/projects/[projectId]/import/page.tsx(95,9): error TS17004: Cannot use JSX unless the '--jsx' flag is provided.
apps/web/src/app/[locale]/projects/[projectId]/import/page.tsx(105,7): error TS17004: Cannot use JSX unless the '--jsx' flag is provided.
apps/web/src/app/[locale]/projects/[projectId]/page-studio.tsx(5,28): error TS2307: Cannot find module '@/lib/apiClient' or its corresponding type declarations.
apps/web/src/app/[locale]/projects/[projectId]/page-studio.tsx(9,22): error TS2307: Cannot find module '@/components/studio/ShotWall' or its corresponding type declarations.
apps/web/src/app/[locale]/projects/[projectId]/page-studio.tsx(10,27): error TS2307: Cannot find module '@/components/studio/DirectorPanel' or its corresponding type declarations.
apps/web/src/app/[locale]/projects/[projectId]/page-studio.tsx(11,34): error TS2307: Cannot find module '@/components/project/ProjectStructureTree' or its corresponding type declarations.
apps/web/src/app/[locale]/projects/[projectId]/page-studio.tsx(108,23): error TS17004: Cannot use JSX unless the '--jsx' flag is provided.
apps/web/src/app/[locale]/projects/[projectId]/page-studio.tsx(111,5): error TS17004: Cannot use JSX unless the '--jsx' flag is provided.
apps/web/src/app/[locale]/projects/[projectId]/page-studio.tsx(113,7): error TS17004: Cannot use JSX unless the '--jsx' flag is provided.
apps/web/src/app/[locale]/projects/[projectId]/page-studio.tsx(114,9): error TS17004: Cannot use JSX unless the '--jsx' flag is provided.
apps/web/src/app/[locale]/projects/[projectId]/page-studio.tsx(115,11): error TS17004: Cannot use JSX unless the '--jsx' flag is provided.
apps/web/src/app/[locale]/projects/[projectId]/page-studio.tsx(118,11): error TS17004: Cannot use JSX unless the '--jsx' flag is provided.
apps/web/src/app/[locale]/projects/[projectId]/page-studio.tsx(119,11): error TS17004: Cannot use JSX unless the '--jsx' flag is provided.
apps/web/src/app/[locale]/projects/[projectId]/page-studio.tsx(120,11): error TS17004: Cannot use JSX unless the '--jsx' flag is provided.
apps/web/src/app/[locale]/projects/[projectId]/page-studio.tsx(122,9): error TS17004: Cannot use JSX unless the '--jsx' flag is provided.
apps/web/src/app/[locale]/projects/[projectId]/page-studio.tsx(123,11): error TS17004: Cannot use JSX unless the '--jsx' flag is provided.
apps/web/src/app/[locale]/projects/[projectId]/page-studio.tsx(130,7): error TS17004: Cannot use JSX unless the '--jsx' flag is provided.
apps/web/src/app/[locale]/projects/[projectId]/page-studio.tsx(132,9): error TS17004: Cannot use JSX unless the '--jsx' flag is provided.
apps/web/src/app/[locale]/projects/[projectId]/page-studio.tsx(133,11): error TS17004: Cannot use JSX unless the '--jsx' flag is provided.
apps/web/src/app/[locale]/projects/[projectId]/page-studio.tsx(137,11): error TS17004: Cannot use JSX unless the '--jsx' flag is provided.
apps/web/src/app/[locale]/projects/[projectId]/page-studio.tsx(139,15): error TS17004: Cannot use JSX unless the '--jsx' flag is provided.
apps/web/src/app/[locale]/projects/[projectId]/page-studio.tsx(140,17): error TS17004: Cannot use JSX unless the '--jsx' flag is provided.
apps/web/src/app/[locale]/projects/[projectId]/page-studio.tsx(144,19): error TS17004: Cannot use JSX unless the '--jsx' flag is provided.
apps/web/src/app/[locale]/projects/[projectId]/page-studio.tsx(145,21): error TS17004: Cannot use JSX unless the '--jsx' flag is provided.
apps/web/src/app/[locale]/projects/[projectId]/page-studio.tsx(149,23): error TS17004: Cannot use JSX unless the '--jsx' flag is provided.
apps/web/src/app/[locale]/projects/[projectId]/page-studio.tsx(168,9): error TS17004: Cannot use JSX unless the '--jsx' flag is provided.
apps/web/src/app/[locale]/projects/[projectId]/page-studio.tsx(169,11): error TS17004: Cannot use JSX unless the '--jsx' flag is provided.
apps/web/src/app/[locale]/projects/[projectId]/page-studio.tsx(177,9): error TS17004: Cannot use JSX unless the '--jsx' flag is provided.
apps/web/src/app/[locale]/projects/[projectId]/page-studio.tsx(178,11): error TS17004: Cannot use JSX unless the '--jsx' flag is provided.
apps/web/src/app/[locale]/projects/[projectId]/pipeline/page.tsx(5,29): error TS2307: Cannot find module '@/lib/apiClient' or its corresponding type declarations.
apps/web/src/app/[locale]/projects/[projectId]/pipeline/page.tsx(44,10): error TS17004: Cannot use JSX unless the '--jsx' flag is provided.
apps/web/src/app/[locale]/projects/[projectId]/pipeline/page.tsx(148,5): error TS17004: Cannot use JSX unless the '--jsx' flag is provided.
apps/web/src/app/[locale]/projects/[projectId]/pipeline/page.tsx(149,7): error TS17004: Cannot use JSX unless the '--jsx' flag is provided.
apps/web/src/app/[locale]/projects/[projectId]/pipeline/page.tsx(150,9): error TS17004: Cannot use JSX unless the '--jsx' flag is provided.
apps/web/src/app/[locale]/projects/[projectId]/pipeline/page.tsx(151,11): error TS17004: Cannot use JSX unless the '--jsx' flag is provided.
apps/web/src/app/[locale]/projects/[projectId]/pipeline/page.tsx(152,11): error TS17004: Cannot use JSX unless the '--jsx' flag is provided.
apps/web/src/app/[locale]/projects/[projectId]/pipeline/page.tsx(157,9): error TS17004: Cannot use JSX unless the '--jsx' flag is provided.
apps/web/src/app/[locale]/projects/[projectId]/pipeline/page.tsx(158,11): error TS17004: Cannot use JSX unless the '--jsx' flag is provided.
apps/web/src/app/[locale]/projects/[projectId]/pipeline/page.tsx(161,11): error TS17004: Cannot use JSX unless the '--jsx' flag is provided.
apps/web/src/app/[locale]/projects/[projectId]/pipeline/page.tsx(172,7): error TS17004: Cannot use JSX unless the '--jsx' flag is provided.
apps/web/src/app/[locale]/projects/[projectId]/pipeline/page.tsx(173,9): error TS17004: Cannot use JSX unless the '--jsx' flag is provided.
apps/web/src/app/[locale]/projects/[projectId]/pipeline/page.tsx(174,9): error TS17004: Cannot use JSX unless the '--jsx' flag is provided.
apps/web/src/app/[locale]/projects/[projectId]/pipeline/page.tsx(182,14): error TS17004: Cannot use JSX unless the '--jsx' flag is provided.
apps/web/src/app/[locale]/projects/[projectId]/pipeline/page.tsx(184,7): error TS17004: Cannot use JSX unless the '--jsx' flag is provided.
apps/web/src/app/[locale]/projects/[projectId]/pipeline/page.tsx(185,9): error TS17004: Cannot use JSX unless the '--jsx' flag is provided.
apps/web/src/app/[locale]/projects/[projectId]/pipeline/page.tsx(186,11): error TS17004: Cannot use JSX unless the '--jsx' flag is provided.
apps/web/src/app/[locale]/projects/[projectId]/pipeline/page.tsx(187,11): error TS17004: Cannot use JSX unless the '--jsx' flag is provided.
apps/web/src/app/[locale]/projects/[projectId]/pipeline/page.tsx(191,11): error TS17004: Cannot use JSX unless the '--jsx' flag is provided.
apps/web/src/app/[locale]/projects/[projectId]/pipeline/page.tsx(193,11): error TS17004: Cannot use JSX unless the '--jsx' flag is provided.
apps/web/src/app/[locale]/projects/[projectId]/pipeline/page.tsx(194,13): error TS17004: Cannot use JSX unless the '--jsx' flag is provided.
apps/web/src/app/[locale]/projects/[projectId]/pipeline/page.tsx(195,15): error TS17004: Cannot use JSX unless the '--jsx' flag is provided.
apps/web/src/app/[locale]/projects/[projectId]/pipeline/page.tsx(196,17): error TS17004: Cannot use JSX unless the '--jsx' flag is provided.
apps/web/src/app/[locale]/projects/[projectId]/pipeline/page.tsx(197,19): error TS17004: Cannot use JSX unless the '--jsx' flag is provided.
apps/web/src/app/[locale]/projects/[projectId]/pipeline/page.tsx(198,19): error TS17004: Cannot use JSX unless the '--jsx' flag is provided.
apps/web/src/app/[locale]/projects/[projectId]/pipeline/page.tsx(199,19): error TS17004: Cannot use JSX unless the '--jsx' flag is provided.
apps/web/src/app/[locale]/projects/[projectId]/pipeline/page.tsx(200,19): error TS17004: Cannot use JSX unless the '--jsx' flag is provided.
apps/web/src/app/[locale]/projects/[projectId]/pipeline/page.tsx(201,19): error TS17004: Cannot use JSX unless the '--jsx' flag is provided.
apps/web/src/app/[locale]/projects/[projectId]/pipeline/page.tsx(202,19): error TS17004: Cannot use JSX unless the '--jsx' flag is provided.
apps/web/src/app/[locale]/projects/[projectId]/pipeline/page.tsx(205,15): error TS17004: Cannot use JSX unless the '--jsx' flag is provided.
apps/web/src/app/[locale]/projects/[projectId]/pipeline/page.tsx(207,19): error TS17004: Cannot use JSX unless the '--jsx' flag is provided.
apps/web/src/app/[locale]/projects/[projectId]/pipeline/page.tsx(208,21): error TS17004: Cannot use JSX unless the '--jsx' flag is provided.
apps/web/src/app/[locale]/projects/[projectId]/pipeline/page.tsx(209,21): error TS17004: Cannot use JSX unless the '--jsx' flag is provided.
apps/web/src/app/[locale]/projects/[projectId]/pipeline/page.tsx(210,23): error TS17004: Cannot use JSX unless the '--jsx' flag is provided.
apps/web/src/app/[locale]/projects/[projectId]/pipeline/page.tsx(211,23): error TS17004: Cannot use JSX unless the '--jsx' flag is provided.
apps/web/src/app/[locale]/projects/[projectId]/pipeline/page.tsx(213,21): error TS17004: Cannot use JSX unless the '--jsx' flag is provided.
apps/web/src/app/[locale]/projects/[projectId]/pipeline/page.tsx(214,23): error TS17004: Cannot use JSX unless the '--jsx' flag is provided.
apps/web/src/app/[locale]/projects/[projectId]/pipeline/page.tsx(216,25): error TS17004: Cannot use JSX unless the '--jsx' flag is provided.
apps/web/src/app/[locale]/projects/[projectId]/pipeline/page.tsx(221,21): error TS17004: Cannot use JSX unless the '--jsx' flag is provided.
apps/web/src/app/[locale]/projects/[projectId]/pipeline/page.tsx(225,25): error TS17004: Cannot use JSX unless the '--jsx' flag is provided.
apps/web/src/app/[locale]/projects/[projectId]/pipeline/page.tsx(228,21): error TS17004: Cannot use JSX unless the '--jsx' flag is provided.
apps/web/src/app/[locale]/projects/[projectId]/pipeline/page.tsx(230,25): error TS17004: Cannot use JSX unless the '--jsx' flag is provided.
apps/web/src/app/[locale]/projects/[projectId]/pipeline/page.tsx(231,27): error TS17004: Cannot use JSX unless the '--jsx' flag is provided.
apps/web/src/app/[locale]/projects/[projectId]/pipeline/page.tsx(232,27): error TS17004: Cannot use JSX unless the '--jsx' flag is provided.
apps/web/src/app/[locale]/projects/[projectId]/pipeline/page.tsx(238,25): error TS17004: Cannot use JSX unless the '--jsx' flag is provided.
apps/web/src/app/[locale]/projects/[projectId]/pipeline/page.tsx(241,21): error TS17004: Cannot use JSX unless the '--jsx' flag is provided.
apps/web/src/app/[locale]/projects/[projectId]/pipeline/page.tsx(242,23): error TS17004: Cannot use JSX unless the '--jsx' flag is provided.
apps/web/src/app/[locale]/projects/[projectId]/pipeline/page.tsx(243,25): error TS17004: Cannot use JSX unless the '--jsx' flag is provided.
apps/web/src/app/[locale]/projects/[projectId]/pipeline/page.tsx(250,25): error TS17004: Cannot use JSX unless the '--jsx' flag is provided.
apps/web/src/app/[locale]/projects/[projectId]/pipeline/page.tsx(257,25): error TS17004: Cannot use JSX unless the '--jsx' flag is provided.
apps/web/src/app/[locale]/projects/[projectId]/pipeline/page.tsx(269,19): error TS17004: Cannot use JSX unless the '--jsx' flag is provided.
apps/web/src/app/[locale]/projects/[projectId]/pipeline/page.tsx(270,21): error TS17004: Cannot use JSX unless the '--jsx' flag is provided.
apps/web/src/app/[locale]/projects/[projectId]/quality/review-queue/page.tsx(5,28): error TS2307: Cannot find module '@/lib/apiClient' or its corresponding type declarations.
apps/web/src/app/[locale]/projects/[projectId]/quality/review-queue/page.tsx(69,5): error TS17004: Cannot use JSX unless the '--jsx' flag is provided.
apps/web/src/app/[locale]/projects/[projectId]/quality/review-queue/page.tsx(70,7): error TS17004: Cannot use JSX unless the '--jsx' flag is provided.
apps/web/src/app/[locale]/projects/[projectId]/quality/review-queue/page.tsx(78,9): error TS17004: Cannot use JSX unless the '--jsx' flag is provided.
apps/web/src/app/[locale]/projects/[projectId]/quality/review-queue/page.tsx(87,11): error TS17004: Cannot use JSX unless the '--jsx' flag is provided.
apps/web/src/app/[locale]/projects/[projectId]/quality/review-queue/page.tsx(90,11): error TS17004: Cannot use JSX unless the '--jsx' flag is provided.
apps/web/src/app/[locale]/projects/[projectId]/quality/review-queue/page.tsx(91,13): error TS17004: Cannot use JSX unless the '--jsx' flag is provided.
apps/web/src/app/[locale]/projects/[projectId]/quality/review-queue/page.tsx(96,15): error TS17004: Cannot use JSX unless the '--jsx' flag is provided.
apps/web/src/app/[locale]/projects/[projectId]/quality/review-queue/page.tsx(97,15): error TS17004: Cannot use JSX unless the '--jsx' flag is provided.
apps/web/src/app/[locale]/projects/[projectId]/quality/review-queue/page.tsx(99,13): error TS17004: Cannot use JSX unless the '--jsx' flag is provided.
apps/web/src/app/[locale]/projects/[projectId]/quality/review-queue/page.tsx(115,9): error TS17004: Cannot use JSX unless the '--jsx' flag is provided.
apps/web/src/app/[locale]/projects/[projectId]/quality/review-queue/page.tsx(117,13): error TS17004: Cannot use JSX unless the '--jsx' flag is provided.
apps/web/src/app/[locale]/projects/[projectId]/quality/review-queue/page.tsx(132,11): error TS17004: Cannot use JSX unless the '--jsx' flag is provided.
apps/web/src/app/[locale]/projects/[projectId]/quality/review-queue/page.tsx(133,13): error TS17004: Cannot use JSX unless the '--jsx' flag is provided.
apps/web/src/app/[locale]/projects/[projectId]/quality/review-queue/page.tsx(134,15): error TS17004: Cannot use JSX unless the '--jsx' flag is provided.
apps/web/src/app/[locale]/projects/[projectId]/quality/review-queue/page.tsx(135,17): error TS17004: Cannot use JSX unless the '--jsx' flag is provided.
apps/web/src/app/[locale]/projects/[projectId]/quality/review-queue/page.tsx(136,19): error TS17004: Cannot use JSX unless the '--jsx' flag is provided.
apps/web/src/app/[locale]/projects/[projectId]/quality/review-queue/page.tsx(137,19): error TS17004: Cannot use JSX unless the '--jsx' flag is provided.
apps/web/src/app/[locale]/projects/[projectId]/quality/review-queue/page.tsx(138,19): error TS17004: Cannot use JSX unless the '--jsx' flag is provided.
apps/web/src/app/[locale]/projects/[projectId]/quality/review-queue/page.tsx(139,19): error TS17004: Cannot use JSX unless the '--jsx' flag is provided.
apps/web/src/app/[locale]/projects/[projectId]/quality/review-queue/page.tsx(140,19): error TS17004: Cannot use JSX unless the '--jsx' flag is provided.
apps/web/src/app/[locale]/projects/[projectId]/quality/review-queue/page.tsx(141,19): error TS17004: Cannot use JSX unless the '--jsx' flag is provided.
apps/web/src/app/[locale]/projects/[projectId]/quality/review-queue/page.tsx(144,15): error TS17004: Cannot use JSX unless the '--jsx' flag is provided.
apps/web/src/app/[locale]/projects/[projectId]/quality/review-queue/page.tsx(146,19): error TS17004: Cannot use JSX unless the '--jsx' flag is provided.
apps/web/src/app/[locale]/projects/[projectId]/quality/review-queue/page.tsx(147,21): error TS17004: Cannot use JSX unless the '--jsx' flag is provided.
apps/web/src/app/[locale]/projects/[projectId]/quality/review-queue/page.tsx(160,23): error TS17004: Cannot use JSX unless the '--jsx' flag is provided.
apps/web/src/app/[locale]/projects/[projectId]/quality/review-queue/page.tsx(161,25): error TS17004: Cannot use JSX unless the '--jsx' flag is provided.
apps/web/src/app/[locale]/projects/[projectId]/quality/review-queue/page.tsx(164,25): error TS17004: Cannot use JSX unless the '--jsx' flag is provided.
apps/web/src/app/[locale]/projects/[projectId]/quality/review-queue/page.tsx(165,27): error TS17004: Cannot use JSX unless the '--jsx' flag is provided.
apps/web/src/app/[locale]/projects/[projectId]/quality/review-queue/page.tsx(167,25): error TS17004: Cannot use JSX unless the '--jsx' flag is provided.
apps/web/src/app/[locale]/projects/[projectId]/quality/review-queue/page.tsx(169,29): error TS17004: Cannot use JSX unless the '--jsx' flag is provided.
apps/web/src/app/[locale]/projects/[projectId]/quality/review-queue/page.tsx(173,29): error TS17004: Cannot use JSX unless the '--jsx' flag is provided.
apps/web/src/app/[locale]/projects/[projectId]/quality/review-queue/page.tsx(176,25): error TS17004: Cannot use JSX unless the '--jsx' flag is provided.
apps/web/src/app/[locale]/projects/[projectId]/quality/review-queue/page.tsx(178,29): error TS17004: Cannot use JSX unless the '--jsx' flag is provided.
apps/web/src/app/[locale]/projects/[projectId]/quality/review-queue/page.tsx(192,25): error TS17004: Cannot use JSX unless the '--jsx' flag is provided.
apps/web/src/app/[locale]/projects/[projectId]/quality/review-queue/page.tsx(193,27): error TS17004: Cannot use JSX unless the '--jsx' flag is provided.
apps/web/src/app/[locale]/projects/[projectId]/quality/review-queue/page.tsx(194,27): error TS17004: Cannot use JSX unless the '--jsx' flag is provided.
apps/web/src/app/[locale]/projects/[projectId]/quality/review-queue/page.tsx(205,25): error TS17004: Cannot use JSX unless the '--jsx' flag is provided.
apps/web/src/app/[locale]/projects/[projectId]/quality/review-queue/page.tsx(206,27): error TS17004: Cannot use JSX unless the '--jsx' flag is provided.
apps/web/src/app/[locale]/projects/[projectId]/quality/review-queue/page.tsx(254,10): error TS17004: Cannot use JSX unless the '--jsx' flag is provided.
apps/web/src/app/[locale]/projects/[projectId]/video/page.tsx(5,28): error TS2307: Cannot find module '@/lib/apiClient' or its corresponding type declarations.
apps/web/src/app/[locale]/projects/[projectId]/video/page.tsx(6,24): error TS2307: Cannot find module '@/components/_legacy/ui/Button' or its corresponding type declarations.
apps/web/src/app/[locale]/projects/[projectId]/video/page.tsx(88,5): error TS17004: Cannot use JSX unless the '--jsx' flag is provided.
apps/web/src/app/[locale]/projects/[projectId]/video/page.tsx(90,7): error TS17004: Cannot use JSX unless the '--jsx' flag is provided.
apps/web/src/app/[locale]/projects/[projectId]/video/page.tsx(91,9): error TS17004: Cannot use JSX unless the '--jsx' flag is provided.
apps/web/src/app/[locale]/projects/[projectId]/video/page.tsx(92,11): error TS17004: Cannot use JSX unless the '--jsx' flag is provided.
apps/web/src/app/[locale]/projects/[projectId]/video/page.tsx(93,11): error TS17004: Cannot use JSX unless the '--jsx' flag is provided.
apps/web/src/app/[locale]/projects/[projectId]/video/page.tsx(95,9): error TS17004: Cannot use JSX unless the '--jsx' flag is provided.
apps/web/src/app/[locale]/projects/[projectId]/video/page.tsx(101,7): error TS17004: Cannot use JSX unless the '--jsx' flag is provided.
apps/web/src/app/[locale]/projects/[projectId]/video/page.tsx(103,9): error TS17004: Cannot use JSX unless the '--jsx' flag is provided.
apps/web/src/app/[locale]/projects/[projectId]/video/page.tsx(104,11): error TS17004: Cannot use JSX unless the '--jsx' flag is provided.
apps/web/src/app/[locale]/projects/[projectId]/video/page.tsx(105,13): error TS17004: Cannot use JSX unless the '--jsx' flag is provided.
apps/web/src/app/[locale]/projects/[projectId]/video/page.tsx(108,13): error TS17004: Cannot use JSX unless the '--jsx' flag is provided.
apps/web/src/app/[locale]/projects/[projectId]/video/page.tsx(110,17): error TS17004: Cannot use JSX unless the '--jsx' flag is provided.
apps/web/src/app/[locale]/projects/[projectId]/video/page.tsx(115,17): error TS17004: Cannot use JSX unless the '--jsx' flag is provided.
apps/web/src/app/[locale]/projects/[projectId]/video/page.tsx(120,17): error TS17004: Cannot use JSX unless the '--jsx' flag is provided.
apps/web/src/app/[locale]/projects/[projectId]/video/page.tsx(127,11): error TS17004: Cannot use JSX unless the '--jsx' flag is provided.
apps/web/src/app/[locale]/projects/[projectId]/video/page.tsx(128,13): error TS17004: Cannot use JSX unless the '--jsx' flag is provided.
apps/web/src/app/[locale]/projects/[projectId]/video/page.tsx(131,13): error TS17004: Cannot use JSX unless the '--jsx' flag is provided.
apps/web/src/app/[locale]/projects/[projectId]/video/page.tsx(136,11): error TS17004: Cannot use JSX unless the '--jsx' flag is provided.
apps/web/src/app/[locale]/projects/[projectId]/video/page.tsx(137,13): error TS17004: Cannot use JSX unless the '--jsx' flag is provided.
apps/web/src/app/[locale]/projects/[projectId]/video/page.tsx(138,13): error TS17004: Cannot use JSX unless the '--jsx' flag is provided.
apps/web/src/app/[locale]/projects/[projectId]/video/page.tsx(141,11): error TS17004: Cannot use JSX unless the '--jsx' flag is provided.
apps/web/src/app/[locale]/projects/[projectId]/video/page.tsx(142,13): error TS17004: Cannot use JSX unless the '--jsx' flag is provided.
apps/web/src/app/[locale]/projects/[projectId]/video/page.tsx(144,13): error TS17004: Cannot use JSX unless the '--jsx' flag is provided.
apps/web/src/app/[locale]/projects/[projectId]/video/page.tsx(145,15): error TS17004: Cannot use JSX unless the '--jsx' flag is provided.
apps/web/src/app/[locale]/projects/[projectId]/video/page.tsx(151,11): error TS17004: Cannot use JSX unless the '--jsx' flag is provided.
apps/web/src/app/[locale]/projects/[projectId]/video/page.tsx(152,13): error TS17004: Cannot use JSX unless the '--jsx' flag is provided.
apps/web/src/app/[locale]/projects/[projectId]/video/page.tsx(154,13): error TS17004: Cannot use JSX unless the '--jsx' flag is provided.
apps/web/src/app/[locale]/projects/page.tsx(6,28): error TS2307: Cannot find module '@/lib/apiClient' or its corresponding type declarations.
apps/web/src/app/[locale]/projects/page.tsx(7,29): error TS2307: Cannot find module '@/components/project/ProjectCard' or its corresponding type declarations.
apps/web/src/app/[locale]/projects/page.tsx(8,24): error TS2307: Cannot find module '@/components/_legacy/ui/Button' or its corresponding type declarations.
apps/web/src/app/[locale]/projects/page.tsx(9,23): error TS2307: Cannot find module '@/components/ui/Input' or its corresponding type declarations.
apps/web/src/app/[locale]/projects/page.tsx(203,5): error TS17004: Cannot use JSX unless the '--jsx' flag is provided.
apps/web/src/app/[locale]/projects/page.tsx(205,7): error TS17004: Cannot use JSX unless the '--jsx' flag is provided.
apps/web/src/app/[locale]/projects/page.tsx(206,9): error TS17004: Cannot use JSX unless the '--jsx' flag is provided.
apps/web/src/app/[locale]/projects/page.tsx(207,11): error TS17004: Cannot use JSX unless the '--jsx' flag is provided.
apps/web/src/app/[locale]/projects/page.tsx(210,11): error TS17004: Cannot use JSX unless the '--jsx' flag is provided.
apps/web/src/app/[locale]/projects/page.tsx(212,9): error TS17004: Cannot use JSX unless the '--jsx' flag is provided.
apps/web/src/app/[locale]/projects/page.tsx(213,11): error TS17004: Cannot use JSX unless the '--jsx' flag is provided.
apps/web/src/app/[locale]/projects/page.tsx(221,11): error TS17004: Cannot use JSX unless the '--jsx' flag is provided.
apps/web/src/app/[locale]/projects/page.tsx(233,9): error TS17004: Cannot use JSX unless the '--jsx' flag is provided.
apps/web/src/app/[locale]/projects/page.tsx(249,9): error TS17004: Cannot use JSX unless the '--jsx' flag is provided.
apps/web/src/app/[locale]/projects/page.tsx(253,11): error TS17004: Cannot use JSX unless the '--jsx' flag is provided.
apps/web/src/app/[locale]/projects/page.tsx(263,13): error TS17004: Cannot use JSX unless the '--jsx' flag is provided.
apps/web/src/app/[locale]/projects/page.tsx(265,11): error TS17004: Cannot use JSX unless the '--jsx' flag is provided.
apps/web/src/app/[locale]/projects/page.tsx(268,9): error TS17004: Cannot use JSX unless the '--jsx' flag is provided.
apps/web/src/app/[locale]/projects/page.tsx(272,11): error TS17004: Cannot use JSX unless the '--jsx' flag is provided.
apps/web/src/app/[locale]/projects/page.tsx(286,11): error TS17004: Cannot use JSX unless the '--jsx' flag is provided.
apps/web/src/app/[locale]/projects/page.tsx(287,13): error TS17004: Cannot use JSX unless the '--jsx' flag is provided.
apps/web/src/app/[locale]/projects/page.tsx(288,13): error TS17004: Cannot use JSX unless the '--jsx' flag is provided.
apps/web/src/app/[locale]/projects/page.tsx(290,11): error TS17004: Cannot use JSX unless the '--jsx' flag is provided.
apps/web/src/app/[locale]/projects/page.tsx(291,13): error TS17004: Cannot use JSX unless the '--jsx' flag is provided.
apps/web/src/app/[locale]/projects/page.tsx(294,13): error TS17004: Cannot use JSX unless the '--jsx' flag is provided.
apps/web/src/app/[locale]/projects/page.tsx(305,9): error TS17004: Cannot use JSX unless the '--jsx' flag is provided.
apps/web/src/app/[locale]/projects/page.tsx(314,13): error TS17004: Cannot use JSX unless the '--jsx' flag is provided.
apps/web/src/app/[locale]/projects/page.tsx(331,9): error TS17004: Cannot use JSX unless the '--jsx' flag is provided.
apps/web/src/app/[locale]/projects/page.tsx(345,11): error TS17004: Cannot use JSX unless the '--jsx' flag is provided.
apps/web/src/app/[locale]/projects/page.tsx(355,13): error TS17004: Cannot use JSX unless the '--jsx' flag is provided.
apps/web/src/app/[locale]/projects/page.tsx(358,13): error TS17004: Cannot use JSX unless the '--jsx' flag is provided.
apps/web/src/app/[locale]/projects/page.tsx(362,15): error TS17004: Cannot use JSX unless the '--jsx' flag is provided.
apps/web/src/app/[locale]/projects/page.tsx(370,15): error TS17004: Cannot use JSX unless the '--jsx' flag is provided.
apps/web/src/app/[locale]/projects/page.tsx(371,17): error TS17004: Cannot use JSX unless the '--jsx' flag is provided.
apps/web/src/app/[locale]/projects/page.tsx(380,17): error TS17004: Cannot use JSX unless the '--jsx' flag is provided.
apps/web/src/app/[locale]/projects/page.tsx(400,15): error TS17004: Cannot use JSX unless the '--jsx' flag is provided.
apps/web/src/app/[locale]/projects/page.tsx(401,17): error TS17004: Cannot use JSX unless the '--jsx' flag is provided.
apps/web/src/app/[locale]/projects/page.tsx(409,17): error TS17004: Cannot use JSX unless the '--jsx' flag is provided.
apps/web/src/app/[locale]/register/page.tsx(5,25): error TS2307: Cannot find module '@/lib/apiClient' or its corresponding type declarations.
apps/web/src/app/[locale]/register/page.tsx(59,5): error TS17004: Cannot use JSX unless the '--jsx' flag is provided.
apps/web/src/app/[locale]/register/page.tsx(68,7): error TS17004: Cannot use JSX unless the '--jsx' flag is provided.
apps/web/src/app/[locale]/register/page.tsx(78,9): error TS17004: Cannot use JSX unless the '--jsx' flag is provided.
apps/web/src/app/[locale]/register/page.tsx(90,11): error TS17004: Cannot use JSX unless the '--jsx' flag is provided.
apps/web/src/app/[locale]/register/page.tsx(104,9): error TS17004: Cannot use JSX unless the '--jsx' flag is provided.
apps/web/src/app/[locale]/register/page.tsx(105,11): error TS17004: Cannot use JSX unless the '--jsx' flag is provided.
apps/web/src/app/[locale]/register/page.tsx(106,13): error TS17004: Cannot use JSX unless the '--jsx' flag is provided.
apps/web/src/app/[locale]/register/page.tsx(118,13): error TS17004: Cannot use JSX unless the '--jsx' flag is provided.
apps/web/src/app/[locale]/register/page.tsx(137,11): error TS17004: Cannot use JSX unless the '--jsx' flag is provided.
apps/web/src/app/[locale]/register/page.tsx(138,13): error TS17004: Cannot use JSX unless the '--jsx' flag is provided.
apps/web/src/app/[locale]/register/page.tsx(150,13): error TS17004: Cannot use JSX unless the '--jsx' flag is provided.
apps/web/src/app/[locale]/register/page.tsx(170,11): error TS17004: Cannot use JSX unless the '--jsx' flag is provided.
apps/web/src/app/[locale]/register/page.tsx(190,9): error TS17004: Cannot use JSX unless the '--jsx' flag is provided.
apps/web/src/app/[locale]/register/page.tsx(199,11): error TS17004: Cannot use JSX unless the '--jsx' flag is provided.
apps/web/src/app/[locale]/solutions/creator/page.tsx(4,24): error TS2307: Cannot find module '@/components/_legacy/ui/Button' or its corresponding type declarations.
apps/web/src/app/[locale]/solutions/creator/page.tsx(10,5): error TS17004: Cannot use JSX unless the '--jsx' flag is provided.
apps/web/src/app/[locale]/solutions/creator/page.tsx(11,7): error TS17004: Cannot use JSX unless the '--jsx' flag is provided.
apps/web/src/app/[locale]/solutions/creator/page.tsx(12,7): error TS17004: Cannot use JSX unless the '--jsx' flag is provided.
apps/web/src/app/[locale]/solutions/creator/page.tsx(13,9): error TS17004: Cannot use JSX unless the '--jsx' flag is provided.
apps/web/src/app/[locale]/solutions/creator/page.tsx(14,9): error TS17004: Cannot use JSX unless the '--jsx' flag is provided.
apps/web/src/app/[locale]/solutions/creator/page.tsx(15,9): error TS17004: Cannot use JSX unless the '--jsx' flag is provided.
apps/web/src/app/[locale]/solutions/creator/page.tsx(17,7): error TS17004: Cannot use JSX unless the '--jsx' flag is provided.
apps/web/src/app/[locale]/solutions/enterprise/page.tsx(4,24): error TS2307: Cannot find module '@/components/_legacy/ui/Button' or its corresponding type declarations.
apps/web/src/app/[locale]/solutions/enterprise/page.tsx(10,5): error TS17004: Cannot use JSX unless the '--jsx' flag is provided.
apps/web/src/app/[locale]/solutions/enterprise/page.tsx(11,7): error TS17004: Cannot use JSX unless the '--jsx' flag is provided.
apps/web/src/app/[locale]/solutions/enterprise/page.tsx(12,7): error TS17004: Cannot use JSX unless the '--jsx' flag is provided.
apps/web/src/app/[locale]/solutions/enterprise/page.tsx(13,9): error TS17004: Cannot use JSX unless the '--jsx' flag is provided.
apps/web/src/app/[locale]/solutions/enterprise/page.tsx(14,9): error TS17004: Cannot use JSX unless the '--jsx' flag is provided.
apps/web/src/app/[locale]/solutions/enterprise/page.tsx(15,9): error TS17004: Cannot use JSX unless the '--jsx' flag is provided.
apps/web/src/app/[locale]/solutions/enterprise/page.tsx(17,7): error TS17004: Cannot use JSX unless the '--jsx' flag is provided.
apps/web/src/app/[locale]/solutions/studio/page.tsx(4,24): error TS2307: Cannot find module '@/components/_legacy/ui/Button' or its corresponding type declarations.
apps/web/src/app/[locale]/solutions/studio/page.tsx(10,5): error TS17004: Cannot use JSX unless the '--jsx' flag is provided.
apps/web/src/app/[locale]/solutions/studio/page.tsx(11,7): error TS17004: Cannot use JSX unless the '--jsx' flag is provided.
apps/web/src/app/[locale]/solutions/studio/page.tsx(12,7): error TS17004: Cannot use JSX unless the '--jsx' flag is provided.
apps/web/src/app/[locale]/solutions/studio/page.tsx(13,9): error TS17004: Cannot use JSX unless the '--jsx' flag is provided.
apps/web/src/app/[locale]/solutions/studio/page.tsx(14,9): error TS17004: Cannot use JSX unless the '--jsx' flag is provided.
apps/web/src/app/[locale]/solutions/studio/page.tsx(15,9): error TS17004: Cannot use JSX unless the '--jsx' flag is provided.
apps/web/src/app/[locale]/solutions/studio/page.tsx(17,7): error TS17004: Cannot use JSX unless the '--jsx' flag is provided.
apps/web/src/app/[locale]/studio/commercial/page.tsx(67,3): error TS17004: Cannot use JSX unless the '--jsx' flag is provided.
apps/web/src/app/[locale]/studio/commercial/page.tsx(68,5): error TS17004: Cannot use JSX unless the '--jsx' flag is provided.
apps/web/src/app/[locale]/studio/commercial/page.tsx(81,5): error TS17004: Cannot use JSX unless the '--jsx' flag is provided.
apps/web/src/app/[locale]/studio/commercial/page.tsx(101,5): error TS17004: Cannot use JSX unless the '--jsx' flag is provided.
apps/web/src/app/[locale]/studio/commercial/page.tsx(102,7): error TS17004: Cannot use JSX unless the '--jsx' flag is provided.
apps/web/src/app/[locale]/studio/commercial/page.tsx(103,9): error TS17004: Cannot use JSX unless the '--jsx' flag is provided.
apps/web/src/app/[locale]/studio/commercial/page.tsx(104,11): error TS17004: Cannot use JSX unless the '--jsx' flag is provided.
apps/web/src/app/[locale]/studio/commercial/page.tsx(105,13): error TS17004: Cannot use JSX unless the '--jsx' flag is provided.
apps/web/src/app/[locale]/studio/commercial/page.tsx(106,13): error TS17004: Cannot use JSX unless the '--jsx' flag is provided.
apps/web/src/app/[locale]/studio/commercial/page.tsx(108,11): error TS17004: Cannot use JSX unless the '--jsx' flag is provided.
apps/web/src/app/[locale]/studio/commercial/page.tsx(110,9): error TS17004: Cannot use JSX unless the '--jsx' flag is provided.
apps/web/src/app/[locale]/studio/commercial/page.tsx(111,11): error TS17004: Cannot use JSX unless the '--jsx' flag is provided.
apps/web/src/app/[locale]/studio/commercial/page.tsx(112,11): error TS17004: Cannot use JSX unless the '--jsx' flag is provided.
apps/web/src/app/[locale]/studio/commercial/page.tsx(116,7): error TS17004: Cannot use JSX unless the '--jsx' flag is provided.
apps/web/src/app/[locale]/studio/commercial/page.tsx(117,9): error TS17004: Cannot use JSX unless the '--jsx' flag is provided.
apps/web/src/app/[locale]/studio/commercial/page.tsx(118,11): error TS17004: Cannot use JSX unless the '--jsx' flag is provided.
apps/web/src/app/[locale]/studio/commercial/page.tsx(119,11): error TS17004: Cannot use JSX unless the '--jsx' flag is provided.
apps/web/src/app/[locale]/studio/commercial/page.tsx(121,15): error TS17004: Cannot use JSX unless the '--jsx' flag is provided.
apps/web/src/app/[locale]/studio/commercial/page.tsx(125,17): error TS17004: Cannot use JSX unless the '--jsx' flag is provided.
apps/web/src/app/[locale]/studio/commercial/page.tsx(126,19): error TS17004: Cannot use JSX unless the '--jsx' flag is provided.
apps/web/src/app/[locale]/studio/commercial/page.tsx(129,19): error TS17004: Cannot use JSX unless the '--jsx' flag is provided.
apps/web/src/app/[locale]/studio/commercial/page.tsx(131,17): error TS17004: Cannot use JSX unless the '--jsx' flag is provided.
apps/web/src/app/[locale]/studio/commercial/page.tsx(132,33): error TS17004: Cannot use JSX unless the '--jsx' flag is provided.
apps/web/src/app/[locale]/studio/commercial/page.tsx(133,19): error TS17004: Cannot use JSX unless the '--jsx' flag is provided.
apps/web/src/app/[locale]/studio/commercial/page.tsx(140,9): error TS17004: Cannot use JSX unless the '--jsx' flag is provided.
apps/web/src/app/[locale]/studio/commercial/page.tsx(141,11): error TS17004: Cannot use JSX unless the '--jsx' flag is provided.
apps/web/src/app/[locale]/studio/commercial/page.tsx(142,11): error TS17004: Cannot use JSX unless the '--jsx' flag is provided.
apps/web/src/app/[locale]/studio/commercial/page.tsx(143,13): error TS17004: Cannot use JSX unless the '--jsx' flag is provided.
apps/web/src/app/[locale]/studio/commercial/page.tsx(144,15): error TS17004: Cannot use JSX unless the '--jsx' flag is provided.
apps/web/src/app/[locale]/studio/commercial/page.tsx(145,15): error TS17004: Cannot use JSX unless the '--jsx' flag is provided.
apps/web/src/app/[locale]/studio/commercial/page.tsx(147,13): error TS17004: Cannot use JSX unless the '--jsx' flag is provided.
apps/web/src/app/[locale]/studio/commercial/page.tsx(148,15): error TS17004: Cannot use JSX unless the '--jsx' flag is provided.
apps/web/src/app/[locale]/studio/commercial/page.tsx(149,15): error TS17004: Cannot use JSX unless the '--jsx' flag is provided.
apps/web/src/app/[locale]/studio/commercial/page.tsx(151,13): error TS17004: Cannot use JSX unless the '--jsx' flag is provided.
apps/web/src/app/[locale]/studio/commercial/page.tsx(152,15): error TS17004: Cannot use JSX unless the '--jsx' flag is provided.
apps/web/src/app/[locale]/studio/commercial/page.tsx(153,15): error TS17004: Cannot use JSX unless the '--jsx' flag is provided.
apps/web/src/app/[locale]/studio/commercial/page.tsx(155,13): error TS17004: Cannot use JSX unless the '--jsx' flag is provided.
apps/web/src/app/[locale]/studio/commercial/page.tsx(156,15): error TS17004: Cannot use JSX unless the '--jsx' flag is provided.
apps/web/src/app/[locale]/studio/commercial/page.tsx(157,15): error TS17004: Cannot use JSX unless the '--jsx' flag is provided.
apps/web/src/app/[locale]/studio/commercial/page.tsx(166,11): error TS17004: Cannot use JSX unless the '--jsx' flag is provided.
apps/web/src/app/[locale]/studio/commercial/page.tsx(167,13): error TS17004: Cannot use JSX unless the '--jsx' flag is provided.
apps/web/src/app/[locale]/studio/commercial/page.tsx(168,13): error TS17004: Cannot use JSX unless the '--jsx' flag is provided.
apps/web/src/app/[locale]/studio/commercial/page.tsx(169,15): error TS17004: Cannot use JSX unless the '--jsx' flag is provided.
apps/web/src/app/[locale]/studio/commercial/page.tsx(170,17): error TS17004: Cannot use JSX unless the '--jsx' flag is provided.
apps/web/src/app/[locale]/studio/commercial/page.tsx(178,7): error TS17004: Cannot use JSX unless the '--jsx' flag is provided.
apps/web/src/app/[locale]/studio/commercial/page.tsx(182,9): error TS17004: Cannot use JSX unless the '--jsx' flag is provided.
apps/web/src/app/[locale]/studio/commercial/page.tsx(189,9): error TS17004: Cannot use JSX unless the '--jsx' flag is provided.
apps/web/src/app/[locale]/studio/commercial/page.tsx(213,7): error TS17004: Cannot use JSX unless the '--jsx' flag is provided.
apps/web/src/app/[locale]/studio/commercial/page.tsx(219,7): error TS17004: Cannot use JSX unless the '--jsx' flag is provided.
apps/web/src/app/[locale]/studio/commercial/page.tsx(220,9): error TS17004: Cannot use JSX unless the '--jsx' flag is provided.
apps/web/src/app/[locale]/studio/commercial/page.tsx(221,11): error TS17004: Cannot use JSX unless the '--jsx' flag is provided.
apps/web/src/app/[locale]/studio/commercial/page.tsx(222,11): error TS17004: Cannot use JSX unless the '--jsx' flag is provided.
apps/web/src/app/[locale]/studio/commercial/page.tsx(224,9): error TS17004: Cannot use JSX unless the '--jsx' flag is provided.
apps/web/src/app/[locale]/studio/commercial/page.tsx(225,11): error TS17004: Cannot use JSX unless the '--jsx' flag is provided.
apps/web/src/app/[locale]/studio/commercial/page.tsx(226,11): error TS17004: Cannot use JSX unless the '--jsx' flag is provided.
apps/web/src/app/[locale]/studio/commercial/page.tsx(228,9): error TS17004: Cannot use JSX unless the '--jsx' flag is provided.
apps/web/src/app/[locale]/studio/commercial/page.tsx(229,11): error TS17004: Cannot use JSX unless the '--jsx' flag is provided.
apps/web/src/app/[locale]/studio/commercial/page.tsx(230,11): error TS17004: Cannot use JSX unless the '--jsx' flag is provided.
apps/web/src/app/[locale]/studio/commercial/page.tsx(232,9): error TS17004: Cannot use JSX unless the '--jsx' flag is provided.
apps/web/src/app/[locale]/studio/commercial/page.tsx(233,11): error TS17004: Cannot use JSX unless the '--jsx' flag is provided.
apps/web/src/app/[locale]/studio/commercial/page.tsx(234,11): error TS17004: Cannot use JSX unless the '--jsx' flag is provided.
apps/web/src/app/[locale]/studio/commercial/page.tsx(241,5): error TS17004: Cannot use JSX unless the '--jsx' flag is provided.
apps/web/src/app/[locale]/studio/commercial/page.tsx(257,5): error TS17004: Cannot use JSX unless the '--jsx' flag is provided.
apps/web/src/app/[locale]/studio/commercial/page.tsx(258,7): error TS17004: Cannot use JSX unless the '--jsx' flag is provided.
apps/web/src/app/[locale]/studio/commercial/page.tsx(259,9): error TS17004: Cannot use JSX unless the '--jsx' flag is provided.
apps/web/src/app/[locale]/studio/commercial/page.tsx(260,11): error TS17004: Cannot use JSX unless the '--jsx' flag is provided.
apps/web/src/app/[locale]/studio/commercial/page.tsx(261,11): error TS17004: Cannot use JSX unless the '--jsx' flag is provided.
apps/web/src/app/[locale]/studio/commercial/page.tsx(266,9): error TS17004: Cannot use JSX unless the '--jsx' flag is provided.
apps/web/src/app/[locale]/studio/commercial/page.tsx(267,11): error TS17004: Cannot use JSX unless the '--jsx' flag is provided.
apps/web/src/app/[locale]/studio/commercial/page.tsx(270,11): error TS17004: Cannot use JSX unless the '--jsx' flag is provided.
apps/web/src/app/[locale]/studio/commercial/page.tsx(273,9): error TS17004: Cannot use JSX unless the '--jsx' flag is provided.
apps/web/src/app/[locale]/studio/commercial/page.tsx(274,11): error TS17004: Cannot use JSX unless the '--jsx' flag is provided.
apps/web/src/app/[locale]/studio/commercial/page.tsx(276,13): error TS17004: Cannot use JSX unless the '--jsx' flag is provided.
apps/web/src/app/[locale]/studio/commercial/page.tsx(278,13): error TS17004: Cannot use JSX unless the '--jsx' flag is provided.
apps/web/src/app/[locale]/studio/jobs/page.tsx(5,24): error TS2307: Cannot find module '@/lib/apiClient' or its corresponding type declarations.
apps/web/src/app/[locale]/studio/jobs/page.tsx(6,45): error TS2307: Cannot find module '@/lib/status' or its corresponding type declarations.
apps/web/src/app/[locale]/studio/jobs/page.tsx(7,36): error TS2307: Cannot find module '@/lib/permissions' or its corresponding type declarations.
apps/web/src/app/[locale]/studio/jobs/page.tsx(8,26): error TS2307: Cannot find module '@/components/engines/EngineFilter' or its corresponding type declarations.
apps/web/src/app/[locale]/studio/jobs/page.tsx(9,32): error TS2307: Cannot find module '@/components/engines/EngineSummaryPanel' or its corresponding type declarations.
apps/web/src/app/[locale]/studio/jobs/page.tsx(10,32): error TS2307: Cannot find module '@/components/engines/EngineProfilePanel' or its corresponding type declarations.
apps/web/src/app/[locale]/studio/jobs/page.tsx(11,23): error TS2307: Cannot find module '@/components/engines/EngineTag' or its corresponding type declarations.
apps/web/src/app/[locale]/studio/jobs/page.tsx(12,26): error TS2307: Cannot find module '@/components/engines/AdapterBadge' or its corresponding type declarations.
apps/web/src/app/[locale]/studio/jobs/page.tsx(13,31): error TS2307: Cannot find module '@/components/quality/QualityScoreBadge' or its corresponding type declarations.
apps/web/src/app/[locale]/studio/jobs/page.tsx(14,29): error TS2307: Cannot find module '@/components/ui/StatusBadge' or its corresponding type declarations.
apps/web/src/app/[locale]/studio/jobs/page.tsx(15,30): error TS2307: Cannot find module '@/components/_legacy/ui/DetailDrawer' or its corresponding type declarations.
apps/web/src/app/[locale]/studio/jobs/page.tsx(366,5): error TS17004: Cannot use JSX unless the '--jsx' flag is provided.
apps/web/src/app/[locale]/studio/jobs/page.tsx(368,7): error TS17004: Cannot use JSX unless the '--jsx' flag is provided.
apps/web/src/app/[locale]/studio/jobs/page.tsx(377,9): error TS17004: Cannot use JSX unless the '--jsx' flag is provided.
apps/web/src/app/[locale]/studio/jobs/page.tsx(379,9): error TS17004: Cannot use JSX unless the '--jsx' flag is provided.
apps/web/src/app/[locale]/studio/jobs/page.tsx(380,11): error TS17004: Cannot use JSX unless the '--jsx' flag is provided.
apps/web/src/app/[locale]/studio/jobs/page.tsx(381,13): error TS17004: Cannot use JSX unless the '--jsx' flag is provided.
apps/web/src/app/[locale]/studio/jobs/page.tsx(391,13): error TS17004: Cannot use JSX unless the '--jsx' flag is provided.
apps/web/src/app/[locale]/studio/jobs/page.tsx(402,15): error TS17004: Cannot use JSX unless the '--jsx' flag is provided.
apps/web/src/app/[locale]/studio/jobs/page.tsx(403,15): error TS17004: Cannot use JSX unless the '--jsx' flag is provided.
apps/web/src/app/[locale]/studio/jobs/page.tsx(404,15): error TS17004: Cannot use JSX unless the '--jsx' flag is provided.
apps/web/src/app/[locale]/studio/jobs/page.tsx(405,15): error TS17004: Cannot use JSX unless the '--jsx' flag is provided.
apps/web/src/app/[locale]/studio/jobs/page.tsx(406,15): error TS17004: Cannot use JSX unless the '--jsx' flag is provided.
apps/web/src/app/[locale]/studio/jobs/page.tsx(407,15): error TS17004: Cannot use JSX unless the '--jsx' flag is provided.
apps/web/src/app/[locale]/studio/jobs/page.tsx(408,15): error TS17004: Cannot use JSX unless the '--jsx' flag is provided.
apps/web/src/app/[locale]/studio/jobs/page.tsx(409,15): error TS17004: Cannot use JSX unless the '--jsx' flag is provided.
apps/web/src/app/[locale]/studio/jobs/page.tsx(413,11): error TS17004: Cannot use JSX unless the '--jsx' flag is provided.
apps/web/src/app/[locale]/studio/jobs/page.tsx(414,13): error TS17004: Cannot use JSX unless the '--jsx' flag is provided.
apps/web/src/app/[locale]/studio/jobs/page.tsx(424,13): error TS17004: Cannot use JSX unless the '--jsx' flag is provided.
apps/web/src/app/[locale]/studio/jobs/page.tsx(435,15): error TS17004: Cannot use JSX unless the '--jsx' flag is provided.
apps/web/src/app/[locale]/studio/jobs/page.tsx(436,15): error TS17004: Cannot use JSX unless the '--jsx' flag is provided.
apps/web/src/app/[locale]/studio/jobs/page.tsx(437,15): error TS17004: Cannot use JSX unless the '--jsx' flag is provided.
apps/web/src/app/[locale]/studio/jobs/page.tsx(438,15): error TS17004: Cannot use JSX unless the '--jsx' flag is provided.
apps/web/src/app/[locale]/studio/jobs/page.tsx(439,15): error TS17004: Cannot use JSX unless the '--jsx' flag is provided.
apps/web/src/app/[locale]/studio/jobs/page.tsx(440,15): error TS17004: Cannot use JSX unless the '--jsx' flag is provided.
apps/web/src/app/[locale]/studio/jobs/page.tsx(441,15): error TS17004: Cannot use JSX unless the '--jsx' flag is provided.
apps/web/src/app/[locale]/studio/jobs/page.tsx(442,15): error TS17004: Cannot use JSX unless the '--jsx' flag is provided.
apps/web/src/app/[locale]/studio/jobs/page.tsx(446,11): error TS17004: Cannot use JSX unless the '--jsx' flag is provided.
apps/web/src/app/[locale]/studio/jobs/page.tsx(447,13): error TS17004: Cannot use JSX unless the '--jsx' flag is provided.
apps/web/src/app/[locale]/studio/jobs/page.tsx(457,13): error TS17004: Cannot use JSX unless the '--jsx' flag is provided.
apps/web/src/app/[locale]/studio/jobs/page.tsx(468,15): error TS17004: Cannot use JSX unless the '--jsx' flag is provided.
apps/web/src/app/[locale]/studio/jobs/page.tsx(469,15): error TS17004: Cannot use JSX unless the '--jsx' flag is provided.
apps/web/src/app/[locale]/studio/jobs/page.tsx(473,11): error TS17004: Cannot use JSX unless the '--jsx' flag is provided.
apps/web/src/app/[locale]/studio/jobs/page.tsx(474,13): error TS17004: Cannot use JSX unless the '--jsx' flag is provided.
apps/web/src/app/[locale]/studio/jobs/page.tsx(484,13): error TS17004: Cannot use JSX unless the '--jsx' flag is provided.
apps/web/src/app/[locale]/studio/jobs/page.tsx(495,15): error TS17004: Cannot use JSX unless the '--jsx' flag is provided.
apps/web/src/app/[locale]/studio/jobs/page.tsx(496,15): error TS17004: Cannot use JSX unless the '--jsx' flag is provided.
apps/web/src/app/[locale]/studio/jobs/page.tsx(497,15): error TS17004: Cannot use JSX unless the '--jsx' flag is provided.
apps/web/src/app/[locale]/studio/jobs/page.tsx(498,15): error TS17004: Cannot use JSX unless the '--jsx' flag is provided.
apps/web/src/app/[locale]/studio/jobs/page.tsx(499,15): error TS17004: Cannot use JSX unless the '--jsx' flag is provided.
apps/web/src/app/[locale]/studio/jobs/page.tsx(503,11): error TS17004: Cannot use JSX unless the '--jsx' flag is provided.
apps/web/src/app/[locale]/studio/jobs/page.tsx(504,13): error TS17004: Cannot use JSX unless the '--jsx' flag is provided.
apps/web/src/app/[locale]/studio/jobs/page.tsx(514,13): error TS17004: Cannot use JSX unless the '--jsx' flag is provided.
apps/web/src/app/[locale]/studio/jobs/page.tsx(529,11): error TS17004: Cannot use JSX unless the '--jsx' flag is provided.
apps/web/src/app/[locale]/studio/jobs/page.tsx(530,13): error TS17004: Cannot use JSX unless the '--jsx' flag is provided.
apps/web/src/app/[locale]/studio/jobs/page.tsx(540,13): error TS17004: Cannot use JSX unless the '--jsx' flag is provided.
apps/web/src/app/[locale]/studio/jobs/page.tsx(556,11): error TS17004: Cannot use JSX unless the '--jsx' flag is provided.
apps/web/src/app/[locale]/studio/jobs/page.tsx(557,13): error TS17004: Cannot use JSX unless the '--jsx' flag is provided.
apps/web/src/app/[locale]/studio/jobs/page.tsx(567,13): error TS17004: Cannot use JSX unless the '--jsx' flag is provided.
apps/web/src/app/[locale]/studio/jobs/page.tsx(578,11): error TS17004: Cannot use JSX unless the '--jsx' flag is provided.
apps/web/src/app/[locale]/studio/jobs/page.tsx(608,7): error TS17004: Cannot use JSX unless the '--jsx' flag is provided.
apps/web/src/app/[locale]/studio/jobs/page.tsx(610,9): error TS17004: Cannot use JSX unless the '--jsx' flag is provided.
apps/web/src/app/[locale]/studio/jobs/page.tsx(617,11): error TS17004: Cannot use JSX unless the '--jsx' flag is provided.
apps/web/src/app/[locale]/studio/jobs/page.tsx(621,9): error TS17004: Cannot use JSX unless the '--jsx' flag is provided.
apps/web/src/app/[locale]/studio/jobs/page.tsx(622,11): error TS17004: Cannot use JSX unless the '--jsx' flag is provided.
apps/web/src/app/[locale]/studio/jobs/page.tsx(638,13): error TS17004: Cannot use JSX unless the '--jsx' flag is provided.
apps/web/src/app/[locale]/studio/jobs/page.tsx(639,13): error TS17004: Cannot use JSX unless the '--jsx' flag is provided.
apps/web/src/app/[locale]/studio/jobs/page.tsx(642,13): error TS17004: Cannot use JSX unless the '--jsx' flag is provided.
apps/web/src/app/[locale]/studio/jobs/page.tsx(643,15): error TS17004: Cannot use JSX unless the '--jsx' flag is provided.
apps/web/src/app/[locale]/studio/jobs/page.tsx(652,9): error TS17004: Cannot use JSX unless the '--jsx' flag is provided.
apps/web/src/app/[locale]/studio/jobs/page.tsx(662,11): error TS17004: Cannot use JSX unless the '--jsx' flag is provided.
apps/web/src/app/[locale]/studio/jobs/page.tsx(663,13): error TS17004: Cannot use JSX unless the '--jsx' flag is provided.
apps/web/src/app/[locale]/studio/jobs/page.tsx(664,13): error TS17004: Cannot use JSX unless the '--jsx' flag is provided.
apps/web/src/app/[locale]/studio/jobs/page.tsx(666,11): error TS17004: Cannot use JSX unless the '--jsx' flag is provided.
apps/web/src/app/[locale]/studio/jobs/page.tsx(668,15): error TS17004: Cannot use JSX unless the '--jsx' flag is provided.
apps/web/src/app/[locale]/studio/jobs/page.tsx(669,17): error TS17004: Cannot use JSX unless the '--jsx' flag is provided.
apps/web/src/app/[locale]/studio/jobs/page.tsx(672,17): error TS17004: Cannot use JSX unless the '--jsx' flag is provided.
apps/web/src/app/[locale]/studio/jobs/page.tsx(684,11): error TS17004: Cannot use JSX unless the '--jsx' flag is provided.
apps/web/src/app/[locale]/studio/jobs/page.tsx(685,13): error TS17004: Cannot use JSX unless the '--jsx' flag is provided.
apps/web/src/app/[locale]/studio/jobs/page.tsx(686,13): error TS17004: Cannot use JSX unless the '--jsx' flag is provided.
apps/web/src/app/[locale]/studio/jobs/page.tsx(694,11): error TS17004: Cannot use JSX unless the '--jsx' flag is provided.
apps/web/src/app/[locale]/studio/jobs/page.tsx(704,13): error TS17004: Cannot use JSX unless the '--jsx' flag is provided.
apps/web/src/app/[locale]/studio/jobs/page.tsx(707,13): error TS17004: Cannot use JSX unless the '--jsx' flag is provided.
apps/web/src/app/[locale]/studio/jobs/page.tsx(722,13): error TS17004: Cannot use JSX unless the '--jsx' flag is provided.
apps/web/src/app/[locale]/studio/jobs/page.tsx(737,13): error TS17004: Cannot use JSX unless the '--jsx' flag is provided.
apps/web/src/app/[locale]/studio/jobs/page.tsx(752,13): error TS17004: Cannot use JSX unless the '--jsx' flag is provided.
apps/web/src/app/[locale]/studio/jobs/page.tsx(769,11): error TS17004: Cannot use JSX unless the '--jsx' flag is provided.
apps/web/src/app/[locale]/studio/jobs/page.tsx(774,9): error TS17004: Cannot use JSX unless the '--jsx' flag is provided.
apps/web/src/app/[locale]/studio/jobs/page.tsx(776,11): error TS17004: Cannot use JSX unless the '--jsx' flag is provided.
apps/web/src/app/[locale]/studio/jobs/page.tsx(778,13): error TS17004: Cannot use JSX unless the '--jsx' flag is provided.
apps/web/src/app/[locale]/studio/jobs/page.tsx(781,15): error TS17004: Cannot use JSX unless the '--jsx' flag is provided.
apps/web/src/app/[locale]/studio/jobs/page.tsx(784,15): error TS17004: Cannot use JSX unless the '--jsx' flag is provided.
apps/web/src/app/[locale]/studio/jobs/page.tsx(798,15): error TS17004: Cannot use JSX unless the '--jsx' flag is provided.
apps/web/src/app/[locale]/studio/jobs/page.tsx(815,15): error TS17004: Cannot use JSX unless the '--jsx' flag is provided.
apps/web/src/app/[locale]/studio/jobs/page.tsx(816,17): error TS17004: Cannot use JSX unless the '--jsx' flag is provided.
apps/web/src/app/[locale]/studio/jobs/page.tsx(817,19): error TS17004: Cannot use JSX unless the '--jsx' flag is provided.
apps/web/src/app/[locale]/studio/jobs/page.tsx(818,21): error TS17004: Cannot use JSX unless the '--jsx' flag is provided.
apps/web/src/app/[locale]/studio/jobs/page.tsx(819,23): error TS17004: Cannot use JSX unless the '--jsx' flag is provided.
apps/web/src/app/[locale]/studio/jobs/page.tsx(826,21): error TS17004: Cannot use JSX unless the '--jsx' flag is provided.
apps/web/src/app/[locale]/studio/jobs/page.tsx(829,21): error TS17004: Cannot use JSX unless the '--jsx' flag is provided.
apps/web/src/app/[locale]/studio/jobs/page.tsx(830,21): error TS17004: Cannot use JSX unless the '--jsx' flag is provided.
apps/web/src/app/[locale]/studio/jobs/page.tsx(832,21): error TS17004: Cannot use JSX unless the '--jsx' flag is provided.
apps/web/src/app/[locale]/studio/jobs/page.tsx(833,21): error TS17004: Cannot use JSX unless the '--jsx' flag is provided.
apps/web/src/app/[locale]/studio/jobs/page.tsx(834,21): error TS17004: Cannot use JSX unless the '--jsx' flag is provided.
apps/web/src/app/[locale]/studio/jobs/page.tsx(837,21): error TS17004: Cannot use JSX unless the '--jsx' flag is provided.
apps/web/src/app/[locale]/studio/jobs/page.tsx(840,21): error TS17004: Cannot use JSX unless the '--jsx' flag is provided.
apps/web/src/app/[locale]/studio/jobs/page.tsx(843,21): error TS17004: Cannot use JSX unless the '--jsx' flag is provided.
apps/web/src/app/[locale]/studio/jobs/page.tsx(846,21): error TS17004: Cannot use JSX unless the '--jsx' flag is provided.
apps/web/src/app/[locale]/studio/jobs/page.tsx(849,21): error TS17004: Cannot use JSX unless the '--jsx' flag is provided.
apps/web/src/app/[locale]/studio/jobs/page.tsx(852,21): error TS17004: Cannot use JSX unless the '--jsx' flag is provided.
apps/web/src/app/[locale]/studio/jobs/page.tsx(855,21): error TS17004: Cannot use JSX unless the '--jsx' flag is provided.
apps/web/src/app/[locale]/studio/jobs/page.tsx(856,21): error TS17004: Cannot use JSX unless the '--jsx' flag is provided.
apps/web/src/app/[locale]/studio/jobs/page.tsx(857,21): error TS17004: Cannot use JSX unless the '--jsx' flag is provided.
apps/web/src/app/[locale]/studio/jobs/page.tsx(860,17): error TS17004: Cannot use JSX unless the '--jsx' flag is provided.
apps/web/src/app/[locale]/studio/jobs/page.tsx(862,21): error TS17004: Cannot use JSX unless the '--jsx' flag is provided.
apps/web/src/app/[locale]/studio/jobs/page.tsx(874,23): error TS17004: Cannot use JSX unless the '--jsx' flag is provided.
apps/web/src/app/[locale]/studio/jobs/page.tsx(875,25): error TS17004: Cannot use JSX unless the '--jsx' flag is provided.
apps/web/src/app/[locale]/studio/jobs/page.tsx(882,23): error TS17004: Cannot use JSX unless the '--jsx' flag is provided.
apps/web/src/app/[locale]/studio/jobs/page.tsx(889,25): error TS17004: Cannot use JSX unless the '--jsx' flag is provided.
apps/web/src/app/[locale]/studio/jobs/page.tsx(901,23): error TS17004: Cannot use JSX unless the '--jsx' flag is provided.
apps/web/src/app/[locale]/studio/jobs/page.tsx(902,23): error TS17004: Cannot use JSX unless the '--jsx' flag is provided.
apps/web/src/app/[locale]/studio/jobs/page.tsx(903,25): error TS17004: Cannot use JSX unless the '--jsx' flag is provided.
apps/web/src/app/[locale]/studio/jobs/page.tsx(910,23): error TS17004: Cannot use JSX unless the '--jsx' flag is provided.
apps/web/src/app/[locale]/studio/jobs/page.tsx(911,25): error TS17004: Cannot use JSX unless the '--jsx' flag is provided.
apps/web/src/app/[locale]/studio/jobs/page.tsx(917,23): error TS17004: Cannot use JSX unless the '--jsx' flag is provided.
apps/web/src/app/[locale]/studio/jobs/page.tsx(919,27): error TS17004: Cannot use JSX unless the '--jsx' flag is provided.
apps/web/src/app/[locale]/studio/jobs/page.tsx(926,23): error TS17004: Cannot use JSX unless the '--jsx' flag is provided.
apps/web/src/app/[locale]/studio/jobs/page.tsx(928,27): error TS17004: Cannot use JSX unless the '--jsx' flag is provided.
apps/web/src/app/[locale]/studio/jobs/page.tsx(933,23): error TS17004: Cannot use JSX unless the '--jsx' flag is provided.
apps/web/src/app/[locale]/studio/jobs/page.tsx(934,25): error TS17004: Cannot use JSX unless the '--jsx' flag is provided.
apps/web/src/app/[locale]/studio/jobs/page.tsx(942,23): error TS17004: Cannot use JSX unless the '--jsx' flag is provided.
apps/web/src/app/[locale]/studio/jobs/page.tsx(945,23): error TS17004: Cannot use JSX unless the '--jsx' flag is provided.
apps/web/src/app/[locale]/studio/jobs/page.tsx(948,23): error TS17004: Cannot use JSX unless the '--jsx' flag is provided.
apps/web/src/app/[locale]/studio/jobs/page.tsx(949,23): error TS17004: Cannot use JSX unless the '--jsx' flag is provided.
apps/web/src/app/[locale]/studio/jobs/page.tsx(952,23): error TS17004: Cannot use JSX unless the '--jsx' flag is provided.
apps/web/src/app/[locale]/studio/jobs/page.tsx(955,23): error TS17004: Cannot use JSX unless the '--jsx' flag is provided.
apps/web/src/app/[locale]/studio/jobs/page.tsx(964,27): error TS17004: Cannot use JSX unless the '--jsx' flag is provided.
apps/web/src/app/[locale]/studio/jobs/page.tsx(979,23): error TS17004: Cannot use JSX unless the '--jsx' flag is provided.
apps/web/src/app/[locale]/studio/jobs/page.tsx(980,25): error TS17004: Cannot use JSX unless the '--jsx' flag is provided.
apps/web/src/app/[locale]/studio/jobs/page.tsx(982,27): error TS17004: Cannot use JSX unless the '--jsx' flag is provided.
apps/web/src/app/[locale]/studio/jobs/page.tsx(985,23): error TS17004: Cannot use JSX unless the '--jsx' flag is provided.
apps/web/src/app/[locale]/studio/jobs/page.tsx(986,25): error TS17004: Cannot use JSX unless the '--jsx' flag is provided.
apps/web/src/app/[locale]/studio/jobs/page.tsx(988,29): error TS17004: Cannot use JSX unless the '--jsx' flag is provided.
apps/web/src/app/[locale]/studio/jobs/page.tsx(1005,29): error TS17004: Cannot use JSX unless the '--jsx' flag is provided.
apps/web/src/app/[locale]/studio/jobs/page.tsx(1022,29): error TS17004: Cannot use JSX unless the '--jsx' flag is provided.
apps/web/src/app/[locale]/studio/jobs/page.tsx(1068,19): error TS17004: Cannot use JSX unless the '--jsx' flag is provided.
apps/web/src/app/[locale]/studio/jobs/page.tsx(1070,23): error TS17004: Cannot use JSX unless the '--jsx' flag is provided.
apps/web/src/app/[locale]/studio/jobs/page.tsx(1071,25): error TS17004: Cannot use JSX unless the '--jsx' flag is provided.
apps/web/src/app/[locale]/studio/jobs/page.tsx(1081,29): error TS17004: Cannot use JSX unless the '--jsx' flag is provided.
apps/web/src/app/[locale]/studio/jobs/page.tsx(1082,31): error TS17004: Cannot use JSX unless the '--jsx' flag is provided.
apps/web/src/app/[locale]/studio/jobs/page.tsx(1083,31): error TS17004: Cannot use JSX unless the '--jsx' flag is provided.
apps/web/src/app/[locale]/studio/jobs/page.tsx(1090,29): error TS17004: Cannot use JSX unless the '--jsx' flag is provided.
apps/web/src/app/[locale]/studio/jobs/page.tsx(1091,31): error TS17004: Cannot use JSX unless the '--jsx' flag is provided.
apps/web/src/app/[locale]/studio/jobs/page.tsx(1092,31): error TS17004: Cannot use JSX unless the '--jsx' flag is provided.
apps/web/src/app/[locale]/studio/jobs/page.tsx(1100,25): error TS17004: Cannot use JSX unless the '--jsx' flag is provided.
apps/web/src/app/[locale]/studio/jobs/page.tsx(1107,27): error TS17004: Cannot use JSX unless the '--jsx' flag is provided.
apps/web/src/app/[locale]/studio/jobs/page.tsx(1108,29): error TS17004: Cannot use JSX unless the '--jsx' flag is provided.
apps/web/src/app/[locale]/studio/jobs/page.tsx(1109,31): error TS17004: Cannot use JSX unless the '--jsx' flag is provided.
apps/web/src/app/[locale]/studio/jobs/page.tsx(1112,33): error TS17004: Cannot use JSX unless the '--jsx' flag is provided.
apps/web/src/app/[locale]/studio/jobs/page.tsx(1132,31): error TS17004: Cannot use JSX unless the '--jsx' flag is provided.
apps/web/src/app/[locale]/studio/jobs/page.tsx(1137,31): error TS17004: Cannot use JSX unless the '--jsx' flag is provided.
apps/web/src/app/[locale]/studio/jobs/page.tsx(1142,31): error TS17004: Cannot use JSX unless the '--jsx' flag is provided.
apps/web/src/app/[locale]/studio/jobs/page.tsx(1147,31): error TS17004: Cannot use JSX unless the '--jsx' flag is provided.
apps/web/src/app/[locale]/studio/jobs/page.tsx(1152,31): error TS17004: Cannot use JSX unless the '--jsx' flag is provided.
apps/web/src/app/[locale]/studio/jobs/page.tsx(1157,31): error TS17004: Cannot use JSX unless the '--jsx' flag is provided.
apps/web/src/app/[locale]/studio/jobs/page.tsx(1162,31): error TS17004: Cannot use JSX unless the '--jsx' flag is provided.
apps/web/src/app/[locale]/studio/jobs/page.tsx(1167,31): error TS17004: Cannot use JSX unless the '--jsx' flag is provided.
apps/web/src/app/[locale]/studio/jobs/page.tsx(1172,31): error TS17004: Cannot use JSX unless the '--jsx' flag is provided.
apps/web/src/app/[locale]/studio/jobs/page.tsx(1177,31): error TS17004: Cannot use JSX unless the '--jsx' flag is provided.
apps/web/src/app/[locale]/studio/jobs/page.tsx(1182,31): error TS17004: Cannot use JSX unless the '--jsx' flag is provided.
apps/web/src/app/[locale]/studio/jobs/page.tsx(1187,31): error TS17004: Cannot use JSX unless the '--jsx' flag is provided.
apps/web/src/app/[locale]/studio/jobs/page.tsx(1192,31): error TS17004: Cannot use JSX unless the '--jsx' flag is provided.
apps/web/src/app/[locale]/studio/jobs/page.tsx(1197,31): error TS17004: Cannot use JSX unless the '--jsx' flag is provided.
apps/web/src/app/[locale]/studio/jobs/page.tsx(1202,31): error TS17004: Cannot use JSX unless the '--jsx' flag is provided.
apps/web/src/app/[locale]/studio/jobs/page.tsx(1209,27): error TS17004: Cannot use JSX unless the '--jsx' flag is provided.
apps/web/src/app/[locale]/studio/jobs/page.tsx(1211,31): error TS17004: Cannot use JSX unless the '--jsx' flag is provided.
apps/web/src/app/[locale]/studio/jobs/page.tsx(1223,33): error TS17004: Cannot use JSX unless the '--jsx' flag is provided.
apps/web/src/app/[locale]/studio/jobs/page.tsx(1227,35): error TS17004: Cannot use JSX unless the '--jsx' flag is provided.
apps/web/src/app/[locale]/studio/jobs/page.tsx(1234,33): error TS17004: Cannot use JSX unless the '--jsx' flag is provided.
apps/web/src/app/[locale]/studio/jobs/page.tsx(1241,35): error TS17004: Cannot use JSX unless the '--jsx' flag is provided.
apps/web/src/app/[locale]/studio/jobs/page.tsx(1253,33): error TS17004: Cannot use JSX unless the '--jsx' flag is provided.
apps/web/src/app/[locale]/studio/jobs/page.tsx(1256,33): error TS17004: Cannot use JSX unless the '--jsx' flag is provided.
apps/web/src/app/[locale]/studio/jobs/page.tsx(1257,35): error TS17004: Cannot use JSX unless the '--jsx' flag is provided.
apps/web/src/app/[locale]/studio/jobs/page.tsx(1264,33): error TS17004: Cannot use JSX unless the '--jsx' flag is provided.
apps/web/src/app/[locale]/studio/jobs/page.tsx(1265,35): error TS17004: Cannot use JSX unless the '--jsx' flag is provided.
apps/web/src/app/[locale]/studio/jobs/page.tsx(1271,33): error TS17004: Cannot use JSX unless the '--jsx' flag is provided.
apps/web/src/app/[locale]/studio/jobs/page.tsx(1273,37): error TS17004: Cannot use JSX unless the '--jsx' flag is provided.
apps/web/src/app/[locale]/studio/jobs/page.tsx(1280,33): error TS17004: Cannot use JSX unless the '--jsx' flag is provided.
apps/web/src/app/[locale]/studio/jobs/page.tsx(1282,37): error TS17004: Cannot use JSX unless the '--jsx' flag is provided.
apps/web/src/app/[locale]/studio/jobs/page.tsx(1287,33): error TS17004: Cannot use JSX unless the '--jsx' flag is provided.
apps/web/src/app/[locale]/studio/jobs/page.tsx(1288,35): error TS17004: Cannot use JSX unless the '--jsx' flag is provided.
apps/web/src/app/[locale]/studio/jobs/page.tsx(1296,33): error TS17004: Cannot use JSX unless the '--jsx' flag is provided.
apps/web/src/app/[locale]/studio/jobs/page.tsx(1299,33): error TS17004: Cannot use JSX unless the '--jsx' flag is provided.
apps/web/src/app/[locale]/studio/jobs/page.tsx(1302,33): error TS17004: Cannot use JSX unless the '--jsx' flag is provided.
apps/web/src/app/[locale]/studio/jobs/page.tsx(1305,33): error TS17004: Cannot use JSX unless the '--jsx' flag is provided.
apps/web/src/app/[locale]/studio/jobs/page.tsx(1314,33): error TS17004: Cannot use JSX unless the '--jsx' flag is provided.
apps/web/src/app/[locale]/studio/jobs/page.tsx(1325,33): error TS17004: Cannot use JSX unless the '--jsx' flag is provided.
apps/web/src/app/[locale]/studio/jobs/page.tsx(1334,37): error TS17004: Cannot use JSX unless the '--jsx' flag is provided.
apps/web/src/app/[locale]/studio/jobs/page.tsx(1349,33): error TS17004: Cannot use JSX unless the '--jsx' flag is provided.
apps/web/src/app/[locale]/studio/jobs/page.tsx(1356,35): error TS17004: Cannot use JSX unless the '--jsx' flag is provided.
apps/web/src/app/[locale]/studio/jobs/page.tsx(1358,37): error TS17004: Cannot use JSX unless the '--jsx' flag is provided.
apps/web/src/app/[locale]/studio/jobs/page.tsx(1363,33): error TS17004: Cannot use JSX unless the '--jsx' flag is provided.
apps/web/src/app/[locale]/studio/jobs/page.tsx(1367,35): error TS17004: Cannot use JSX unless the '--jsx' flag is provided.
apps/web/src/app/[locale]/studio/jobs/page.tsx(1371,39): error TS17004: Cannot use JSX unless the '--jsx' flag is provided.
apps/web/src/app/[locale]/studio/jobs/page.tsx(1388,39): error TS17004: Cannot use JSX unless the '--jsx' flag is provided.
apps/web/src/app/[locale]/studio/jobs/page.tsx(1405,39): error TS17004: Cannot use JSX unless the '--jsx' flag is provided.
apps/web/src/app/[locale]/studio/jobs/page.tsx(1439,11): error TS17004: Cannot use JSX unless the '--jsx' flag is provided.
apps/web/src/app/[locale]/studio/jobs/page.tsx(1463,15): error TS17004: Cannot use JSX unless the '--jsx' flag is provided.
apps/web/src/app/[locale]/studio/jobs/page.tsx(1464,17): error TS17004: Cannot use JSX unless the '--jsx' flag is provided.
apps/web/src/app/[locale]/studio/jobs/page.tsx(1465,19): error TS17004: Cannot use JSX unless the '--jsx' flag is provided.
apps/web/src/app/[locale]/studio/jobs/page.tsx(1466,19): error TS17004: Cannot use JSX unless the '--jsx' flag is provided.
apps/web/src/app/[locale]/studio/jobs/page.tsx(1467,21): error TS17004: Cannot use JSX unless the '--jsx' flag is provided.
apps/web/src/app/[locale]/studio/jobs/page.tsx(1468,23): error TS17004: Cannot use JSX unless the '--jsx' flag is provided.
apps/web/src/app/[locale]/studio/jobs/page.tsx(1469,23): error TS17004: Cannot use JSX unless the '--jsx' flag is provided.
apps/web/src/app/[locale]/studio/jobs/page.tsx(1471,21): error TS17004: Cannot use JSX unless the '--jsx' flag is provided.
apps/web/src/app/[locale]/studio/jobs/page.tsx(1472,23): error TS17004: Cannot use JSX unless the '--jsx' flag is provided.
apps/web/src/app/[locale]/studio/jobs/page.tsx(1473,23): error TS17004: Cannot use JSX unless the '--jsx' flag is provided.
apps/web/src/app/[locale]/studio/jobs/page.tsx(1475,21): error TS17004: Cannot use JSX unless the '--jsx' flag is provided.
apps/web/src/app/[locale]/studio/jobs/page.tsx(1476,23): error TS17004: Cannot use JSX unless the '--jsx' flag is provided.
apps/web/src/app/[locale]/studio/jobs/page.tsx(1477,23): error TS17004: Cannot use JSX unless the '--jsx' flag is provided.
apps/web/src/app/[locale]/studio/jobs/page.tsx(1481,21): error TS17004: Cannot use JSX unless the '--jsx' flag is provided.
apps/web/src/app/[locale]/studio/jobs/page.tsx(1482,23): error TS17004: Cannot use JSX unless the '--jsx' flag is provided.
apps/web/src/app/[locale]/studio/jobs/page.tsx(1483,23): error TS17004: Cannot use JSX unless the '--jsx' flag is provided.
apps/web/src/app/[locale]/studio/jobs/page.tsx(1488,19): error TS17004: Cannot use JSX unless the '--jsx' flag is provided.
apps/web/src/app/[locale]/studio/jobs/page.tsx(1489,21): error TS17004: Cannot use JSX unless the '--jsx' flag is provided.
apps/web/src/app/[locale]/studio/jobs/page.tsx(1490,21): error TS17004: Cannot use JSX unless the '--jsx' flag is provided.
apps/web/src/app/[locale]/studio/jobs/page.tsx(1491,23): error TS17004: Cannot use JSX unless the '--jsx' flag is provided.
apps/web/src/app/[locale]/studio/jobs/page.tsx(1492,48): error TS17004: Cannot use JSX unless the '--jsx' flag is provided.
apps/web/src/app/[locale]/studio/jobs/page.tsx(1493,23): error TS17004: Cannot use JSX unless the '--jsx' flag is provided.
apps/web/src/app/[locale]/studio/jobs/page.tsx(1495,25): error TS17004: Cannot use JSX unless the '--jsx' flag is provided.
apps/web/src/app/[locale]/studio/jobs/page.tsx(1496,27): error TS17004: Cannot use JSX unless the '--jsx' flag is provided.
apps/web/src/app/[locale]/studio/jobs/page.tsx(1516,11): error TS17004: Cannot use JSX unless the '--jsx' flag is provided.
apps/web/src/app/[locale]/studio/jobs/page.tsx(1525,13): error TS17004: Cannot use JSX unless the '--jsx' flag is provided.
apps/web/src/app/[locale]/studio/jobs/page.tsx(1526,13): error TS17004: Cannot use JSX unless the '--jsx' flag is provided.
apps/web/src/app/[locale]/studio/jobs/page.tsx(1527,15): error TS17004: Cannot use JSX unless the '--jsx' flag is provided.
apps/web/src/app/[locale]/studio/jobs/page.tsx(1542,15): error TS17004: Cannot use JSX unless the '--jsx' flag is provided.
apps/web/src/app/[locale]/studio/jobs/page.tsx(1563,9): error TS17004: Cannot use JSX unless the '--jsx' flag is provided.
apps/web/src/app/[locale]/studio/jobs/page.tsx(1582,11): error TS17004: Cannot use JSX unless the '--jsx' flag is provided.
apps/web/src/app/[locale]/studio/jobs/page.tsx(1591,13): error TS17004: Cannot use JSX unless the '--jsx' flag is provided.
apps/web/src/app/[locale]/studio/jobs/page.tsx(1594,13): error TS17004: Cannot use JSX unless the '--jsx' flag is provided.
apps/web/src/app/[locale]/studio/jobs/page.tsx(1608,13): error TS17004: Cannot use JSX unless the '--jsx' flag is provided.
apps/web/src/app/[locale]/studio/jobs/page.tsx(1609,15): error TS17004: Cannot use JSX unless the '--jsx' flag is provided.
apps/web/src/app/[locale]/studio/jobs/page.tsx(1626,15): error TS17004: Cannot use JSX unless the '--jsx' flag is provided.
apps/web/src/app/[locale]/studio/jobs/page.tsx(1657,5): error TS17004: Cannot use JSX unless the '--jsx' flag is provided.
apps/web/src/app/[locale]/studio/jobs/page.tsx(1657,25): error TS17004: Cannot use JSX unless the '--jsx' flag is provided.
apps/web/src/app/[locale]/studio/jobs/page.tsx(1658,7): error TS17004: Cannot use JSX unless the '--jsx' flag is provided.
apps/web/src/app/[locale]/studio/novel/[novelSourceId]/audit/page.tsx(33,7): error TS17004: Cannot use JSX unless the '--jsx' flag is provided.
apps/web/src/app/[locale]/studio/novel/[novelSourceId]/audit/page.tsx(34,9): error TS17004: Cannot use JSX unless the '--jsx' flag is provided.
apps/web/src/app/[locale]/studio/novel/[novelSourceId]/audit/page.tsx(35,11): error TS17004: Cannot use JSX unless the '--jsx' flag is provided.
apps/web/src/app/[locale]/studio/novel/[novelSourceId]/audit/page.tsx(36,11): error TS17004: Cannot use JSX unless the '--jsx' flag is provided.
apps/web/src/app/[locale]/studio/novel/[novelSourceId]/audit/page.tsx(45,7): error TS17004: Cannot use JSX unless the '--jsx' flag is provided.
apps/web/src/app/[locale]/studio/novel/[novelSourceId]/audit/page.tsx(46,9): error TS17004: Cannot use JSX unless the '--jsx' flag is provided.
apps/web/src/app/[locale]/studio/novel/[novelSourceId]/audit/page.tsx(47,11): error TS17004: Cannot use JSX unless the '--jsx' flag is provided.
apps/web/src/app/[locale]/studio/novel/[novelSourceId]/audit/page.tsx(48,11): error TS17004: Cannot use JSX unless the '--jsx' flag is provided.
apps/web/src/app/[locale]/studio/novel/[novelSourceId]/audit/page.tsx(49,11): error TS17004: Cannot use JSX unless the '--jsx' flag is provided.
apps/web/src/app/[locale]/studio/novel/[novelSourceId]/audit/page.tsx(62,5): error TS17004: Cannot use JSX unless the '--jsx' flag is provided.
apps/web/src/app/[locale]/studio/novel/[novelSourceId]/audit/page.tsx(64,7): error TS17004: Cannot use JSX unless the '--jsx' flag is provided.
apps/web/src/app/[locale]/studio/novel/[novelSourceId]/audit/page.tsx(65,9): error TS17004: Cannot use JSX unless the '--jsx' flag is provided.
apps/web/src/app/[locale]/studio/novel/[novelSourceId]/audit/page.tsx(66,11): error TS17004: Cannot use JSX unless the '--jsx' flag is provided.
apps/web/src/app/[locale]/studio/novel/[novelSourceId]/audit/page.tsx(69,11): error TS17004: Cannot use JSX unless the '--jsx' flag is provided.
apps/web/src/app/[locale]/studio/novel/[novelSourceId]/audit/page.tsx(73,9): error TS17004: Cannot use JSX unless the '--jsx' flag is provided.
apps/web/src/app/[locale]/studio/novel/[novelSourceId]/audit/page.tsx(74,11): error TS17004: Cannot use JSX unless the '--jsx' flag is provided.
apps/web/src/app/[locale]/studio/novel/[novelSourceId]/audit/page.tsx(75,11): error TS17004: Cannot use JSX unless the '--jsx' flag is provided.
apps/web/src/app/[locale]/studio/novel/[novelSourceId]/audit/page.tsx(80,7): error TS17004: Cannot use JSX unless the '--jsx' flag is provided.
apps/web/src/app/[locale]/studio/novel/[novelSourceId]/audit/page.tsx(81,9): error TS17004: Cannot use JSX unless the '--jsx' flag is provided.
apps/web/src/app/[locale]/studio/novel/[novelSourceId]/audit/page.tsx(82,11): error TS17004: Cannot use JSX unless the '--jsx' flag is provided.
apps/web/src/app/[locale]/studio/novel/[novelSourceId]/audit/page.tsx(83,13): error TS17004: Cannot use JSX unless the '--jsx' flag is provided.
apps/web/src/app/[locale]/studio/novel/[novelSourceId]/audit/page.tsx(84,13): error TS17004: Cannot use JSX unless the '--jsx' flag is provided.
apps/web/src/app/[locale]/studio/novel/[novelSourceId]/audit/page.tsx(85,15): error TS17004: Cannot use JSX unless the '--jsx' flag is provided.
apps/web/src/app/[locale]/studio/novel/[novelSourceId]/audit/page.tsx(86,17): error TS17004: Cannot use JSX unless the '--jsx' flag is provided.
apps/web/src/app/[locale]/studio/novel/[novelSourceId]/audit/page.tsx(87,17): error TS17004: Cannot use JSX unless the '--jsx' flag is provided.
apps/web/src/app/[locale]/studio/novel/[novelSourceId]/audit/page.tsx(91,15): error TS17004: Cannot use JSX unless the '--jsx' flag is provided.
apps/web/src/app/[locale]/studio/novel/[novelSourceId]/audit/page.tsx(92,17): error TS17004: Cannot use JSX unless the '--jsx' flag is provided.
apps/web/src/app/[locale]/studio/novel/[novelSourceId]/audit/page.tsx(93,17): error TS17004: Cannot use JSX unless the '--jsx' flag is provided.
apps/web/src/app/[locale]/studio/novel/[novelSourceId]/audit/page.tsx(99,11): error TS17004: Cannot use JSX unless the '--jsx' flag is provided.
apps/web/src/app/[locale]/studio/novel/[novelSourceId]/audit/page.tsx(100,13): error TS17004: Cannot use JSX unless the '--jsx' flag is provided.
apps/web/src/app/[locale]/studio/novel/[novelSourceId]/audit/page.tsx(101,13): error TS17004: Cannot use JSX unless the '--jsx' flag is provided.
apps/web/src/app/[locale]/studio/novel/[novelSourceId]/audit/page.tsx(110,9): error TS17004: Cannot use JSX unless the '--jsx' flag is provided.
apps/web/src/app/[locale]/studio/novel/[novelSourceId]/audit/page.tsx(113,11): error TS17004: Cannot use JSX unless the '--jsx' flag is provided.
apps/web/src/app/[locale]/studio/novel/[novelSourceId]/audit/page.tsx(114,11): error TS17004: Cannot use JSX unless the '--jsx' flag is provided.
apps/web/src/app/[locale]/studio/novel/[novelSourceId]/audit/page.tsx(115,13): error TS17004: Cannot use JSX unless the '--jsx' flag is provided.
apps/web/src/app/[locale]/studio/novel/[novelSourceId]/audit/page.tsx(118,13): error TS17004: Cannot use JSX unless the '--jsx' flag is provided.
apps/web/src/app/[locale]/studio/novel/[novelSourceId]/audit/page.tsx(122,11): error TS17004: Cannot use JSX unless the '--jsx' flag is provided.
apps/web/src/app/[locale]/studio/novel/[novelSourceId]/audit/page.tsx(123,13): error TS17004: Cannot use JSX unless the '--jsx' flag is provided.
apps/web/src/app/[locale]/studio/novel/[novelSourceId]/audit/page.tsx(124,15): error TS17004: Cannot use JSX unless the '--jsx' flag is provided.
apps/web/src/app/[locale]/studio/novel/[novelSourceId]/audit/page.tsx(125,15): error TS17004: Cannot use JSX unless the '--jsx' flag is provided.
apps/web/src/app/[locale]/studio/novel/[novelSourceId]/audit/page.tsx(131,13): error TS17004: Cannot use JSX unless the '--jsx' flag is provided.
apps/web/src/app/[locale]/studio/novel/[novelSourceId]/audit/page.tsx(132,15): error TS17004: Cannot use JSX unless the '--jsx' flag is provided.
apps/web/src/app/[locale]/studio/novel/[novelSourceId]/audit/page.tsx(133,15): error TS17004: Cannot use JSX unless the '--jsx' flag is provided.
apps/web/src/app/[locale]/studio/novel/[novelSourceId]/audit/page.tsx(139,9): error TS17004: Cannot use JSX unless the '--jsx' flag is provided.
apps/web/src/app/[locale]/studio/novel/[novelSourceId]/audit/page.tsx(140,11): error TS17004: Cannot use JSX unless the '--jsx' flag is provided.
apps/web/src/app/[locale]/studio/novel/[novelSourceId]/audit/page.tsx(141,11): error TS17004: Cannot use JSX unless the '--jsx' flag is provided.
apps/web/src/app/[locale]/studio/novel/[novelSourceId]/audit/page.tsx(144,11): error TS17004: Cannot use JSX unless the '--jsx' flag is provided.
apps/web/src/app/[locale]/studio/novel/[novelSourceId]/audit/page.tsx(145,13): error TS17004: Cannot use JSX unless the '--jsx' flag is provided.
apps/web/src/app/[locale]/studio/novel/[novelSourceId]/audit/page.tsx(150,11): error TS17004: Cannot use JSX unless the '--jsx' flag is provided.
apps/web/src/app/[locale]/studio/novel/[novelSourceId]/audit/page.tsx(158,9): error TS17004: Cannot use JSX unless the '--jsx' flag is provided.
apps/web/src/app/[locale]/studio/novel/[novelSourceId]/audit/page.tsx(159,11): error TS17004: Cannot use JSX unless the '--jsx' flag is provided.
apps/web/src/app/[locale]/studio/novel/[novelSourceId]/audit/page.tsx(160,13): error TS17004: Cannot use JSX unless the '--jsx' flag is provided.
apps/web/src/app/[locale]/studio/novel/[novelSourceId]/audit/page.tsx(161,15): error TS17004: Cannot use JSX unless the '--jsx' flag is provided.
apps/web/src/app/[locale]/studio/novel/[novelSourceId]/audit/page.tsx(164,13): error TS17004: Cannot use JSX unless the '--jsx' flag is provided.
apps/web/src/app/[locale]/studio/novel/[novelSourceId]/audit/page.tsx(165,15): error TS17004: Cannot use JSX unless the '--jsx' flag is provided.
apps/web/src/app/[locale]/studio/novel/[novelSourceId]/audit/page.tsx(170,15): error TS17004: Cannot use JSX unless the '--jsx' flag is provided.
apps/web/src/app/[locale]/studio/novel/[novelSourceId]/audit/page.tsx(174,11): error TS17004: Cannot use JSX unless the '--jsx' flag is provided.
apps/web/src/app/[locale]/studio/novel/[novelSourceId]/audit/page.tsx(176,15): error TS17004: Cannot use JSX unless the '--jsx' flag is provided.
apps/web/src/app/[locale]/studio/novel/[novelSourceId]/audit/page.tsx(185,15): error TS17004: Cannot use JSX unless the '--jsx' flag is provided.
apps/web/src/app/[locale]/studio/novel/[novelSourceId]/audit/page.tsx(186,17): error TS17004: Cannot use JSX unless the '--jsx' flag is provided.
apps/web/src/app/[locale]/studio/novel/[novelSourceId]/audit/page.tsx(187,17): error TS17004: Cannot use JSX unless the '--jsx' flag is provided.
apps/web/src/app/[locale]/studio/novel/[novelSourceId]/audit/page.tsx(195,7): error TS17004: Cannot use JSX unless the '--jsx' flag is provided.
apps/web/src/app/[locale]/studio/novel/[novelSourceId]/audit/page.tsx(196,9): error TS17004: Cannot use JSX unless the '--jsx' flag is provided.
apps/web/src/app/[locale]/studio/novel/[novelSourceId]/audit/page.tsx(197,11): error TS17004: Cannot use JSX unless the '--jsx' flag is provided.
apps/web/src/app/[locale]/studio/novel/[novelSourceId]/audit/page.tsx(198,13): error TS17004: Cannot use JSX unless the '--jsx' flag is provided.
apps/web/src/app/[locale]/studio/novel/[novelSourceId]/audit/page.tsx(201,11): error TS17004: Cannot use JSX unless the '--jsx' flag is provided.
apps/web/src/app/[locale]/studio/novel/[novelSourceId]/audit/page.tsx(204,9): error TS17004: Cannot use JSX unless the '--jsx' flag is provided.
apps/web/src/app/[locale]/studio/novel/[novelSourceId]/audit/page.tsx(206,11): error TS17004: Cannot use JSX unless the '--jsx' flag is provided.
apps/web/src/app/[locale]/studio/novel/[novelSourceId]/audit/page.tsx(209,13): error TS17004: Cannot use JSX unless the '--jsx' flag is provided.
apps/web/src/app/[locale]/studio/novel/[novelSourceId]/audit/page.tsx(210,15): error TS17004: Cannot use JSX unless the '--jsx' flag is provided.
apps/web/src/app/[locale]/studio/novel/[novelSourceId]/audit/page.tsx(215,15): error TS17004: Cannot use JSX unless the '--jsx' flag is provided.
apps/web/src/app/[locale]/studio/novel/[novelSourceId]/audit/page.tsx(218,15): error TS17004: Cannot use JSX unless the '--jsx' flag is provided.
apps/web/src/app/[locale]/studio/novel/[novelSourceId]/audit/page.tsx(223,15): error TS17004: Cannot use JSX unless the '--jsx' flag is provided.
apps/web/src/app/[locale]/studio/novel/[novelSourceId]/audit/page.tsx(231,7): error TS17004: Cannot use JSX unless the '--jsx' flag is provided.
apps/web/src/app/[locale]/studio/novel/[novelSourceId]/audit/page.tsx(233,9): error TS17004: Cannot use JSX unless the '--jsx' flag is provided.
apps/web/src/app/[locale]/studio/novel/[novelSourceId]/audit/page.tsx(234,11): error TS17004: Cannot use JSX unless the '--jsx' flag is provided.
apps/web/src/app/[locale]/studio/novel/[novelSourceId]/audit/page.tsx(235,13): error TS17004: Cannot use JSX unless the '--jsx' flag is provided.
apps/web/src/app/[locale]/studio/novel/[novelSourceId]/audit/page.tsx(236,13): error TS17004: Cannot use JSX unless the '--jsx' flag is provided.
apps/web/src/app/[locale]/studio/novel/[novelSourceId]/audit/page.tsx(240,11): error TS17004: Cannot use JSX unless the '--jsx' flag is provided.
apps/web/src/app/[locale]/studio/novel/[novelSourceId]/audit/page.tsx(242,15): error TS17004: Cannot use JSX unless the '--jsx' flag is provided.
apps/web/src/app/[locale]/studio/novel/[novelSourceId]/audit/page.tsx(243,17): error TS17004: Cannot use JSX unless the '--jsx' flag is provided.
apps/web/src/app/[locale]/studio/novel/[novelSourceId]/audit/page.tsx(244,17): error TS17004: Cannot use JSX unless the '--jsx' flag is provided.
apps/web/src/app/[locale]/studio/novel/[novelSourceId]/audit/page.tsx(247,17): error TS17004: Cannot use JSX unless the '--jsx' flag is provided.
apps/web/src/app/[locale]/studio/novel/[novelSourceId]/audit/page.tsx(253,17): error TS17004: Cannot use JSX unless the '--jsx' flag is provided.
apps/web/src/app/[locale]/studio/novel/[novelSourceId]/audit/page.tsx(257,19): error TS17004: Cannot use JSX unless the '--jsx' flag is provided.
apps/web/src/app/[locale]/studio/novel/[novelSourceId]/audit/page.tsx(258,21): error TS17004: Cannot use JSX unless the '--jsx' flag is provided.
apps/web/src/app/[locale]/studio/novel/[novelSourceId]/audit/page.tsx(261,21): error TS17004: Cannot use JSX unless the '--jsx' flag is provided.
apps/web/src/app/[locale]/studio/novel/[novelSourceId]/audit/page.tsx(263,19): error TS17004: Cannot use JSX unless the '--jsx' flag is provided.
apps/web/src/app/[locale]/studio/novel/[novelSourceId]/audit/page.tsx(271,9): error TS17004: Cannot use JSX unless the '--jsx' flag is provided.
apps/web/src/app/[locale]/studio/novel/[novelSourceId]/audit/page.tsx(272,11): error TS17004: Cannot use JSX unless the '--jsx' flag is provided.
apps/web/src/app/[locale]/studio/novel/[novelSourceId]/audit/page.tsx(273,13): error TS17004: Cannot use JSX unless the '--jsx' flag is provided.
apps/web/src/app/[locale]/studio/novel/[novelSourceId]/audit/page.tsx(276,11): error TS17004: Cannot use JSX unless the '--jsx' flag is provided.
apps/web/src/app/[locale]/studio/novel/[novelSourceId]/audit/page.tsx(278,15): error TS17004: Cannot use JSX unless the '--jsx' flag is provided.
apps/web/src/app/[locale]/studio/novel/[novelSourceId]/audit/page.tsx(282,17): error TS17004: Cannot use JSX unless the '--jsx' flag is provided.
apps/web/src/app/[locale]/studio/novel/[novelSourceId]/audit/page.tsx(283,19): error TS17004: Cannot use JSX unless the '--jsx' flag is provided.
apps/web/src/app/[locale]/studio/novel/[novelSourceId]/audit/page.tsx(286,19): error TS17004: Cannot use JSX unless the '--jsx' flag is provided.
apps/web/src/app/[locale]/studio/novel/[novelSourceId]/audit/page.tsx(291,19): error TS17004: Cannot use JSX unless the '--jsx' flag is provided.
apps/web/src/app/[locale]/studio/novel/[novelSourceId]/audit/page.tsx(292,21): error TS17004: Cannot use JSX unless the '--jsx' flag is provided.
apps/web/src/app/[locale]/studio/novel/[novelSourceId]/audit/page.tsx(295,21): error TS17004: Cannot use JSX unless the '--jsx' flag is provided.
apps/web/src/app/[locale]/studio/novel/[novelSourceId]/audit/page.tsx(296,23): error TS17004: Cannot use JSX unless the '--jsx' flag is provided.
apps/web/src/app/[locale]/studio/novel/[novelSourceId]/audit/page.tsx(299,23): error TS17004: Cannot use JSX unless the '--jsx' flag is provided.
apps/web/src/app/[locale]/studio/novel/[novelSourceId]/audit/page.tsx(303,19): error TS17004: Cannot use JSX unless the '--jsx' flag is provided.
apps/web/src/app/[locale]/studio/novel/[novelSourceId]/audit/page.tsx(311,7): error TS17004: Cannot use JSX unless the '--jsx' flag is provided.
apps/web/src/app/[locale]/studio/review/page.tsx(5,28): error TS2307: Cannot find module '@/lib/apiClient' or its corresponding type declarations.
apps/web/src/app/[locale]/studio/review/page.tsx(180,5): error TS17004: Cannot use JSX unless the '--jsx' flag is provided.
apps/web/src/app/[locale]/studio/review/page.tsx(182,7): error TS17004: Cannot use JSX unless the '--jsx' flag is provided.
apps/web/src/app/[locale]/studio/review/page.tsx(191,9): error TS17004: Cannot use JSX unless the '--jsx' flag is provided.
apps/web/src/app/[locale]/studio/review/page.tsx(193,9): error TS17004: Cannot use JSX unless the '--jsx' flag is provided.
apps/web/src/app/[locale]/studio/review/page.tsx(194,11): error TS17004: Cannot use JSX unless the '--jsx' flag is provided.
apps/web/src/app/[locale]/studio/review/page.tsx(195,13): error TS17004: Cannot use JSX unless the '--jsx' flag is provided.
apps/web/src/app/[locale]/studio/review/page.tsx(205,13): error TS17004: Cannot use JSX unless the '--jsx' flag is provided.
apps/web/src/app/[locale]/studio/review/page.tsx(220,11): error TS17004: Cannot use JSX unless the '--jsx' flag is provided.
apps/web/src/app/[locale]/studio/review/page.tsx(221,13): error TS17004: Cannot use JSX unless the '--jsx' flag is provided.
apps/web/src/app/[locale]/studio/review/page.tsx(231,13): error TS17004: Cannot use JSX unless the '--jsx' flag is provided.
apps/web/src/app/[locale]/studio/review/page.tsx(242,15): error TS17004: Cannot use JSX unless the '--jsx' flag is provided.
apps/web/src/app/[locale]/studio/review/page.tsx(243,15): error TS17004: Cannot use JSX unless the '--jsx' flag is provided.
apps/web/src/app/[locale]/studio/review/page.tsx(244,15): error TS17004: Cannot use JSX unless the '--jsx' flag is provided.
apps/web/src/app/[locale]/studio/review/page.tsx(245,15): error TS17004: Cannot use JSX unless the '--jsx' flag is provided.
apps/web/src/app/[locale]/studio/review/page.tsx(246,15): error TS17004: Cannot use JSX unless the '--jsx' flag is provided.
apps/web/src/app/[locale]/studio/review/page.tsx(247,15): error TS17004: Cannot use JSX unless the '--jsx' flag is provided.
apps/web/src/app/[locale]/studio/review/page.tsx(251,11): error TS17004: Cannot use JSX unless the '--jsx' flag is provided.
apps/web/src/app/[locale]/studio/review/page.tsx(252,13): error TS17004: Cannot use JSX unless the '--jsx' flag is provided.
apps/web/src/app/[locale]/studio/review/page.tsx(262,13): error TS17004: Cannot use JSX unless the '--jsx' flag is provided.
apps/web/src/app/[locale]/studio/review/page.tsx(273,15): error TS17004: Cannot use JSX unless the '--jsx' flag is provided.
apps/web/src/app/[locale]/studio/review/page.tsx(274,15): error TS17004: Cannot use JSX unless the '--jsx' flag is provided.
apps/web/src/app/[locale]/studio/review/page.tsx(275,15): error TS17004: Cannot use JSX unless the '--jsx' flag is provided.
apps/web/src/app/[locale]/studio/review/page.tsx(276,15): error TS17004: Cannot use JSX unless the '--jsx' flag is provided.
apps/web/src/app/[locale]/studio/review/page.tsx(280,11): error TS17004: Cannot use JSX unless the '--jsx' flag is provided.
apps/web/src/app/[locale]/studio/review/page.tsx(281,13): error TS17004: Cannot use JSX unless the '--jsx' flag is provided.
apps/web/src/app/[locale]/studio/review/page.tsx(291,13): error TS17004: Cannot use JSX unless the '--jsx' flag is provided.
apps/web/src/app/[locale]/studio/review/page.tsx(306,11): error TS17004: Cannot use JSX unless the '--jsx' flag is provided.
apps/web/src/app/[locale]/studio/review/page.tsx(336,7): error TS17004: Cannot use JSX unless the '--jsx' flag is provided.
apps/web/src/app/[locale]/studio/review/page.tsx(338,9): error TS17004: Cannot use JSX unless the '--jsx' flag is provided.
apps/web/src/app/[locale]/studio/review/page.tsx(348,11): error TS17004: Cannot use JSX unless the '--jsx' flag is provided.
apps/web/src/app/[locale]/studio/review/page.tsx(349,13): error TS17004: Cannot use JSX unless the '--jsx' flag is provided.
apps/web/src/app/[locale]/studio/review/page.tsx(350,13): error TS17004: Cannot use JSX unless the '--jsx' flag is provided.
apps/web/src/app/[locale]/studio/review/page.tsx(352,11): error TS17004: Cannot use JSX unless the '--jsx' flag is provided.
apps/web/src/app/[locale]/studio/review/page.tsx(354,15): error TS17004: Cannot use JSX unless the '--jsx' flag is provided.
apps/web/src/app/[locale]/studio/review/page.tsx(355,17): error TS17004: Cannot use JSX unless the '--jsx' flag is provided.
apps/web/src/app/[locale]/studio/review/page.tsx(356,17): error TS17004: Cannot use JSX unless the '--jsx' flag is provided.
apps/web/src/app/[locale]/studio/review/page.tsx(368,11): error TS17004: Cannot use JSX unless the '--jsx' flag is provided.
apps/web/src/app/[locale]/studio/review/page.tsx(370,15): error TS17004: Cannot use JSX unless the '--jsx' flag is provided.
apps/web/src/app/[locale]/studio/review/page.tsx(371,17): error TS17004: Cannot use JSX unless the '--jsx' flag is provided.
apps/web/src/app/[locale]/studio/review/page.tsx(372,17): error TS17004: Cannot use JSX unless the '--jsx' flag is provided.
apps/web/src/app/[locale]/studio/review/page.tsx(388,11): error TS17004: Cannot use JSX unless the '--jsx' flag is provided.
apps/web/src/app/[locale]/studio/review/page.tsx(398,13): error TS17004: Cannot use JSX unless the '--jsx' flag is provided.
apps/web/src/app/[locale]/studio/review/page.tsx(401,13): error TS17004: Cannot use JSX unless the '--jsx' flag is provided.
apps/web/src/app/[locale]/studio/review/page.tsx(416,13): error TS17004: Cannot use JSX unless the '--jsx' flag is provided.
apps/web/src/app/[locale]/studio/review/page.tsx(431,13): error TS17004: Cannot use JSX unless the '--jsx' flag is provided.
apps/web/src/app/[locale]/studio/review/page.tsx(446,13): error TS17004: Cannot use JSX unless the '--jsx' flag is provided.
apps/web/src/app/[locale]/studio/review/page.tsx(463,11): error TS17004: Cannot use JSX unless the '--jsx' flag is provided.
apps/web/src/app/[locale]/studio/review/page.tsx(478,9): error TS17004: Cannot use JSX unless the '--jsx' flag is provided.
apps/web/src/app/[locale]/studio/review/page.tsx(480,13): error TS17004: Cannot use JSX unless the '--jsx' flag is provided.
apps/web/src/app/[locale]/studio/review/page.tsx(482,13): error TS17004: Cannot use JSX unless the '--jsx' flag is provided.
apps/web/src/app/[locale]/studio/review/page.tsx(484,13): error TS17004: Cannot use JSX unless the '--jsx' flag is provided.
apps/web/src/app/[locale]/studio/review/page.tsx(485,15): error TS17004: Cannot use JSX unless the '--jsx' flag is provided.
apps/web/src/app/[locale]/studio/review/page.tsx(486,17): error TS17004: Cannot use JSX unless the '--jsx' flag is provided.
apps/web/src/app/[locale]/studio/review/page.tsx(487,19): error TS17004: Cannot use JSX unless the '--jsx' flag is provided.
apps/web/src/app/[locale]/studio/review/page.tsx(488,21): error TS17004: Cannot use JSX unless the '--jsx' flag is provided.
apps/web/src/app/[locale]/studio/review/page.tsx(495,19): error TS17004: Cannot use JSX unless the '--jsx' flag is provided.
apps/web/src/app/[locale]/studio/review/page.tsx(496,19): error TS17004: Cannot use JSX unless the '--jsx' flag is provided.
apps/web/src/app/[locale]/studio/review/page.tsx(499,19): error TS17004: Cannot use JSX unless the '--jsx' flag is provided.
apps/web/src/app/[locale]/studio/review/page.tsx(500,19): error TS17004: Cannot use JSX unless the '--jsx' flag is provided.
apps/web/src/app/[locale]/studio/review/page.tsx(503,19): error TS17004: Cannot use JSX unless the '--jsx' flag is provided.
apps/web/src/app/[locale]/studio/review/page.tsx(506,19): error TS17004: Cannot use JSX unless the '--jsx' flag is provided.
apps/web/src/app/[locale]/studio/review/page.tsx(509,15): error TS17004: Cannot use JSX unless the '--jsx' flag is provided.
apps/web/src/app/[locale]/studio/review/page.tsx(511,19): error TS17004: Cannot use JSX unless the '--jsx' flag is provided.
apps/web/src/app/[locale]/studio/review/page.tsx(518,21): error TS17004: Cannot use JSX unless the '--jsx' flag is provided.
apps/web/src/app/[locale]/studio/review/page.tsx(519,23): error TS17004: Cannot use JSX unless the '--jsx' flag is provided.
apps/web/src/app/[locale]/studio/review/page.tsx(526,21): error TS17004: Cannot use JSX unless the '--jsx' flag is provided.
apps/web/src/app/[locale]/studio/review/page.tsx(527,21): error TS17004: Cannot use JSX unless the '--jsx' flag is provided.
apps/web/src/app/[locale]/studio/review/page.tsx(528,23): error TS17004: Cannot use JSX unless the '--jsx' flag is provided.
apps/web/src/app/[locale]/studio/review/page.tsx(529,23): error TS17004: Cannot use JSX unless the '--jsx' flag is provided.
apps/web/src/app/[locale]/studio/review/page.tsx(533,21): error TS17004: Cannot use JSX unless the '--jsx' flag is provided.
apps/web/src/app/[locale]/studio/review/page.tsx(534,23): error TS17004: Cannot use JSX unless the '--jsx' flag is provided.
apps/web/src/app/[locale]/studio/review/page.tsx(546,21): error TS17004: Cannot use JSX unless the '--jsx' flag is provided.
apps/web/src/app/[locale]/studio/review/page.tsx(547,23): error TS17004: Cannot use JSX unless the '--jsx' flag is provided.
apps/web/src/app/[locale]/studio/review/page.tsx(560,21): error TS17004: Cannot use JSX unless the '--jsx' flag is provided.
apps/web/src/app/[locale]/studio/review/page.tsx(563,21): error TS17004: Cannot use JSX unless the '--jsx' flag is provided.
apps/web/src/app/[locale]/studio/review/page.tsx(564,23): error TS17004: Cannot use JSX unless the '--jsx' flag is provided.
apps/web/src/app/[locale]/studio/review/page.tsx(566,27): error TS17004: Cannot use JSX unless the '--jsx' flag is provided.
apps/web/src/app/[locale]/studio/review/page.tsx(579,25): error TS17004: Cannot use JSX unless the '--jsx' flag is provided.
apps/web/src/app/[locale]/studio/review/page.tsx(600,11): error TS17004: Cannot use JSX unless the '--jsx' flag is provided.
apps/web/src/app/[locale]/studio/review/page.tsx(609,13): error TS17004: Cannot use JSX unless the '--jsx' flag is provided.
apps/web/src/app/[locale]/studio/review/page.tsx(612,13): error TS17004: Cannot use JSX unless the '--jsx' flag is provided.
apps/web/src/app/[locale]/studio/review/page.tsx(613,15): error TS17004: Cannot use JSX unless the '--jsx' flag is provided.
apps/web/src/app/[locale]/studio/review/page.tsx(628,15): error TS17004: Cannot use JSX unless the '--jsx' flag is provided.
apps/web/src/app/[locale]/studio/review/page.tsx(657,9): error TS17004: Cannot use JSX unless the '--jsx' flag is provided.
apps/web/src/app/[locale]/studio/review/page.tsx(672,11): error TS17004: Cannot use JSX unless the '--jsx' flag is provided.
apps/web/src/app/[locale]/studio/review/page.tsx(681,13): error TS17004: Cannot use JSX unless the '--jsx' flag is provided.
apps/web/src/app/[locale]/studio/review/page.tsx(682,13): error TS17004: Cannot use JSX unless the '--jsx' flag is provided.
apps/web/src/app/[locale]/studio/review/page.tsx(696,13): error TS17004: Cannot use JSX unless the '--jsx' flag is provided.
apps/web/src/app/[locale]/studio/review/page.tsx(697,15): error TS17004: Cannot use JSX unless the '--jsx' flag is provided.
apps/web/src/app/[locale]/studio/review/page.tsx(713,15): error TS17004: Cannot use JSX unless the '--jsx' flag is provided.
apps/web/src/app/[locale]/tasks/[taskId]/graph/page.tsx(5,30): error TS2307: Cannot find module '@/lib/apiClient' or its corresponding type declarations.
apps/web/src/app/[locale]/tasks/[taskId]/graph/page.tsx(6,26): error TS2307: Cannot find module '@/components/engines/EngineFilter' or its corresponding type declarations.
apps/web/src/app/[locale]/tasks/[taskId]/graph/page.tsx(7,23): error TS2307: Cannot find module '@/components/engines/EngineTag' or its corresponding type declarations.
apps/web/src/app/[locale]/tasks/[taskId]/graph/page.tsx(8,26): error TS2307: Cannot find module '@/components/engines/AdapterBadge' or its corresponding type declarations.
apps/web/src/app/[locale]/tasks/[taskId]/graph/page.tsx(9,31): error TS2307: Cannot find module '@/components/quality/QualityScoreBadge' or its corresponding type declarations.
apps/web/src/app/[locale]/tasks/[taskId]/graph/page.tsx(56,23): error TS17004: Cannot use JSX unless the '--jsx' flag is provided.
apps/web/src/app/[locale]/tasks/[taskId]/graph/page.tsx(57,21): error TS17004: Cannot use JSX unless the '--jsx' flag is provided.
apps/web/src/app/[locale]/tasks/[taskId]/graph/page.tsx(58,22): error TS17004: Cannot use JSX unless the '--jsx' flag is provided.
apps/web/src/app/[locale]/tasks/[taskId]/graph/page.tsx(74,5): error TS17004: Cannot use JSX unless the '--jsx' flag is provided.
apps/web/src/app/[locale]/tasks/[taskId]/graph/page.tsx(75,7): error TS17004: Cannot use JSX unless the '--jsx' flag is provided.
apps/web/src/app/[locale]/tasks/[taskId]/graph/page.tsx(76,9): error TS17004: Cannot use JSX unless the '--jsx' flag is provided.
apps/web/src/app/[locale]/tasks/[taskId]/graph/page.tsx(78,9): error TS17004: Cannot use JSX unless the '--jsx' flag is provided.
apps/web/src/app/[locale]/tasks/[taskId]/graph/page.tsx(79,11): error TS17004: Cannot use JSX unless the '--jsx' flag is provided.
apps/web/src/app/[locale]/tasks/[taskId]/graph/page.tsx(80,11): error TS17004: Cannot use JSX unless the '--jsx' flag is provided.
apps/web/src/app/[locale]/tasks/[taskId]/graph/page.tsx(90,7): error TS17004: Cannot use JSX unless the '--jsx' flag is provided.
apps/web/src/app/[locale]/tasks/[taskId]/graph/page.tsx(91,9): error TS17004: Cannot use JSX unless the '--jsx' flag is provided.
apps/web/src/app/[locale]/tasks/[taskId]/graph/page.tsx(92,9): error TS17004: Cannot use JSX unless the '--jsx' flag is provided.
apps/web/src/app/[locale]/tasks/[taskId]/graph/page.tsx(93,11): error TS17004: Cannot use JSX unless the '--jsx' flag is provided.
apps/web/src/app/[locale]/tasks/[taskId]/graph/page.tsx(94,13): error TS17004: Cannot use JSX unless the '--jsx' flag is provided.
apps/web/src/app/[locale]/tasks/[taskId]/graph/page.tsx(96,11): error TS17004: Cannot use JSX unless the '--jsx' flag is provided.
apps/web/src/app/[locale]/tasks/[taskId]/graph/page.tsx(97,13): error TS17004: Cannot use JSX unless the '--jsx' flag is provided.
apps/web/src/app/[locale]/tasks/[taskId]/graph/page.tsx(99,11): error TS17004: Cannot use JSX unless the '--jsx' flag is provided.
apps/web/src/app/[locale]/tasks/[taskId]/graph/page.tsx(100,13): error TS17004: Cannot use JSX unless the '--jsx' flag is provided.
apps/web/src/app/[locale]/tasks/[taskId]/graph/page.tsx(102,11): error TS17004: Cannot use JSX unless the '--jsx' flag is provided.
apps/web/src/app/[locale]/tasks/[taskId]/graph/page.tsx(103,13): error TS17004: Cannot use JSX unless the '--jsx' flag is provided.
apps/web/src/app/[locale]/tasks/[taskId]/graph/page.tsx(104,13): error TS17004: Cannot use JSX unless the '--jsx' flag is provided.
apps/web/src/app/[locale]/tasks/[taskId]/graph/page.tsx(110,7): error TS17004: Cannot use JSX unless the '--jsx' flag is provided.
apps/web/src/app/[locale]/tasks/[taskId]/graph/page.tsx(111,9): error TS17004: Cannot use JSX unless the '--jsx' flag is provided.
apps/web/src/app/[locale]/tasks/[taskId]/graph/page.tsx(115,11): error TS17004: Cannot use JSX unless the '--jsx' flag is provided.
apps/web/src/app/[locale]/tasks/[taskId]/graph/page.tsx(116,13): error TS17004: Cannot use JSX unless the '--jsx' flag is provided.
apps/web/src/app/[locale]/tasks/[taskId]/graph/page.tsx(117,15): error TS17004: Cannot use JSX unless the '--jsx' flag is provided.
apps/web/src/app/[locale]/tasks/[taskId]/graph/page.tsx(118,17): error TS17004: Cannot use JSX unless the '--jsx' flag is provided.
apps/web/src/app/[locale]/tasks/[taskId]/graph/page.tsx(119,17): error TS17004: Cannot use JSX unless the '--jsx' flag is provided.
apps/web/src/app/[locale]/tasks/[taskId]/graph/page.tsx(120,17): error TS17004: Cannot use JSX unless the '--jsx' flag is provided.
apps/web/src/app/[locale]/tasks/[taskId]/graph/page.tsx(122,17): error TS17004: Cannot use JSX unless the '--jsx' flag is provided.
apps/web/src/app/[locale]/tasks/[taskId]/graph/page.tsx(123,17): error TS17004: Cannot use JSX unless the '--jsx' flag is provided.
apps/web/src/app/[locale]/tasks/[taskId]/graph/page.tsx(124,17): error TS17004: Cannot use JSX unless the '--jsx' flag is provided.
apps/web/src/app/[locale]/tasks/[taskId]/graph/page.tsx(125,17): error TS17004: Cannot use JSX unless the '--jsx' flag is provided.
apps/web/src/app/[locale]/tasks/[taskId]/graph/page.tsx(126,17): error TS17004: Cannot use JSX unless the '--jsx' flag is provided.
apps/web/src/app/[locale]/tasks/[taskId]/graph/page.tsx(127,17): error TS17004: Cannot use JSX unless the '--jsx' flag is provided.
apps/web/src/app/[locale]/tasks/[taskId]/graph/page.tsx(128,17): error TS17004: Cannot use JSX unless the '--jsx' flag is provided.
apps/web/src/app/[locale]/tasks/[taskId]/graph/page.tsx(129,17): error TS17004: Cannot use JSX unless the '--jsx' flag is provided.
apps/web/src/app/[locale]/tasks/[taskId]/graph/page.tsx(130,17): error TS17004: Cannot use JSX unless the '--jsx' flag is provided.
apps/web/src/app/[locale]/tasks/[taskId]/graph/page.tsx(131,17): error TS17004: Cannot use JSX unless the '--jsx' flag is provided.
apps/web/src/app/[locale]/tasks/[taskId]/graph/page.tsx(134,13): error TS17004: Cannot use JSX unless the '--jsx' flag is provided.
apps/web/src/app/[locale]/tasks/[taskId]/graph/page.tsx(140,19): error TS17004: Cannot use JSX unless the '--jsx' flag is provided.
apps/web/src/app/[locale]/tasks/[taskId]/graph/page.tsx(141,21): error TS17004: Cannot use JSX unless the '--jsx' flag is provided.
apps/web/src/app/[locale]/tasks/[taskId]/graph/page.tsx(142,21): error TS17004: Cannot use JSX unless the '--jsx' flag is provided.
apps/web/src/app/[locale]/tasks/[taskId]/graph/page.tsx(143,21): error TS17004: Cannot use JSX unless the '--jsx' flag is provided.
apps/web/src/app/[locale]/tasks/[taskId]/graph/page.tsx(144,23): error TS17004: Cannot use JSX unless the '--jsx' flag is provided.
apps/web/src/app/[locale]/tasks/[taskId]/graph/page.tsx(145,25): error TS17004: Cannot use JSX unless the '--jsx' flag is provided.
apps/web/src/app/[locale]/tasks/[taskId]/graph/page.tsx(162,27): error TS17004: Cannot use JSX unless the '--jsx' flag is provided.
apps/web/src/app/[locale]/tasks/[taskId]/graph/page.tsx(169,27): error TS17004: Cannot use JSX unless the '--jsx' flag is provided.
apps/web/src/app/[locale]/tasks/[taskId]/graph/page.tsx(171,25): error TS17004: Cannot use JSX unless the '--jsx' flag is provided.
apps/web/src/app/[locale]/tasks/[taskId]/graph/page.tsx(181,21): error TS17004: Cannot use JSX unless the '--jsx' flag is provided.
apps/web/src/app/[locale]/tasks/[taskId]/graph/page.tsx(182,23): error TS17004: Cannot use JSX unless the '--jsx' flag is provided.
apps/web/src/app/[locale]/tasks/[taskId]/graph/page.tsx(188,21): error TS17004: Cannot use JSX unless the '--jsx' flag is provided.
apps/web/src/app/[locale]/tasks/[taskId]/graph/page.tsx(189,21): error TS17004: Cannot use JSX unless the '--jsx' flag is provided.
apps/web/src/app/[locale]/tasks/[taskId]/graph/page.tsx(191,25): error TS17004: Cannot use JSX unless the '--jsx' flag is provided.
apps/web/src/app/[locale]/tasks/[taskId]/graph/page.tsx(196,21): error TS17004: Cannot use JSX unless the '--jsx' flag is provided.
apps/web/src/app/[locale]/tasks/[taskId]/graph/page.tsx(197,23): error TS17004: Cannot use JSX unless the '--jsx' flag is provided.
apps/web/src/app/[locale]/tasks/[taskId]/graph/page.tsx(205,21): error TS17004: Cannot use JSX unless the '--jsx' flag is provided.
apps/web/src/app/[locale]/tasks/[taskId]/graph/page.tsx(206,21): error TS17004: Cannot use JSX unless the '--jsx' flag is provided.
apps/web/src/app/[locale]/tasks/[taskId]/graph/page.tsx(207,21): error TS17004: Cannot use JSX unless the '--jsx' flag is provided.
apps/web/src/app/[locale]/tasks/[taskId]/graph/page.tsx(208,21): error TS17004: Cannot use JSX unless the '--jsx' flag is provided.
apps/web/src/app/[locale]/tasks/[taskId]/graph/page.tsx(209,21): error TS17004: Cannot use JSX unless the '--jsx' flag is provided.
apps/web/src/app/[locale]/tasks/[taskId]/graph/page.tsx(212,21): error TS17004: Cannot use JSX unless the '--jsx' flag is provided.
apps/web/src/app/[locale]/tasks/[taskId]/graph/page.tsx(221,11): error TS17004: Cannot use JSX unless the '--jsx' flag is provided.
apps/web/src/app/[locale]/tasks/[taskId]/graph/page.tsx(230,5): error TS17004: Cannot use JSX unless the '--jsx' flag is provided.
apps/web/src/app/[locale]/tasks/[taskId]/graph/page.tsx(230,25): error TS17004: Cannot use JSX unless the '--jsx' flag is provided.
apps/web/src/app/[locale]/tasks/[taskId]/graph/page.tsx(231,7): error TS17004: Cannot use JSX unless the '--jsx' flag is provided.
apps/web/src/app/[locale]/tasks/page.tsx(4,79): error TS2307: Cannot find module '@/lib/apiClient' or its corresponding type declarations.
apps/web/src/app/[locale]/tasks/page.tsx(5,29): error TS2307: Cannot find module '@/components/ui/StatusBadge' or its corresponding type declarations.
apps/web/src/app/[locale]/tasks/page.tsx(6,67): error TS2307: Cannot find module '@/types/dto' or its corresponding type declarations.
apps/web/src/app/[locale]/tasks/page.tsx(172,5): error TS17004: Cannot use JSX unless the '--jsx' flag is provided.
apps/web/src/app/[locale]/tasks/page.tsx(173,7): error TS17004: Cannot use JSX unless the '--jsx' flag is provided.
apps/web/src/app/[locale]/tasks/page.tsx(174,9): error TS17004: Cannot use JSX unless the '--jsx' flag is provided.
apps/web/src/app/[locale]/tasks/page.tsx(175,11): error TS17004: Cannot use JSX unless the '--jsx' flag is provided.
apps/web/src/app/[locale]/tasks/page.tsx(176,11): error TS17004: Cannot use JSX unless the '--jsx' flag is provided.
apps/web/src/app/[locale]/tasks/page.tsx(180,9): error TS17004: Cannot use JSX unless the '--jsx' flag is provided.
apps/web/src/app/[locale]/tasks/page.tsx(186,7): error TS17004: Cannot use JSX unless the '--jsx' flag is provided.
apps/web/src/app/[locale]/tasks/page.tsx(188,11): error TS17004: Cannot use JSX unless the '--jsx' flag is provided.
apps/web/src/app/[locale]/tasks/page.tsx(189,13): error TS17004: Cannot use JSX unless the '--jsx' flag is provided.
apps/web/src/app/[locale]/tasks/page.tsx(190,13): error TS17004: Cannot use JSX unless the '--jsx' flag is provided.
apps/web/src/app/[locale]/tasks/page.tsx(196,7): error TS17004: Cannot use JSX unless the '--jsx' flag is provided.
apps/web/src/app/[locale]/tasks/page.tsx(197,9): error TS17004: Cannot use JSX unless the '--jsx' flag is provided.
apps/web/src/app/[locale]/tasks/page.tsx(198,9): error TS17004: Cannot use JSX unless the '--jsx' flag is provided.
apps/web/src/app/[locale]/tasks/page.tsx(199,11): error TS17004: Cannot use JSX unless the '--jsx' flag is provided.
apps/web/src/app/[locale]/tasks/page.tsx(200,13): error TS17004: Cannot use JSX unless the '--jsx' flag is provided.
apps/web/src/app/[locale]/tasks/page.tsx(201,13): error TS17004: Cannot use JSX unless the '--jsx' flag is provided.
apps/web/src/app/[locale]/tasks/page.tsx(209,15): error TS17004: Cannot use JSX unless the '--jsx' flag is provided.
apps/web/src/app/[locale]/tasks/page.tsx(210,15): error TS17004: Cannot use JSX unless the '--jsx' flag is provided.
apps/web/src/app/[locale]/tasks/page.tsx(211,15): error TS17004: Cannot use JSX unless the '--jsx' flag is provided.
apps/web/src/app/[locale]/tasks/page.tsx(212,15): error TS17004: Cannot use JSX unless the '--jsx' flag is provided.
apps/web/src/app/[locale]/tasks/page.tsx(213,15): error TS17004: Cannot use JSX unless the '--jsx' flag is provided.
apps/web/src/app/[locale]/tasks/page.tsx(214,15): error TS17004: Cannot use JSX unless the '--jsx' flag is provided.
apps/web/src/app/[locale]/tasks/page.tsx(218,11): error TS17004: Cannot use JSX unless the '--jsx' flag is provided.
apps/web/src/app/[locale]/tasks/page.tsx(219,13): error TS17004: Cannot use JSX unless the '--jsx' flag is provided.
apps/web/src/app/[locale]/tasks/page.tsx(220,13): error TS17004: Cannot use JSX unless the '--jsx' flag is provided.
apps/web/src/app/[locale]/tasks/page.tsx(228,15): error TS17004: Cannot use JSX unless the '--jsx' flag is provided.
apps/web/src/app/[locale]/tasks/page.tsx(229,15): error TS17004: Cannot use JSX unless the '--jsx' flag is provided.
apps/web/src/app/[locale]/tasks/page.tsx(230,15): error TS17004: Cannot use JSX unless the '--jsx' flag is provided.
apps/web/src/app/[locale]/tasks/page.tsx(231,15): error TS17004: Cannot use JSX unless the '--jsx' flag is provided.
apps/web/src/app/[locale]/tasks/page.tsx(232,15): error TS17004: Cannot use JSX unless the '--jsx' flag is provided.
apps/web/src/app/[locale]/tasks/page.tsx(233,15): error TS17004: Cannot use JSX unless the '--jsx' flag is provided.
apps/web/src/app/[locale]/tasks/page.tsx(237,11): error TS17004: Cannot use JSX unless the '--jsx' flag is provided.
apps/web/src/app/[locale]/tasks/page.tsx(238,13): error TS17004: Cannot use JSX unless the '--jsx' flag is provided.
apps/web/src/app/[locale]/tasks/page.tsx(239,13): error TS17004: Cannot use JSX unless the '--jsx' flag is provided.
apps/web/src/app/[locale]/tasks/page.tsx(250,11): error TS17004: Cannot use JSX unless the '--jsx' flag is provided.
apps/web/src/app/[locale]/tasks/page.tsx(251,13): error TS17004: Cannot use JSX unless the '--jsx' flag is provided.
apps/web/src/app/[locale]/tasks/page.tsx(252,13): error TS17004: Cannot use JSX unless the '--jsx' flag is provided.
apps/web/src/app/[locale]/tasks/page.tsx(266,7): error TS17004: Cannot use JSX unless the '--jsx' flag is provided.
apps/web/src/app/[locale]/tasks/page.tsx(267,9): error TS17004: Cannot use JSX unless the '--jsx' flag is provided.
apps/web/src/app/[locale]/tasks/page.tsx(268,11): error TS17004: Cannot use JSX unless the '--jsx' flag is provided.
apps/web/src/app/[locale]/tasks/page.tsx(269,11): error TS17004: Cannot use JSX unless the '--jsx' flag is provided.
apps/web/src/app/[locale]/tasks/page.tsx(274,16): error TS17004: Cannot use JSX unless the '--jsx' flag is provided.
apps/web/src/app/[locale]/tasks/page.tsx(277,11): error TS17004: Cannot use JSX unless the '--jsx' flag is provided.
apps/web/src/app/[locale]/tasks/page.tsx(279,11): error TS17004: Cannot use JSX unless the '--jsx' flag is provided.
apps/web/src/app/[locale]/tasks/page.tsx(280,13): error TS17004: Cannot use JSX unless the '--jsx' flag is provided.
apps/web/src/app/[locale]/tasks/page.tsx(281,15): error TS17004: Cannot use JSX unless the '--jsx' flag is provided.
apps/web/src/app/[locale]/tasks/page.tsx(282,17): error TS17004: Cannot use JSX unless the '--jsx' flag is provided.
apps/web/src/app/[locale]/tasks/page.tsx(283,19): error TS17004: Cannot use JSX unless the '--jsx' flag is provided.
apps/web/src/app/[locale]/tasks/page.tsx(284,19): error TS17004: Cannot use JSX unless the '--jsx' flag is provided.
apps/web/src/app/[locale]/tasks/page.tsx(285,19): error TS17004: Cannot use JSX unless the '--jsx' flag is provided.
apps/web/src/app/[locale]/tasks/page.tsx(286,19): error TS17004: Cannot use JSX unless the '--jsx' flag is provided.
apps/web/src/app/[locale]/tasks/page.tsx(287,19): error TS17004: Cannot use JSX unless the '--jsx' flag is provided.
apps/web/src/app/[locale]/tasks/page.tsx(288,19): error TS17004: Cannot use JSX unless the '--jsx' flag is provided.
apps/web/src/app/[locale]/tasks/page.tsx(291,15): error TS17004: Cannot use JSX unless the '--jsx' flag is provided.
apps/web/src/app/[locale]/tasks/page.tsx(294,21): error TS17004: Cannot use JSX unless the '--jsx' flag is provided.
apps/web/src/app/[locale]/tasks/page.tsx(295,23): error TS17004: Cannot use JSX unless the '--jsx' flag is provided.
apps/web/src/app/[locale]/tasks/page.tsx(298,23): error TS17004: Cannot use JSX unless the '--jsx' flag is provided.
apps/web/src/app/[locale]/tasks/page.tsx(299,23): error TS17004: Cannot use JSX unless the '--jsx' flag is provided.
apps/web/src/app/[locale]/tasks/page.tsx(300,25): error TS17004: Cannot use JSX unless the '--jsx' flag is provided.
apps/web/src/app/[locale]/tasks/page.tsx(302,23): error TS17004: Cannot use JSX unless the '--jsx' flag is provided.
apps/web/src/app/[locale]/tasks/page.tsx(305,23): error TS17004: Cannot use JSX unless the '--jsx' flag is provided.
apps/web/src/app/[locale]/tasks/page.tsx(308,23): error TS17004: Cannot use JSX unless the '--jsx' flag is provided.
apps/web/src/app/[locale]/tasks/page.tsx(315,19): error TS17004: Cannot use JSX unless the '--jsx' flag is provided.
apps/web/src/app/[locale]/tasks/page.tsx(316,21): error TS17004: Cannot use JSX unless the '--jsx' flag is provided.
apps/web/src/app/[locale]/tasks/page.tsx(327,9): error TS17004: Cannot use JSX unless the '--jsx' flag is provided.
apps/web/src/app/[locale]/tasks/page.tsx(328,11): error TS17004: Cannot use JSX unless the '--jsx' flag is provided.
apps/web/src/app/[locale]/tasks/page.tsx(331,11): error TS17004: Cannot use JSX unless the '--jsx' flag is provided.
apps/web/src/app/[locale]/tasks/page.tsx(332,13): error TS17004: Cannot use JSX unless the '--jsx' flag is provided.
apps/web/src/app/[locale]/tasks/page.tsx(339,13): error TS17004: Cannot use JSX unless the '--jsx' flag is provided.
apps/web/src/app/[locale]/terms/page.tsx(4,24): error TS2307: Cannot find module '@/components/_legacy/ui/Button' or its corresponding type declarations.
apps/web/src/app/[locale]/terms/page.tsx(10,5): error TS17004: Cannot use JSX unless the '--jsx' flag is provided.
apps/web/src/app/[locale]/terms/page.tsx(11,7): error TS17004: Cannot use JSX unless the '--jsx' flag is provided.
apps/web/src/app/[locale]/terms/page.tsx(12,7): error TS17004: Cannot use JSX unless the '--jsx' flag is provided.
apps/web/src/app/[locale]/terms/page.tsx(13,7): error TS17004: Cannot use JSX unless the '--jsx' flag is provided.
apps/web/src/components/_legacy/landing/sections/CapabilitiesSection.tsx(2,31): error TS2307: Cannot find module '@/components/landing/blocks/SectionHeader' or its corresponding type declarations.
apps/web/src/components/_legacy/landing/sections/CapabilitiesSection.tsx(3,29): error TS2307: Cannot find module '@/components/landing/blocks/FeatureCard' or its corresponding type declarations.
apps/web/src/components/_legacy/landing/sections/CapabilitiesSection.tsx(4,32): error TS2307: Cannot find module '@/components/landing/content/types' or its corresponding type declarations.
apps/web/src/components/_legacy/landing/sections/CapabilitiesSection.tsx(12,5): error TS17004: Cannot use JSX unless the '--jsx' flag is provided.
apps/web/src/components/_legacy/landing/sections/CapabilitiesSection.tsx(13,7): error TS17004: Cannot use JSX unless the '--jsx' flag is provided.
apps/web/src/components/_legacy/landing/sections/CapabilitiesSection.tsx(15,7): error TS17004: Cannot use JSX unless the '--jsx' flag is provided.
apps/web/src/components/_legacy/landing/sections/CapabilitiesSection.tsx(17,11): error TS17004: Cannot use JSX unless the '--jsx' flag is provided.
apps/web/src/components/_legacy/landing/sections/PersonaSection.tsx(4,31): error TS2307: Cannot find module '@/components/landing/blocks/SectionHeader' or its corresponding type declarations.
apps/web/src/components/_legacy/landing/sections/PersonaSection.tsx(5,32): error TS2307: Cannot find module '@/components/landing/content/types' or its corresponding type declarations.
apps/web/src/components/_legacy/landing/sections/PersonaSection.tsx(27,5): error TS17004: Cannot use JSX unless the '--jsx' flag is provided.
apps/web/src/components/_legacy/landing/sections/PersonaSection.tsx(28,7): error TS17004: Cannot use JSX unless the '--jsx' flag is provided.
apps/web/src/components/_legacy/landing/sections/PersonaSection.tsx(30,7): error TS17004: Cannot use JSX unless the '--jsx' flag is provided.
apps/web/src/components/_legacy/landing/sections/PersonaSection.tsx(32,11): error TS17004: Cannot use JSX unless the '--jsx' flag is provided.
apps/web/src/components/_legacy/landing/sections/PersonaSection.tsx(43,13): error TS17004: Cannot use JSX unless the '--jsx' flag is provided.
apps/web/src/components/_legacy/landing/sections/PersonaSection.tsx(46,13): error TS17004: Cannot use JSX unless the '--jsx' flag is provided.
apps/web/src/components/_legacy/landing/sections/PersonaSection.tsx(47,13): error TS17004: Cannot use JSX unless the '--jsx' flag is provided.
apps/web/src/components/_legacy/landing/sections/PersonaSection.tsx(49,15): error TS17004: Cannot use JSX unless the '--jsx' flag is provided.
apps/web/src/components/_legacy/project/AnalysisStatusPanel.tsx(6,39): error TS2307: Cannot find module '@/lib/status' or its corresponding type declarations.
apps/web/src/components/_legacy/project/AnalysisStatusPanel.tsx(53,5): error TS17004: Cannot use JSX unless the '--jsx' flag is provided.
apps/web/src/components/_legacy/project/AnalysisStatusPanel.tsx(54,7): error TS17004: Cannot use JSX unless the '--jsx' flag is provided.
apps/web/src/components/_legacy/project/AnalysisStatusPanel.tsx(55,9): error TS17004: Cannot use JSX unless the '--jsx' flag is provided.
apps/web/src/components/_legacy/project/AnalysisStatusPanel.tsx(56,11): error TS17004: Cannot use JSX unless the '--jsx' flag is provided.
apps/web/src/components/_legacy/project/AnalysisStatusPanel.tsx(58,13): error TS17004: Cannot use JSX unless the '--jsx' flag is provided.
apps/web/src/components/_legacy/project/AnalysisStatusPanel.tsx(72,11): error TS17004: Cannot use JSX unless the '--jsx' flag is provided.
apps/web/src/components/_legacy/project/AnalysisStatusPanel.tsx(74,15): error TS17004: Cannot use JSX unless the '--jsx' flag is provided.
apps/web/src/components/_legacy/project/AnalysisStatusPanel.tsx(79,15): error TS17004: Cannot use JSX unless the '--jsx' flag is provided.
apps/web/src/components/_legacy/project/AnalysisStatusPanel.tsx(84,9): error TS17004: Cannot use JSX unless the '--jsx' flag is provided.
apps/web/src/components/_legacy/project/AnalysisStatusPanel.tsx(86,13): error TS17004: Cannot use JSX unless the '--jsx' flag is provided.
apps/web/src/components/_legacy/project/AnalysisStatusPanel.tsx(90,15): error TS17004: Cannot use JSX unless the '--jsx' flag is provided.
apps/web/src/components/_legacy/project/AnalysisStatusPanel.tsx(95,11): error TS17004: Cannot use JSX unless the '--jsx' flag is provided.
apps/web/src/components/_legacy/project/AnalysisStatusPanel.tsx(105,15): error TS17004: Cannot use JSX unless the '--jsx' flag is provided.
apps/web/src/components/_legacy/project/AnalysisStatusPanel.tsx(106,17): error TS17004: Cannot use JSX unless the '--jsx' flag is provided.
apps/web/src/components/_legacy/project/AnalysisStatusPanel.tsx(109,15): error TS17004: Cannot use JSX unless the '--jsx' flag is provided.
apps/web/src/components/_legacy/project/AnalysisStatusPanel.tsx(110,17): error TS17004: Cannot use JSX unless the '--jsx' flag is provided.
apps/web/src/components/_legacy/project/AnalysisStatusPanel.tsx(115,11): error TS17004: Cannot use JSX unless the '--jsx' flag is provided.
apps/web/src/components/_legacy/project/AnalysisStatusPanel.tsx(124,13): error TS17004: Cannot use JSX unless the '--jsx' flag is provided.
apps/web/src/components/_legacy/project/AnalysisStatusPanel.tsx(128,11): error TS17004: Cannot use JSX unless the '--jsx' flag is provided.
apps/web/src/components/_legacy/project/AnalysisStatusPanel.tsx(137,7): error TS17004: Cannot use JSX unless the '--jsx' flag is provided.
apps/web/src/components/_legacy/project/AnalysisStatusPanel.tsx(138,9): error TS17004: Cannot use JSX unless the '--jsx' flag is provided.
apps/web/src/components/_legacy/project/AnalysisStatusPanel.tsx(140,13): error TS17004: Cannot use JSX unless the '--jsx' flag is provided.
apps/web/src/components/_legacy/project/AnalysisStatusPanel.tsx(141,15): error TS17004: Cannot use JSX unless the '--jsx' flag is provided.
apps/web/src/components/_legacy/project/AnalysisStatusPanel.tsx(144,17): error TS17004: Cannot use JSX unless the '--jsx' flag is provided.
apps/web/src/components/_legacy/project/AnalysisStatusPanel.tsx(151,9): error TS17004: Cannot use JSX unless the '--jsx' flag is provided.
apps/web/src/components/_legacy/project/ContentList.tsx(4,28): error TS2307: Cannot find module '@/components/ui/PanelShell' or its corresponding type declarations.
apps/web/src/components/_legacy/project/ContentList.tsx(5,29): error TS2307: Cannot find module '@/components/ui/StatusBadge' or its corresponding type declarations.
apps/web/src/components/_legacy/project/ContentList.tsx(6,30): error TS2307: Cannot find module '@/components/_legacy/ui/ProgressCard' or its corresponding type declarations.
apps/web/src/components/_legacy/project/ContentList.tsx(77,7): error TS17004: Cannot use JSX unless the '--jsx' flag is provided.
apps/web/src/components/_legacy/project/ContentList.tsx(78,9): error TS17004: Cannot use JSX unless the '--jsx' flag is provided.
apps/web/src/components/_legacy/project/ContentList.tsx(79,11): error TS17004: Cannot use JSX unless the '--jsx' flag is provided.
apps/web/src/components/_legacy/project/ContentList.tsx(80,11): error TS17004: Cannot use JSX unless the '--jsx' flag is provided.
apps/web/src/components/_legacy/project/ContentList.tsx(91,7): error TS17004: Cannot use JSX unless the '--jsx' flag is provided.
apps/web/src/components/_legacy/project/ContentList.tsx(92,9): error TS17004: Cannot use JSX unless the '--jsx' flag is provided.
apps/web/src/components/_legacy/project/ContentList.tsx(100,15): error TS17004: Cannot use JSX unless the '--jsx' flag is provided.
apps/web/src/components/_legacy/project/ContentList.tsx(123,7): error TS17004: Cannot use JSX unless the '--jsx' flag is provided.
apps/web/src/components/_legacy/project/ContentList.tsx(124,9): error TS17004: Cannot use JSX unless the '--jsx' flag is provided.
apps/web/src/components/_legacy/project/ContentList.tsx(132,15): error TS17004: Cannot use JSX unless the '--jsx' flag is provided.
apps/web/src/components/_legacy/project/ContentList.tsx(153,7): error TS17004: Cannot use JSX unless the '--jsx' flag is provided.
apps/web/src/components/_legacy/project/ContentList.tsx(154,9): error TS17004: Cannot use JSX unless the '--jsx' flag is provided.
apps/web/src/components/_legacy/project/ContentList.tsx(164,15): error TS17004: Cannot use JSX unless the '--jsx' flag is provided.
apps/web/src/components/_legacy/project/ContentList.tsx(169,17): error TS17004: Cannot use JSX unless the '--jsx' flag is provided.
apps/web/src/components/_legacy/project/ContentList.tsx(170,19): error TS17004: Cannot use JSX unless the '--jsx' flag is provided.
apps/web/src/components/_legacy/project/ContentList.tsx(171,21): error TS17004: Cannot use JSX unless the '--jsx' flag is provided.
apps/web/src/components/_legacy/project/ContentList.tsx(174,21): error TS17004: Cannot use JSX unless the '--jsx' flag is provided.
apps/web/src/components/_legacy/project/ContentList.tsx(176,23): error TS17004: Cannot use JSX unless the '--jsx' flag is provided.
apps/web/src/components/_legacy/project/ContentList.tsx(182,17): error TS17004: Cannot use JSX unless the '--jsx' flag is provided.
apps/web/src/components/_legacy/project/ContentList.tsx(184,19): error TS17004: Cannot use JSX unless the '--jsx' flag is provided.
apps/web/src/components/_legacy/project/ContentList.tsx(188,17): error TS17004: Cannot use JSX unless the '--jsx' flag is provided.
apps/web/src/components/_legacy/project/ContentList.tsx(191,21): error TS17004: Cannot use JSX unless the '--jsx' flag is provided.
apps/web/src/components/_legacy/project/ContentList.tsx(193,23): error TS17004: Cannot use JSX unless the '--jsx' flag is provided.
apps/web/src/components/_legacy/project/ContentList.tsx(199,19): error TS17004: Cannot use JSX unless the '--jsx' flag is provided.
apps/web/src/components/_legacy/project/ContentList.tsx(201,23): error TS17004: Cannot use JSX unless the '--jsx' flag is provided.
apps/web/src/components/_legacy/project/ContentList.tsx(205,38): error TS17004: Cannot use JSX unless the '--jsx' flag is provided.
apps/web/src/components/_legacy/project/ContentList.tsx(217,5): error TS17004: Cannot use JSX unless the '--jsx' flag is provided.
apps/web/src/components/_legacy/project/ContentList.tsx(218,7): error TS17004: Cannot use JSX unless the '--jsx' flag is provided.
apps/web/src/components/_legacy/project/ContentList.tsx(219,9): error TS17004: Cannot use JSX unless the '--jsx' flag is provided.
apps/web/src/components/_legacy/project/ContentList.tsx(220,9): error TS17004: Cannot use JSX unless the '--jsx' flag is provided.
apps/web/src/components/_legacy/project/StudioTree.tsx(39,7): error TS17004: Cannot use JSX unless the '--jsx' flag is provided.
apps/web/src/components/_legacy/project/StudioTree.tsx(49,5): error TS17004: Cannot use JSX unless the '--jsx' flag is provided.
apps/web/src/components/_legacy/project/StudioTree.tsx(63,11): error TS17004: Cannot use JSX unless the '--jsx' flag is provided.
apps/web/src/components/_legacy/project/StudioTree.tsx(64,13): error TS17004: Cannot use JSX unless the '--jsx' flag is provided.
apps/web/src/components/_legacy/project/StudioTree.tsx(75,17): error TS17004: Cannot use JSX unless the '--jsx' flag is provided.
apps/web/src/components/_legacy/project/StudioTree.tsx(76,19): error TS17004: Cannot use JSX unless the '--jsx' flag is provided.
apps/web/src/components/_legacy/project/StudioTree.tsx(87,23): error TS17004: Cannot use JSX unless the '--jsx' flag is provided.
apps/web/src/components/_legacy/project/StudioTree.tsx(88,25): error TS17004: Cannot use JSX unless the '--jsx' flag is provided.
apps/web/src/components/_legacy/project/StudioTree.tsx(110,13): error TS17004: Cannot use JSX unless the '--jsx' flag is provided.
apps/web/src/components/_legacy/project/StudioTree.tsx(111,15): error TS17004: Cannot use JSX unless the '--jsx' flag is provided.
apps/web/src/components/_legacy/project/StudioTree.tsx(122,19): error TS17004: Cannot use JSX unless the '--jsx' flag is provided.
apps/web/src/components/_legacy/project/StudioTree.tsx(123,21): error TS17004: Cannot use JSX unless the '--jsx' flag is provided.
apps/web/src/components/_legacy/project/StudioTree.tsx(156,5): error TS17004: Cannot use JSX unless the '--jsx' flag is provided.
apps/web/src/components/_legacy/project/StudioTree.tsx(176,7): error TS17004: Cannot use JSX unless the '--jsx' flag is provided.
apps/web/src/components/_legacy/project/StudioTree.tsx(181,7): error TS17004: Cannot use JSX unless the '--jsx' flag is provided.
apps/web/src/components/_legacy/ShotEditor.tsx(4,36): error TS2307: Cannot find module '@/lib/apiClient' or its corresponding type declarations.
apps/web/src/components/_legacy/ShotEditor.tsx(169,7): error TS17004: Cannot use JSX unless the '--jsx' flag is provided.
apps/web/src/components/_legacy/ShotEditor.tsx(200,5): error TS17004: Cannot use JSX unless the '--jsx' flag is provided.
apps/web/src/components/_legacy/ShotEditor.tsx(211,7): error TS17004: Cannot use JSX unless the '--jsx' flag is provided.
apps/web/src/components/_legacy/ShotEditor.tsx(212,9): error TS17004: Cannot use JSX unless the '--jsx' flag is provided.
apps/web/src/components/_legacy/ShotEditor.tsx(220,11): error TS17004: Cannot use JSX unless the '--jsx' flag is provided.
apps/web/src/components/_legacy/ShotEditor.tsx(222,13): error TS17004: Cannot use JSX unless the '--jsx' flag is provided.
apps/web/src/components/_legacy/ShotEditor.tsx(239,9): error TS17004: Cannot use JSX unless the '--jsx' flag is provided.
apps/web/src/components/_legacy/ShotEditor.tsx(240,11): error TS17004: Cannot use JSX unless the '--jsx' flag is provided.
apps/web/src/components/_legacy/ShotEditor.tsx(251,11): error TS17004: Cannot use JSX unless the '--jsx' flag is provided.
apps/web/src/components/_legacy/ShotEditor.tsx(265,7): error TS17004: Cannot use JSX unless the '--jsx' flag is provided.
apps/web/src/components/_legacy/ShotEditor.tsx(267,11): error TS17004: Cannot use JSX unless the '--jsx' flag is provided.
apps/web/src/components/_legacy/ShotEditor.tsx(268,13): error TS17004: Cannot use JSX unless the '--jsx' flag is provided.
apps/web/src/components/_legacy/ShotEditor.tsx(269,15): error TS17004: Cannot use JSX unless the '--jsx' flag is provided.
apps/web/src/components/_legacy/ShotEditor.tsx(279,15): error TS17004: Cannot use JSX unless the '--jsx' flag is provided.
apps/web/src/components/_legacy/ShotEditor.tsx(293,13): error TS17004: Cannot use JSX unless the '--jsx' flag is provided.
apps/web/src/components/_legacy/ShotEditor.tsx(294,15): error TS17004: Cannot use JSX unless the '--jsx' flag is provided.
apps/web/src/components/_legacy/ShotEditor.tsx(304,15): error TS17004: Cannot use JSX unless the '--jsx' flag is provided.
apps/web/src/components/_legacy/ShotEditor.tsx(319,13): error TS17004: Cannot use JSX unless the '--jsx' flag is provided.
apps/web/src/components/_legacy/ShotEditor.tsx(320,15): error TS17004: Cannot use JSX unless the '--jsx' flag is provided.
apps/web/src/components/_legacy/ShotEditor.tsx(330,15): error TS17004: Cannot use JSX unless the '--jsx' flag is provided.
apps/web/src/components/_legacy/ShotEditor.tsx(345,13): error TS17004: Cannot use JSX unless the '--jsx' flag is provided.
apps/web/src/components/_legacy/ShotEditor.tsx(346,15): error TS17004: Cannot use JSX unless the '--jsx' flag is provided.
apps/web/src/components/_legacy/ShotEditor.tsx(356,15): error TS17004: Cannot use JSX unless the '--jsx' flag is provided.
apps/web/src/components/_legacy/ShotEditor.tsx(371,13): error TS17004: Cannot use JSX unless the '--jsx' flag is provided.
apps/web/src/components/_legacy/ShotEditor.tsx(372,15): error TS17004: Cannot use JSX unless the '--jsx' flag is provided.
apps/web/src/components/_legacy/ShotEditor.tsx(388,15): error TS17004: Cannot use JSX unless the '--jsx' flag is provided.
apps/web/src/components/_legacy/ShotEditor.tsx(415,11): error TS17004: Cannot use JSX unless the '--jsx' flag is provided.
apps/web/src/components/_legacy/ShotEditor.tsx(417,15): error TS17004: Cannot use JSX unless the '--jsx' flag is provided.
apps/web/src/components/_legacy/ShotEditor.tsx(418,17): error TS17004: Cannot use JSX unless the '--jsx' flag is provided.
apps/web/src/components/_legacy/ShotEditor.tsx(421,17): error TS17004: Cannot use JSX unless the '--jsx' flag is provided.
apps/web/src/components/_legacy/ShotEditor.tsx(426,15): error TS17004: Cannot use JSX unless the '--jsx' flag is provided.
apps/web/src/components/_legacy/ShotEditor.tsx(427,17): error TS17004: Cannot use JSX unless the '--jsx' flag is provided.
apps/web/src/components/_legacy/ShotEditor.tsx(430,17): error TS17004: Cannot use JSX unless the '--jsx' flag is provided.
apps/web/src/components/_legacy/ShotEditor.tsx(437,15): error TS17004: Cannot use JSX unless the '--jsx' flag is provided.
apps/web/src/components/_legacy/ShotEditor.tsx(438,17): error TS17004: Cannot use JSX unless the '--jsx' flag is provided.
apps/web/src/components/_legacy/ShotEditor.tsx(441,17): error TS17004: Cannot use JSX unless the '--jsx' flag is provided.
apps/web/src/components/_legacy/ShotEditor.tsx(446,15): error TS17004: Cannot use JSX unless the '--jsx' flag is provided.
apps/web/src/components/_legacy/ShotEditor.tsx(447,17): error TS17004: Cannot use JSX unless the '--jsx' flag is provided.
apps/web/src/components/_legacy/ShotEditor.tsx(450,17): error TS17004: Cannot use JSX unless the '--jsx' flag is provided.
apps/web/src/components/_legacy/ShotEditor.tsx(457,15): error TS17004: Cannot use JSX unless the '--jsx' flag is provided.
apps/web/src/components/_legacy/ShotEditor.tsx(458,17): error TS17004: Cannot use JSX unless the '--jsx' flag is provided.
apps/web/src/components/_legacy/ShotEditor.tsx(461,17): error TS17004: Cannot use JSX unless the '--jsx' flag is provided.
apps/web/src/components/_legacy/ShotEditor.tsx(474,19): error TS17004: Cannot use JSX unless the '--jsx' flag is provided.
apps/web/src/components/_legacy/ShotEditor.tsx(480,15): error TS17004: Cannot use JSX unless the '--jsx' flag is provided.
apps/web/src/components/_legacy/ShotEditor.tsx(481,17): error TS17004: Cannot use JSX unless the '--jsx' flag is provided.
apps/web/src/components/_legacy/ShotEditor.tsx(484,17): error TS17004: Cannot use JSX unless the '--jsx' flag is provided.
apps/web/src/components/_legacy/ShotEditor.tsx(494,11): error TS17004: Cannot use JSX unless the '--jsx' flag is provided.
apps/web/src/components/_legacy/ShotEditor.tsx(498,13): error TS17004: Cannot use JSX unless the '--jsx' flag is provided.
apps/web/src/components/_legacy/ShotEditor.tsx(499,15): error TS17004: Cannot use JSX unless the '--jsx' flag is provided.
apps/web/src/components/_legacy/ShotEditor.tsx(509,15): error TS17004: Cannot use JSX unless the '--jsx' flag is provided.
apps/web/src/components/_legacy/ShotEditor.tsx(521,17): error TS17004: Cannot use JSX unless the '--jsx' flag is provided.
apps/web/src/components/_legacy/ShotEditor.tsx(522,17): error TS17004: Cannot use JSX unless the '--jsx' flag is provided.
apps/web/src/components/_legacy/ShotEditor.tsx(525,13): error TS17004: Cannot use JSX unless the '--jsx' flag is provided.
apps/web/src/components/_legacy/ShotEditor.tsx(541,13): error TS17004: Cannot use JSX unless the '--jsx' flag is provided.
apps/web/src/components/_legacy/ShotEditor.tsx(552,13): error TS17004: Cannot use JSX unless the '--jsx' flag is provided.
apps/web/src/components/_legacy/ShotEditor.tsx(553,15): error TS17004: Cannot use JSX unless the '--jsx' flag is provided.
apps/web/src/components/_legacy/ShotEditor.tsx(570,15): error TS17004: Cannot use JSX unless the '--jsx' flag is provided.
apps/web/src/components/_legacy/ShotEditor.tsx(592,9): error TS17004: Cannot use JSX unless the '--jsx' flag is provided.
apps/web/src/components/_legacy/ShotEditor.tsx(593,11): error TS17004: Cannot use JSX unless the '--jsx' flag is provided.
apps/web/src/components/_legacy/ShotEditor.tsx(597,13): error TS17004: Cannot use JSX unless the '--jsx' flag is provided.
apps/web/src/components/_legacy/ShotEditor.tsx(599,13): error TS17004: Cannot use JSX unless the '--jsx' flag is provided.
apps/web/src/components/_legacy/ShotEditor.tsx(601,13): error TS17004: Cannot use JSX unless the '--jsx' flag is provided.
apps/web/src/components/_legacy/ShotEditor.tsx(603,17): error TS17004: Cannot use JSX unless the '--jsx' flag is provided.
apps/web/src/components/_legacy/ShotEditor.tsx(612,19): error TS17004: Cannot use JSX unless the '--jsx' flag is provided.
apps/web/src/components/_legacy/ShotEditor.tsx(619,21): error TS17004: Cannot use JSX unless the '--jsx' flag is provided.
apps/web/src/components/_legacy/ShotEditor.tsx(620,21): error TS17004: Cannot use JSX unless the '--jsx' flag is provided.
apps/web/src/components/_legacy/ShotEditor.tsx(637,19): error TS17004: Cannot use JSX unless the '--jsx' flag is provided.
apps/web/src/components/_legacy/ShotEditor.tsx(642,21): error TS17004: Cannot use JSX unless the '--jsx' flag is provided.
apps/web/src/components/_legacy/ShotEditor.tsx(647,21): error TS17004: Cannot use JSX unless the '--jsx' flag is provided.
apps/web/src/components/_legacy/ShotEditor.tsx(660,9): error TS17004: Cannot use JSX unless the '--jsx' flag is provided.
apps/web/src/components/_legacy/ShotEditor.tsx(675,11): error TS17004: Cannot use JSX unless the '--jsx' flag is provided.
apps/web/src/components/_legacy/ShotEditor.tsx(684,13): error TS17004: Cannot use JSX unless the '--jsx' flag is provided.
apps/web/src/components/_legacy/ShotEditor.tsx(685,13): error TS17004: Cannot use JSX unless the '--jsx' flag is provided.
apps/web/src/components/_legacy/ShotEditor.tsx(699,13): error TS17004: Cannot use JSX unless the '--jsx' flag is provided.
apps/web/src/components/_legacy/ShotEditor.tsx(700,15): error TS17004: Cannot use JSX unless the '--jsx' flag is provided.
apps/web/src/components/_legacy/ShotEditor.tsx(716,15): error TS17004: Cannot use JSX unless the '--jsx' flag is provided.
apps/web/src/components/_legacy/ui/Button.tsx(80,5): error TS17004: Cannot use JSX unless the '--jsx' flag is provided.
apps/web/src/components/_legacy/ui/DetailDrawer.tsx(4,29): error TS2307: Cannot find module '@/components/ui/StatusBadge' or its corresponding type declarations.
apps/web/src/components/_legacy/ui/DetailDrawer.tsx(65,5): error TS17004: Cannot use JSX unless the '--jsx' flag is provided.
apps/web/src/components/_legacy/ui/DetailDrawer.tsx(67,7): error TS17004: Cannot use JSX unless the '--jsx' flag is provided.
apps/web/src/components/_legacy/ui/DetailDrawer.tsx(73,7): error TS17004: Cannot use JSX unless the '--jsx' flag is provided.
apps/web/src/components/_legacy/ui/DetailDrawer.tsx(75,9): error TS17004: Cannot use JSX unless the '--jsx' flag is provided.
apps/web/src/components/_legacy/ui/DetailDrawer.tsx(76,11): error TS17004: Cannot use JSX unless the '--jsx' flag is provided.
apps/web/src/components/_legacy/ui/DetailDrawer.tsx(77,13): error TS17004: Cannot use JSX unless the '--jsx' flag is provided.
apps/web/src/components/_legacy/ui/DetailDrawer.tsx(78,13): error TS17004: Cannot use JSX unless the '--jsx' flag is provided.
apps/web/src/components/_legacy/ui/DetailDrawer.tsx(80,11): error TS17004: Cannot use JSX unless the '--jsx' flag is provided.
apps/web/src/components/_legacy/ui/DetailDrawer.tsx(81,13): error TS17004: Cannot use JSX unless the '--jsx' flag is provided.
apps/web/src/components/_legacy/ui/DetailDrawer.tsx(82,15): error TS17004: Cannot use JSX unless the '--jsx' flag is provided.
apps/web/src/components/_legacy/ui/DetailDrawer.tsx(93,9): error TS17004: Cannot use JSX unless the '--jsx' flag is provided.
apps/web/src/components/_legacy/ui/DetailDrawer.tsx(94,11): error TS17004: Cannot use JSX unless the '--jsx' flag is provided.
apps/web/src/components/_legacy/ui/DetailDrawer.tsx(95,13): error TS17004: Cannot use JSX unless the '--jsx' flag is provided.
apps/web/src/components/_legacy/ui/DetailDrawer.tsx(96,13): error TS17004: Cannot use JSX unless the '--jsx' flag is provided.
apps/web/src/components/_legacy/ui/DetailDrawer.tsx(97,15): error TS17004: Cannot use JSX unless the '--jsx' flag is provided.
apps/web/src/components/_legacy/ui/DetailDrawer.tsx(98,15): error TS17004: Cannot use JSX unless the '--jsx' flag is provided.
apps/web/src/components/_legacy/ui/DetailDrawer.tsx(110,9): error TS17004: Cannot use JSX unless the '--jsx' flag is provided.
apps/web/src/components/_legacy/ui/DetailDrawer.tsx(112,11): error TS17004: Cannot use JSX unless the '--jsx' flag is provided.
apps/web/src/components/_legacy/ui/DetailDrawer.tsx(113,13): error TS17004: Cannot use JSX unless the '--jsx' flag is provided.
apps/web/src/components/_legacy/ui/DetailDrawer.tsx(114,13): error TS17004: Cannot use JSX unless the '--jsx' flag is provided.
apps/web/src/components/_legacy/ui/DetailDrawer.tsx(115,15): error TS17004: Cannot use JSX unless the '--jsx' flag is provided.
apps/web/src/components/_legacy/ui/DetailDrawer.tsx(116,17): error TS17004: Cannot use JSX unless the '--jsx' flag is provided.
apps/web/src/components/_legacy/ui/DetailDrawer.tsx(117,17): error TS17004: Cannot use JSX unless the '--jsx' flag is provided.
apps/web/src/components/_legacy/ui/DetailDrawer.tsx(119,15): error TS17004: Cannot use JSX unless the '--jsx' flag is provided.
apps/web/src/components/_legacy/ui/DetailDrawer.tsx(120,17): error TS17004: Cannot use JSX unless the '--jsx' flag is provided.
apps/web/src/components/_legacy/ui/DetailDrawer.tsx(121,17): error TS17004: Cannot use JSX unless the '--jsx' flag is provided.
apps/web/src/components/_legacy/ui/DetailDrawer.tsx(123,15): error TS17004: Cannot use JSX unless the '--jsx' flag is provided.
apps/web/src/components/_legacy/ui/DetailDrawer.tsx(124,17): error TS17004: Cannot use JSX unless the '--jsx' flag is provided.
apps/web/src/components/_legacy/ui/DetailDrawer.tsx(125,17): error TS17004: Cannot use JSX unless the '--jsx' flag is provided.
apps/web/src/components/_legacy/ui/DetailDrawer.tsx(132,13): error TS17004: Cannot use JSX unless the '--jsx' flag is provided.
apps/web/src/components/_legacy/ui/DetailDrawer.tsx(133,15): error TS17004: Cannot use JSX unless the '--jsx' flag is provided.
apps/web/src/components/_legacy/ui/DetailDrawer.tsx(137,17): error TS17004: Cannot use JSX unless the '--jsx' flag is provided.
apps/web/src/components/_legacy/ui/DetailDrawer.tsx(138,17): error TS17004: Cannot use JSX unless the '--jsx' flag is provided.
apps/web/src/components/_legacy/ui/DetailDrawer.tsx(144,19): error TS17004: Cannot use JSX unless the '--jsx' flag is provided.
apps/web/src/components/_legacy/ui/DetailDrawer.tsx(153,17): error TS17004: Cannot use JSX unless the '--jsx' flag is provided.
apps/web/src/components/_legacy/ui/DetailDrawer.tsx(154,19): error TS17004: Cannot use JSX unless the '--jsx' flag is provided.
apps/web/src/components/_legacy/ui/DetailDrawer.tsx(164,13): error TS17004: Cannot use JSX unless the '--jsx' flag is provided.
apps/web/src/components/_legacy/ui/DetailDrawer.tsx(165,15): error TS17004: Cannot use JSX unless the '--jsx' flag is provided.
apps/web/src/components/_legacy/ui/DetailDrawer.tsx(169,17): error TS17004: Cannot use JSX unless the '--jsx' flag is provided.
apps/web/src/components/_legacy/ui/DetailDrawer.tsx(170,17): error TS17004: Cannot use JSX unless the '--jsx' flag is provided.
apps/web/src/components/_legacy/ui/DetailDrawer.tsx(176,19): error TS17004: Cannot use JSX unless the '--jsx' flag is provided.
apps/web/src/components/_legacy/ui/DetailDrawer.tsx(185,17): error TS17004: Cannot use JSX unless the '--jsx' flag is provided.
apps/web/src/components/_legacy/ui/DetailDrawer.tsx(186,19): error TS17004: Cannot use JSX unless the '--jsx' flag is provided.
apps/web/src/components/_legacy/ui/DetailDrawer.tsx(196,13): error TS17004: Cannot use JSX unless the '--jsx' flag is provided.
apps/web/src/components/_legacy/ui/DetailDrawer.tsx(197,15): error TS17004: Cannot use JSX unless the '--jsx' flag is provided.
apps/web/src/components/_legacy/ui/DetailDrawer.tsx(198,17): error TS17004: Cannot use JSX unless the '--jsx' flag is provided.
apps/web/src/components/_legacy/ui/DetailDrawer.tsx(199,17): error TS17004: Cannot use JSX unless the '--jsx' flag is provided.
apps/web/src/components/_legacy/ui/DetailDrawer.tsx(207,15): error TS17004: Cannot use JSX unless the '--jsx' flag is provided.
apps/web/src/components/_legacy/ui/DetailDrawer.tsx(216,9): error TS17004: Cannot use JSX unless the '--jsx' flag is provided.
apps/web/src/components/_legacy/ui/DetailDrawer.tsx(218,13): error TS17004: Cannot use JSX unless the '--jsx' flag is provided.
apps/web/src/components/_legacy/ui/DetailDrawer.tsx(226,13): error TS17004: Cannot use JSX unless the '--jsx' flag is provided.
apps/web/src/components/_legacy/ui/ProgressCard.tsx(4,29): error TS2307: Cannot find module '@/components/ui/StatusBadge' or its corresponding type declarations.
apps/web/src/components/_legacy/ui/ProgressCard.tsx(51,5): error TS17004: Cannot use JSX unless the '--jsx' flag is provided.
apps/web/src/components/_legacy/ui/ProgressCard.tsx(62,7): error TS17004: Cannot use JSX unless the '--jsx' flag is provided.
apps/web/src/components/_legacy/ui/ProgressCard.tsx(63,9): error TS17004: Cannot use JSX unless the '--jsx' flag is provided.
apps/web/src/components/_legacy/ui/ProgressCard.tsx(64,11): error TS17004: Cannot use JSX unless the '--jsx' flag is provided.
apps/web/src/components/_legacy/ui/ProgressCard.tsx(72,11): error TS17004: Cannot use JSX unless the '--jsx' flag is provided.
apps/web/src/components/_legacy/ui/ProgressCard.tsx(74,9): error TS17004: Cannot use JSX unless the '--jsx' flag is provided.
apps/web/src/components/_legacy/ui/ProgressCard.tsx(79,9): error TS17004: Cannot use JSX unless the '--jsx' flag is provided.
apps/web/src/components/_legacy/ui/ProgressCard.tsx(86,9): error TS17004: Cannot use JSX unless the '--jsx' flag is provided.
apps/web/src/components/_legacy/ui/ProgressCard.tsx(88,13): error TS17004: Cannot use JSX unless the '--jsx' flag is provided.
apps/web/src/components/_legacy/ui/ProgressCard.tsx(89,15): error TS17004: Cannot use JSX unless the '--jsx' flag is provided.
apps/web/src/components/_legacy/ui/ProgressCard.tsx(90,15): error TS17004: Cannot use JSX unless the '--jsx' flag is provided.
apps/web/src/components/_legacy/ui/ProgressCard.tsx(97,7): error TS17004: Cannot use JSX unless the '--jsx' flag is provided.
apps/web/src/components/_legacy/ui/ProgressCard.tsx(100,11): error TS17004: Cannot use JSX unless the '--jsx' flag is provided.
apps/web/src/components/_legacy/ui/ProgressCard.tsx(102,15): error TS17004: Cannot use JSX unless the '--jsx' flag is provided.
apps/web/src/components/_legacy/ui/ProgressCard.tsx(116,26): error TS17004: Cannot use JSX unless the '--jsx' flag is provided.
apps/web/src/components/_legacy/workbench/overview/FlowProgress.tsx(14,5): error TS17004: Cannot use JSX unless the '--jsx' flag is provided.
apps/web/src/components/_legacy/workbench/overview/FlowProgress.tsx(15,7): error TS17004: Cannot use JSX unless the '--jsx' flag is provided.
apps/web/src/components/_legacy/workbench/overview/FlowProgress.tsx(17,7): error TS17004: Cannot use JSX unless the '--jsx' flag is provided.
apps/web/src/components/_legacy/workbench/overview/FlowProgress.tsx(19,9): error TS17004: Cannot use JSX unless the '--jsx' flag is provided.
apps/web/src/components/_legacy/workbench/overview/FlowProgress.tsx(33,13): error TS17004: Cannot use JSX unless the '--jsx' flag is provided.
apps/web/src/components/_legacy/workbench/overview/FlowProgress.tsx(34,15): error TS17004: Cannot use JSX unless the '--jsx' flag is provided.
apps/web/src/components/_legacy/workbench/overview/FlowProgress.tsx(40,15): error TS17004: Cannot use JSX unless the '--jsx' flag is provided.
apps/web/src/components/_legacy/workbench/overview/FlowProgress.tsx(41,17): error TS17004: Cannot use JSX unless the '--jsx' flag is provided.
apps/web/src/components/_legacy/workbench/overview/FlowProgress.tsx(47,19): error TS17004: Cannot use JSX unless the '--jsx' flag is provided.
apps/web/src/components/_legacy/workbench/overview/FlowProgress.tsx(52,19): error TS17004: Cannot use JSX unless the '--jsx' flag is provided.
apps/web/src/components/_legacy/workbench/overview/FlowProgress.tsx(60,25): error TS17004: Cannot use JSX unless the '--jsx' flag is provided.
apps/web/src/components/_legacy/workbench/overview/FlowProgress.tsx(74,17): error TS17004: Cannot use JSX unless the '--jsx' flag is provided.
apps/web/src/components/_legacy/workbench/overview/ProjectOverview.tsx(6,44): error TS2307: Cannot find module '@/lib/apiClient' or its corresponding type declarations.
apps/web/src/components/_legacy/workbench/overview/ProjectOverview.tsx(7,40): error TS2307: Cannot find module '@/lib/mock/project-overview' or its corresponding type declarations.
apps/web/src/components/_legacy/workbench/overview/ProjectOverview.tsx(8,32): error TS2307: Cannot find module '@/components/workbench/overview/OverviewHeader' or its corresponding type declarations.
apps/web/src/components/_legacy/workbench/overview/ProjectOverview.tsx(9,30): error TS6142: Module './FlowProgress' was resolved to '/Users/adam/Desktop/adam/毛毛虫宇宙/Super Caterpillar/apps/web/src/components/_legacy/workbench/overview/FlowProgress.tsx', but '--jsx' is not set.
apps/web/src/components/_legacy/workbench/overview/ProjectOverview.tsx(10,32): error TS2307: Cannot find module '@/components/workbench/overview/NextActionCard' or its corresponding type declarations.
apps/web/src/components/_legacy/workbench/overview/ProjectOverview.tsx(11,36): error TS2307: Cannot find module '@/components/workbench/overview/StructureStatsCard' or its corresponding type declarations.
apps/web/src/components/_legacy/workbench/overview/ProjectOverview.tsx(12,28): error TS2307: Cannot find module '@/components/workbench/overview/JobMonitor' or its corresponding type declarations.
apps/web/src/components/_legacy/workbench/overview/ProjectOverview.tsx(79,7): error TS17004: Cannot use JSX unless the '--jsx' flag is provided.
apps/web/src/components/_legacy/workbench/overview/ProjectOverview.tsx(85,5): error TS17004: Cannot use JSX unless the '--jsx' flag is provided.
apps/web/src/components/_legacy/workbench/overview/ProjectOverview.tsx(87,7): error TS17004: Cannot use JSX unless the '--jsx' flag is provided.
apps/web/src/components/_legacy/workbench/overview/ProjectOverview.tsx(89,7): error TS17004: Cannot use JSX unless the '--jsx' flag is provided.
apps/web/src/components/_legacy/workbench/overview/ProjectOverview.tsx(91,9): error TS17004: Cannot use JSX unless the '--jsx' flag is provided.
apps/web/src/components/_legacy/workbench/overview/ProjectOverview.tsx(92,11): error TS17004: Cannot use JSX unless the '--jsx' flag is provided.
apps/web/src/components/_legacy/workbench/overview/ProjectOverview.tsx(96,9): error TS17004: Cannot use JSX unless the '--jsx' flag is provided.
apps/web/src/components/_legacy/workbench/overview/ProjectOverview.tsx(97,11): error TS17004: Cannot use JSX unless the '--jsx' flag is provided.
apps/web/src/components/_legacy/workbench/overview/ProjectOverview.tsx(103,11): error TS17004: Cannot use JSX unless the '--jsx' flag is provided.
apps/web/src/components/_legacy/workbench/overview/ProjectOverview.tsx(108,11): error TS17004: Cannot use JSX unless the '--jsx' flag is provided.
apps/web/src/components/_legacy/workbench/overview/ProjectOverview.tsx(114,11): error TS17004: Cannot use JSX unless the '--jsx' flag is provided.
apps/web/src/components/_legacy/workbench/overview/ProjectOverview.tsx(124,11): error TS17004: Cannot use JSX unless the '--jsx' flag is provided.
apps/web/src/components/_legacy/workbench/overview/ProjectOverview.tsx(125,13): error TS17004: Cannot use JSX unless the '--jsx' flag is provided.
apps/web/src/components/_legacy/workbench/overview/ProjectOverview.tsx(126,15): error TS17004: Cannot use JSX unless the '--jsx' flag is provided.
apps/web/src/components/_legacy/workbench/overview/ProjectOverview.tsx(127,15): error TS17004: Cannot use JSX unless the '--jsx' flag is provided.
apps/web/src/components/_legacy/workbench/overview/ProjectOverview.tsx(129,13): error TS17004: Cannot use JSX unless the '--jsx' flag is provided.
apps/web/src/components/_legacy/workbench/overview/ProjectOverview.tsx(138,9): error TS17004: Cannot use JSX unless the '--jsx' flag is provided.
apps/web/src/components/_legacy/workbench/overview/ProjectOverview.tsx(140,11): error TS17004: Cannot use JSX unless the '--jsx' flag is provided.
apps/web/src/components/_legacy/workbench/overview/ProjectOverview.tsx(142,13): error TS17004: Cannot use JSX unless the '--jsx' flag is provided.
apps/web/src/components/_legacy/workbench/overview/ProjectOverview.tsx(145,13): error TS17004: Cannot use JSX unless the '--jsx' flag is provided.
apps/web/src/components/_legacy/workbench/overview/ProjectOverview.tsx(146,15): error TS17004: Cannot use JSX unless the '--jsx' flag is provided.
apps/web/src/components/_legacy/workbench/overview/ProjectOverview.tsx(150,13): error TS17004: Cannot use JSX unless the '--jsx' flag is provided.
apps/web/src/components/_legacy/workbench/overview/ProjectOverview.tsx(152,15): error TS17004: Cannot use JSX unless the '--jsx' flag is provided.
apps/web/src/components/_legacy/workbench/overview/ProjectOverview.tsx(153,17): error TS17004: Cannot use JSX unless the '--jsx' flag is provided.
apps/web/src/components/_legacy/workbench/overview/ProjectOverview.tsx(156,17): error TS17004: Cannot use JSX unless the '--jsx' flag is provided.
apps/web/src/components/_legacy/workbench/overview/ProjectOverview.tsx(157,19): error TS17004: Cannot use JSX unless the '--jsx' flag is provided.
apps/web/src/components/_legacy/workbench/overview/ProjectOverview.tsx(158,19): error TS17004: Cannot use JSX unless the '--jsx' flag is provided.
apps/web/src/components/_legacy/workbench/overview/ProjectOverview.tsx(159,19): error TS17004: Cannot use JSX unless the '--jsx' flag is provided.
apps/web/src/components/_legacy/workbench/overview/ProjectOverview.tsx(164,15): error TS17004: Cannot use JSX unless the '--jsx' flag is provided.
apps/web/src/components/_legacy/workbench/overview/ProjectOverview.tsx(165,17): error TS17004: Cannot use JSX unless the '--jsx' flag is provided.
apps/web/src/components/_legacy/workbench/overview/ProjectOverview.tsx(168,17): error TS17004: Cannot use JSX unless the '--jsx' flag is provided.
apps/web/src/components/_legacy/workbench/overview/ProjectOverview.tsx(171,17): error TS17004: Cannot use JSX unless the '--jsx' flag is provided.
apps/web/src/components/_legacy/workbench/overview/ProjectOverview.tsx(174,17): error TS17004: Cannot use JSX unless the '--jsx' flag is provided.
apps/web/src/components/_legacy/workbench/overview/ProjectOverview.tsx(181,13): error TS17004: Cannot use JSX unless the '--jsx' flag is provided.
apps/web/src/components/_legacy/workbench/overview/ProjectOverview.tsx(182,15): error TS17004: Cannot use JSX unless the '--jsx' flag is provided.
apps/web/src/components/_legacy/workbench/overview/ProjectOverview.tsx(183,17): error TS17004: Cannot use JSX unless the '--jsx' flag is provided.
apps/web/src/components/_legacy/workbench/overview/ProjectOverview.tsx(186,17): error TS17004: Cannot use JSX unless the '--jsx' flag is provided.
apps/web/src/components/_legacy/workbench/overview/ProjectOverview.tsx(190,15): error TS17004: Cannot use JSX unless the '--jsx' flag is provided.
apps/web/src/components/_legacy/workbench/overview/ProjectOverview.tsx(192,19): error TS17004: Cannot use JSX unless the '--jsx' flag is provided.
apps/web/src/components/_legacy/workbench/overview/ProjectOverview.tsx(196,21): error TS17004: Cannot use JSX unless the '--jsx' flag is provided.
apps/web/src/components/_legacy/workbench/overview/ProjectOverview.tsx(197,23): error TS17004: Cannot use JSX unless the '--jsx' flag is provided.
apps/web/src/components/_legacy/workbench/overview/ProjectOverview.tsx(198,23): error TS17004: Cannot use JSX unless the '--jsx' flag is provided.
apps/web/src/components/_legacy/workbench/overview/ProjectOverview.tsx(199,23): error TS17004: Cannot use JSX unless the '--jsx' flag is provided.
apps/web/src/components/_legacy/workbench/overview/ProjectOverview.tsx(201,21): error TS17004: Cannot use JSX unless the '--jsx' flag is provided.
apps/web/src/components/_legacy/workbench/overview/ProjectOverview.tsx(207,19): error TS17004: Cannot use JSX unless the '--jsx' flag is provided.
apps/web/src/components/_legacy/workbench/overview/ProjectOverview.tsx(214,11): error TS17004: Cannot use JSX unless the '--jsx' flag is provided.
apps/web/src/components/_legacy/workbench/overview/ProjectOverview.tsx(215,13): error TS17004: Cannot use JSX unless the '--jsx' flag is provided.
apps/web/src/components/_legacy/workbench/overview/ProjectOverview.tsx(236,5): error TS17004: Cannot use JSX unless the '--jsx' flag is provided.
apps/web/src/components/_legacy/workbench/overview/ProjectOverview.tsx(239,7): error TS17004: Cannot use JSX unless the '--jsx' flag is provided.
apps/web/src/components/_legacy/workbench/overview/ProjectOverview.tsx(240,9): error TS17004: Cannot use JSX unless the '--jsx' flag is provided.
apps/web/src/components/_legacy/workbench/overview/ProjectOverview.tsx(241,9): error TS17004: Cannot use JSX unless the '--jsx' flag is provided.
apps/web/src/components/_legacy/workbench/overview/ProjectOverview.tsx(243,7): error TS17004: Cannot use JSX unless the '--jsx' flag is provided.
apps/web/src/components/_legacy/workbench/overview/ProjectOverview.tsx(257,5): error TS17004: Cannot use JSX unless the '--jsx' flag is provided.
apps/web/src/components/_legacy/workbench/overview/ProjectOverview.tsx(258,7): error TS17004: Cannot use JSX unless the '--jsx' flag is provided.
apps/web/src/components/_legacy/workbench/overview/ProjectOverview.tsx(259,7): error TS17004: Cannot use JSX unless the '--jsx' flag is provided.
apps/web/src/components/_legacy/workbench/overview/ProjectOverview.tsx(260,9): error TS17004: Cannot use JSX unless the '--jsx' flag is provided.
apps/web/src/components/_legacy/workbench/overview/ProjectOverview.tsx(261,9): error TS17004: Cannot use JSX unless the '--jsx' flag is provided.
apps/web/src/components/_legacy/workbench/WorkbenchSidebar.tsx(37,5): error TS17004: Cannot use JSX unless the '--jsx' flag is provided.
apps/web/src/components/_legacy/workbench/WorkbenchSidebar.tsx(48,7): error TS17004: Cannot use JSX unless the '--jsx' flag is provided.
apps/web/src/components/_legacy/workbench/WorkbenchSidebar.tsx(55,9): error TS17004: Cannot use JSX unless the '--jsx' flag is provided.
apps/web/src/components/_legacy/workbench/WorkbenchSidebar.tsx(56,9): error TS17004: Cannot use JSX unless the '--jsx' flag is provided.
apps/web/src/components/_legacy/workbench/WorkbenchSidebar.tsx(59,7): error TS17004: Cannot use JSX unless the '--jsx' flag is provided.
apps/web/src/components/_legacy/workbench/WorkbenchSidebar.tsx(61,11): error TS17004: Cannot use JSX unless the '--jsx' flag is provided.
apps/web/src/components/_legacy/workbench/WorkbenchSidebar.tsx(79,13): error TS17004: Cannot use JSX unless the '--jsx' flag is provided.
apps/web/src/components/_legacy/workbench/WorkbenchSidebar.tsx(80,13): error TS17004: Cannot use JSX unless the '--jsx' flag is provided.
apps/web/src/components/_legacy/workbench/WorkbenchSidebar.tsx(82,15): error TS17004: Cannot use JSX unless the '--jsx' flag is provided.
apps/web/src/components/_legacy/workbench/WorkbenchSidebar.tsx(98,7): error TS17004: Cannot use JSX unless the '--jsx' flag is provided.
apps/web/src/components/common/EmptyState.tsx(20,5): error TS17004: Cannot use JSX unless the '--jsx' flag is provided.
apps/web/src/components/common/EmptyState.tsx(29,7): error TS17004: Cannot use JSX unless the '--jsx' flag is provided.
apps/web/src/components/common/EmptyState.tsx(34,9): error TS17004: Cannot use JSX unless the '--jsx' flag is provided.
apps/web/src/components/common/EmptyState.tsx(36,13): error TS17004: Cannot use JSX unless the '--jsx' flag is provided.
apps/web/src/components/common/EmptyState.tsx(42,15): error TS17004: Cannot use JSX unless the '--jsx' flag is provided.
apps/web/src/components/common/EmptyState.tsx(52,9): error TS17004: Cannot use JSX unless the '--jsx' flag is provided.
apps/web/src/components/common/EmptyState.tsx(53,11): error TS17004: Cannot use JSX unless the '--jsx' flag is provided.
apps/web/src/components/common/EmptyState.tsx(55,13): error TS17004: Cannot use JSX unless the '--jsx' flag is provided.
apps/web/src/components/common/EmptyState.tsx(61,9): error TS17004: Cannot use JSX unless the '--jsx' flag is provided.
apps/web/src/components/common/EmptyState.tsx(63,13): error TS17004: Cannot use JSX unless the '--jsx' flag is provided.
apps/web/src/components/common/EmptyState.tsx(79,7): error TS17004: Cannot use JSX unless the '--jsx' flag is provided.
apps/web/src/components/engines/AdapterBadge.tsx(50,5): error TS17004: Cannot use JSX unless the '--jsx' flag is provided.
apps/web/src/components/engines/EngineFilter.tsx(5,27): error TS2307: Cannot find module '@/lib/apiClient' or its corresponding type declarations.
apps/web/src/components/engines/EngineFilter.tsx(110,7): error TS17004: Cannot use JSX unless the '--jsx' flag is provided.
apps/web/src/components/engines/EngineFilter.tsx(111,9): error TS17004: Cannot use JSX unless the '--jsx' flag is provided.
apps/web/src/components/engines/EngineFilter.tsx(117,5): error TS17004: Cannot use JSX unless the '--jsx' flag is provided.
apps/web/src/components/engines/EngineFilter.tsx(122,19): error TS17004: Cannot use JSX unless the '--jsx' flag is provided.
apps/web/src/components/engines/EngineFilter.tsx(124,9): error TS17004: Cannot use JSX unless the '--jsx' flag is provided.
apps/web/src/components/engines/EngineProfilePanel.tsx(4,23): error TS2307: Cannot find module '@/components/engines/EngineTag' or its corresponding type declarations.
apps/web/src/components/engines/EngineProfilePanel.tsx(5,26): error TS2307: Cannot find module '@/components/engines/AdapterBadge' or its corresponding type declarations.
apps/web/src/components/engines/EngineProfilePanel.tsx(6,31): error TS2307: Cannot find module '@/components/quality/QualityScoreBadge' or its corresponding type declarations.
apps/web/src/components/engines/EngineProfilePanel.tsx(67,7): error TS17004: Cannot use JSX unless the '--jsx' flag is provided.
apps/web/src/components/engines/EngineProfilePanel.tsx(68,9): error TS17004: Cannot use JSX unless the '--jsx' flag is provided.
apps/web/src/components/engines/EngineProfilePanel.tsx(75,7): error TS17004: Cannot use JSX unless the '--jsx' flag is provided.
apps/web/src/components/engines/EngineProfilePanel.tsx(76,9): error TS17004: Cannot use JSX unless the '--jsx' flag is provided.
apps/web/src/components/engines/EngineProfilePanel.tsx(83,7): error TS17004: Cannot use JSX unless the '--jsx' flag is provided.
apps/web/src/components/engines/EngineProfilePanel.tsx(84,9): error TS17004: Cannot use JSX unless the '--jsx' flag is provided.
apps/web/src/components/engines/EngineProfilePanel.tsx(90,5): error TS17004: Cannot use JSX unless the '--jsx' flag is provided.
apps/web/src/components/engines/EngineProfilePanel.tsx(91,7): error TS17004: Cannot use JSX unless the '--jsx' flag is provided.
apps/web/src/components/engines/EngineProfilePanel.tsx(92,9): error TS17004: Cannot use JSX unless the '--jsx' flag is provided.
apps/web/src/components/engines/EngineProfilePanel.tsx(93,9): error TS17004: Cannot use JSX unless the '--jsx' flag is provided.
apps/web/src/components/engines/EngineProfilePanel.tsx(96,7): error TS17004: Cannot use JSX unless the '--jsx' flag is provided.
apps/web/src/components/engines/EngineProfilePanel.tsx(97,9): error TS17004: Cannot use JSX unless the '--jsx' flag is provided.
apps/web/src/components/engines/EngineProfilePanel.tsx(98,11): error TS17004: Cannot use JSX unless the '--jsx' flag is provided.
apps/web/src/components/engines/EngineProfilePanel.tsx(99,13): error TS17004: Cannot use JSX unless the '--jsx' flag is provided.
apps/web/src/components/engines/EngineProfilePanel.tsx(100,15): error TS17004: Cannot use JSX unless the '--jsx' flag is provided.
apps/web/src/components/engines/EngineProfilePanel.tsx(103,15): error TS17004: Cannot use JSX unless the '--jsx' flag is provided.
apps/web/src/components/engines/EngineProfilePanel.tsx(106,15): error TS17004: Cannot use JSX unless the '--jsx' flag is provided.
apps/web/src/components/engines/EngineProfilePanel.tsx(109,15): error TS17004: Cannot use JSX unless the '--jsx' flag is provided.
apps/web/src/components/engines/EngineProfilePanel.tsx(114,11): error TS17004: Cannot use JSX unless the '--jsx' flag is provided.
apps/web/src/components/engines/EngineProfilePanel.tsx(116,15): error TS17004: Cannot use JSX unless the '--jsx' flag is provided.
apps/web/src/components/engines/EngineProfilePanel.tsx(117,17): error TS17004: Cannot use JSX unless the '--jsx' flag is provided.
apps/web/src/components/engines/EngineProfilePanel.tsx(118,19): error TS17004: Cannot use JSX unless the '--jsx' flag is provided.
apps/web/src/components/engines/EngineProfilePanel.tsx(119,21): error TS17004: Cannot use JSX unless the '--jsx' flag is provided.
apps/web/src/components/engines/EngineProfilePanel.tsx(126,23): error TS17004: Cannot use JSX unless the '--jsx' flag is provided.
apps/web/src/components/engines/EngineProfilePanel.tsx(130,17): error TS17004: Cannot use JSX unless the '--jsx' flag is provided.
apps/web/src/components/engines/EngineProfilePanel.tsx(131,19): error TS17004: Cannot use JSX unless the '--jsx' flag is provided.
apps/web/src/components/engines/EngineProfilePanel.tsx(132,21): error TS17004: Cannot use JSX unless the '--jsx' flag is provided.
apps/web/src/components/engines/EngineProfilePanel.tsx(133,21): error TS17004: Cannot use JSX unless the '--jsx' flag is provided.
apps/web/src/components/engines/EngineProfilePanel.tsx(138,23): error TS17004: Cannot use JSX unless the '--jsx' flag is provided.
apps/web/src/components/engines/EngineProfilePanel.tsx(144,17): error TS17004: Cannot use JSX unless the '--jsx' flag is provided.
apps/web/src/components/engines/EngineProfilePanel.tsx(145,19): error TS17004: Cannot use JSX unless the '--jsx' flag is provided.
apps/web/src/components/engines/EngineProfilePanel.tsx(152,17): error TS17004: Cannot use JSX unless the '--jsx' flag is provided.
apps/web/src/components/engines/EngineProfilePanel.tsx(153,19): error TS17004: Cannot use JSX unless the '--jsx' flag is provided.
apps/web/src/components/engines/EngineProfilePanel.tsx(155,23): error TS17004: Cannot use JSX unless the '--jsx' flag is provided.
apps/web/src/components/engines/EngineProfilePanel.tsx(158,23): error TS17004: Cannot use JSX unless the '--jsx' flag is provided.
apps/web/src/components/engines/EngineProfilePanel.tsx(161,23): error TS17004: Cannot use JSX unless the '--jsx' flag is provided.
apps/web/src/components/engines/EngineProfilePanel.tsx(165,54): error TS17004: Cannot use JSX unless the '--jsx' flag is provided.
apps/web/src/components/engines/EngineSummaryPanel.tsx(5,32): error TS2307: Cannot find module '@/lib/apiClient' or its corresponding type declarations.
apps/web/src/components/engines/EngineSummaryPanel.tsx(78,7): error TS17004: Cannot use JSX unless the '--jsx' flag is provided.
apps/web/src/components/engines/EngineSummaryPanel.tsx(79,23): error TS17004: Cannot use JSX unless the '--jsx' flag is provided.
apps/web/src/components/engines/EngineSummaryPanel.tsx(80,9): error TS17004: Cannot use JSX unless the '--jsx' flag is provided.
apps/web/src/components/engines/EngineSummaryPanel.tsx(87,7): error TS17004: Cannot use JSX unless the '--jsx' flag is provided.
apps/web/src/components/engines/EngineSummaryPanel.tsx(88,23): error TS17004: Cannot use JSX unless the '--jsx' flag is provided.
apps/web/src/components/engines/EngineSummaryPanel.tsx(89,9): error TS17004: Cannot use JSX unless the '--jsx' flag is provided.
apps/web/src/components/engines/EngineSummaryPanel.tsx(96,7): error TS17004: Cannot use JSX unless the '--jsx' flag is provided.
apps/web/src/components/engines/EngineSummaryPanel.tsx(97,23): error TS17004: Cannot use JSX unless the '--jsx' flag is provided.
apps/web/src/components/engines/EngineSummaryPanel.tsx(98,9): error TS17004: Cannot use JSX unless the '--jsx' flag is provided.
apps/web/src/components/engines/EngineSummaryPanel.tsx(105,7): error TS17004: Cannot use JSX unless the '--jsx' flag is provided.
apps/web/src/components/engines/EngineSummaryPanel.tsx(106,23): error TS17004: Cannot use JSX unless the '--jsx' flag is provided.
apps/web/src/components/engines/EngineSummaryPanel.tsx(107,9): error TS17004: Cannot use JSX unless the '--jsx' flag is provided.
apps/web/src/components/engines/EngineSummaryPanel.tsx(113,5): error TS17004: Cannot use JSX unless the '--jsx' flag is provided.
apps/web/src/components/engines/EngineSummaryPanel.tsx(115,9): error TS17004: Cannot use JSX unless the '--jsx' flag is provided.
apps/web/src/components/engines/EngineSummaryPanel.tsx(116,19): error TS17004: Cannot use JSX unless the '--jsx' flag is provided.
apps/web/src/components/engines/EngineSummaryPanel.tsx(119,7): error TS17004: Cannot use JSX unless the '--jsx' flag is provided.
apps/web/src/components/engines/EngineSummaryPanel.tsx(120,9): error TS17004: Cannot use JSX unless the '--jsx' flag is provided.
apps/web/src/components/engines/EngineSummaryPanel.tsx(121,11): error TS17004: Cannot use JSX unless the '--jsx' flag is provided.
apps/web/src/components/engines/EngineSummaryPanel.tsx(122,11): error TS17004: Cannot use JSX unless the '--jsx' flag is provided.
apps/web/src/components/engines/EngineSummaryPanel.tsx(124,9): error TS17004: Cannot use JSX unless the '--jsx' flag is provided.
apps/web/src/components/engines/EngineSummaryPanel.tsx(125,11): error TS17004: Cannot use JSX unless the '--jsx' flag is provided.
apps/web/src/components/engines/EngineSummaryPanel.tsx(126,11): error TS17004: Cannot use JSX unless the '--jsx' flag is provided.
apps/web/src/components/engines/EngineSummaryPanel.tsx(141,11): error TS17004: Cannot use JSX unless the '--jsx' flag is provided.
apps/web/src/components/engines/EngineSummaryPanel.tsx(142,13): error TS17004: Cannot use JSX unless the '--jsx' flag is provided.
apps/web/src/components/engines/EngineSummaryPanel.tsx(143,13): error TS17004: Cannot use JSX unless the '--jsx' flag is provided.
apps/web/src/components/engines/EngineSummaryPanel.tsx(159,11): error TS17004: Cannot use JSX unless the '--jsx' flag is provided.
apps/web/src/components/engines/EngineSummaryPanel.tsx(160,13): error TS17004: Cannot use JSX unless the '--jsx' flag is provided.
apps/web/src/components/engines/EngineSummaryPanel.tsx(161,13): error TS17004: Cannot use JSX unless the '--jsx' flag is provided.
apps/web/src/components/engines/EngineSummaryPanel.tsx(165,11): error TS17004: Cannot use JSX unless the '--jsx' flag is provided.
apps/web/src/components/engines/EngineSummaryPanel.tsx(166,13): error TS17004: Cannot use JSX unless the '--jsx' flag is provided.
apps/web/src/components/engines/EngineSummaryPanel.tsx(167,13): error TS17004: Cannot use JSX unless the '--jsx' flag is provided.
apps/web/src/components/engines/EngineSummaryPanel.tsx(175,11): error TS17004: Cannot use JSX unless the '--jsx' flag is provided.
apps/web/src/components/engines/EngineSummaryPanel.tsx(176,13): error TS17004: Cannot use JSX unless the '--jsx' flag is provided.
apps/web/src/components/engines/EngineSummaryPanel.tsx(177,13): error TS17004: Cannot use JSX unless the '--jsx' flag is provided.
apps/web/src/components/engines/EngineTag.tsx(59,5): error TS17004: Cannot use JSX unless the '--jsx' flag is provided.
apps/web/src/components/engines/EngineTag.tsx(60,7): error TS17004: Cannot use JSX unless the '--jsx' flag is provided.
apps/web/src/components/engines/EngineTag.tsx(62,9): error TS17004: Cannot use JSX unless the '--jsx' flag is provided.
apps/web/src/components/engines/EngineTag.tsx(64,38): error TS17004: Cannot use JSX unless the '--jsx' flag is provided.
apps/web/src/components/landing/blocks/FeatureCard.tsx(23,5): error TS17004: Cannot use JSX unless the '--jsx' flag is provided.
apps/web/src/components/landing/blocks/FeatureCard.tsx(33,7): error TS17004: Cannot use JSX unless the '--jsx' flag is provided.
apps/web/src/components/landing/blocks/FeatureCard.tsx(36,9): error TS17004: Cannot use JSX unless the '--jsx' flag is provided.
apps/web/src/components/landing/blocks/FeatureCard.tsx(41,7): error TS17004: Cannot use JSX unless the '--jsx' flag is provided.
apps/web/src/components/landing/blocks/FeatureCard.tsx(42,7): error TS17004: Cannot use JSX unless the '--jsx' flag is provided.
apps/web/src/components/landing/blocks/FeatureCard.tsx(49,7): error TS17004: Cannot use JSX unless the '--jsx' flag is provided.
apps/web/src/components/landing/blocks/SectionHeader.tsx(11,5): error TS17004: Cannot use JSX unless the '--jsx' flag is provided.
apps/web/src/components/landing/blocks/SectionHeader.tsx(12,7): error TS17004: Cannot use JSX unless the '--jsx' flag is provided.
apps/web/src/components/landing/blocks/SectionHeader.tsx(16,9): error TS17004: Cannot use JSX unless the '--jsx' flag is provided.
apps/web/src/components/landing/Footer.tsx(6,5): error TS17004: Cannot use JSX unless the '--jsx' flag is provided.
apps/web/src/components/landing/Footer.tsx(7,7): error TS17004: Cannot use JSX unless the '--jsx' flag is provided.
apps/web/src/components/landing/Footer.tsx(8,9): error TS17004: Cannot use JSX unless the '--jsx' flag is provided.
apps/web/src/components/landing/Footer.tsx(11,9): error TS17004: Cannot use JSX unless the '--jsx' flag is provided.
apps/web/src/components/landing/Footer.tsx(12,11): error TS17004: Cannot use JSX unless the '--jsx' flag is provided.
apps/web/src/components/landing/Footer.tsx(15,11): error TS17004: Cannot use JSX unless the '--jsx' flag is provided.
apps/web/src/components/landing/Footer.tsx(18,11): error TS17004: Cannot use JSX unless the '--jsx' flag is provided.
apps/web/src/components/landing/LandingPage.tsx(5,29): error TS6142: Module './sections/HeroSection' was resolved to '/Users/adam/Desktop/adam/毛毛虫宇宙/Super Caterpillar/apps/web/src/components/landing/sections/HeroSection.tsx', but '--jsx' is not set.
apps/web/src/components/landing/LandingPage.tsx(6,33): error TS6142: Module './sections/NotAToolSection' was resolved to '/Users/adam/Desktop/adam/毛毛虫宇宙/Super Caterpillar/apps/web/src/components/landing/sections/NotAToolSection.tsx', but '--jsx' is not set.
apps/web/src/components/landing/LandingPage.tsx(7,32): error TS2307: Cannot find module '@/components/_legacy/landing/sections/PersonaSection' or its corresponding type declarations.
apps/web/src/components/landing/LandingPage.tsx(8,33): error TS6142: Module './sections/PipelineSection' was resolved to '/Users/adam/Desktop/adam/毛毛虫宇宙/Super Caterpillar/apps/web/src/components/landing/sections/PipelineSection.tsx', but '--jsx' is not set.
apps/web/src/components/landing/LandingPage.tsx(9,37): error TS2307: Cannot find module '@/components/_legacy/landing/sections/CapabilitiesSection' or its corresponding type declarations.
apps/web/src/components/landing/LandingPage.tsx(10,33): error TS6142: Module './sections/UniverseSection' was resolved to '/Users/adam/Desktop/adam/毛毛虫宇宙/Super Caterpillar/apps/web/src/components/landing/sections/UniverseSection.tsx', but '--jsx' is not set.
apps/web/src/components/landing/LandingPage.tsx(11,33): error TS6142: Module './sections/FinalCTASection' was resolved to '/Users/adam/Desktop/adam/毛毛虫宇宙/Super Caterpillar/apps/web/src/components/landing/sections/FinalCTASection.tsx', but '--jsx' is not set.
apps/web/src/components/landing/LandingPage.tsx(12,24): error TS6142: Module './Footer' was resolved to '/Users/adam/Desktop/adam/毛毛虫宇宙/Super Caterpillar/apps/web/src/components/landing/Footer.tsx', but '--jsx' is not set.
apps/web/src/components/landing/LandingPage.tsx(22,5): error TS17004: Cannot use JSX unless the '--jsx' flag is provided.
apps/web/src/components/landing/LandingPage.tsx(23,7): error TS17004: Cannot use JSX unless the '--jsx' flag is provided.
apps/web/src/components/landing/LandingPage.tsx(24,7): error TS17004: Cannot use JSX unless the '--jsx' flag is provided.
apps/web/src/components/landing/LandingPage.tsx(25,7): error TS17004: Cannot use JSX unless the '--jsx' flag is provided.
apps/web/src/components/landing/LandingPage.tsx(26,7): error TS17004: Cannot use JSX unless the '--jsx' flag is provided.
apps/web/src/components/landing/LandingPage.tsx(27,7): error TS17004: Cannot use JSX unless the '--jsx' flag is provided.
apps/web/src/components/landing/LandingPage.tsx(28,7): error TS17004: Cannot use JSX unless the '--jsx' flag is provided.
apps/web/src/components/landing/LandingPage.tsx(29,7): error TS17004: Cannot use JSX unless the '--jsx' flag is provided.
apps/web/src/components/landing/LandingPage.tsx(30,7): error TS17004: Cannot use JSX unless the '--jsx' flag is provided.
apps/web/src/components/landing/sections/FinalCTASection.tsx(4,24): error TS2307: Cannot find module '@/components/_legacy/ui/Button' or its corresponding type declarations.
apps/web/src/components/landing/sections/FinalCTASection.tsx(16,5): error TS17004: Cannot use JSX unless the '--jsx' flag is provided.
apps/web/src/components/landing/sections/FinalCTASection.tsx(17,7): error TS17004: Cannot use JSX unless the '--jsx' flag is provided.
apps/web/src/components/landing/sections/FinalCTASection.tsx(26,9): error TS17004: Cannot use JSX unless the '--jsx' flag is provided.
apps/web/src/components/landing/sections/FinalCTASection.tsx(28,9): error TS17004: Cannot use JSX unless the '--jsx' flag is provided.
apps/web/src/components/landing/sections/FinalCTASection.tsx(29,11): error TS17004: Cannot use JSX unless the '--jsx' flag is provided.
apps/web/src/components/landing/sections/FinalCTASection.tsx(36,11): error TS17004: Cannot use JSX unless the '--jsx' flag is provided.
apps/web/src/components/landing/sections/HeroSection.tsx(4,24): error TS2307: Cannot find module '@/components/_legacy/ui/Button' or its corresponding type declarations.
apps/web/src/components/landing/sections/HeroSection.tsx(21,5): error TS17004: Cannot use JSX unless the '--jsx' flag is provided.
apps/web/src/components/landing/sections/HeroSection.tsx(25,7): error TS17004: Cannot use JSX unless the '--jsx' flag is provided.
apps/web/src/components/landing/sections/HeroSection.tsx(27,9): error TS17004: Cannot use JSX unless the '--jsx' flag is provided.
apps/web/src/components/landing/sections/HeroSection.tsx(32,9): error TS17004: Cannot use JSX unless the '--jsx' flag is provided.
apps/web/src/components/landing/sections/HeroSection.tsx(37,9): error TS17004: Cannot use JSX unless the '--jsx' flag is provided.
apps/web/src/components/landing/sections/HeroSection.tsx(42,9): error TS17004: Cannot use JSX unless the '--jsx' flag is provided.
apps/web/src/components/landing/sections/HeroSection.tsx(43,11): error TS17004: Cannot use JSX unless the '--jsx' flag is provided.
apps/web/src/components/landing/sections/HeroSection.tsx(50,11): error TS17004: Cannot use JSX unless the '--jsx' flag is provided.
apps/web/src/components/landing/sections/NotAToolSection.tsx(2,31): error TS6142: Module '../blocks/SectionHeader' was resolved to '/Users/adam/Desktop/adam/毛毛虫宇宙/Super Caterpillar/apps/web/src/components/landing/blocks/SectionHeader.tsx', but '--jsx' is not set.
apps/web/src/components/landing/sections/NotAToolSection.tsx(3,29): error TS6142: Module '../blocks/FeatureCard' was resolved to '/Users/adam/Desktop/adam/毛毛虫宇宙/Super Caterpillar/apps/web/src/components/landing/blocks/FeatureCard.tsx', but '--jsx' is not set.
apps/web/src/components/landing/sections/NotAToolSection.tsx(12,5): error TS17004: Cannot use JSX unless the '--jsx' flag is provided.
apps/web/src/components/landing/sections/NotAToolSection.tsx(13,7): error TS17004: Cannot use JSX unless the '--jsx' flag is provided.
apps/web/src/components/landing/sections/NotAToolSection.tsx(15,7): error TS17004: Cannot use JSX unless the '--jsx' flag is provided.
apps/web/src/components/landing/sections/NotAToolSection.tsx(17,11): error TS17004: Cannot use JSX unless the '--jsx' flag is provided.
apps/web/src/components/landing/sections/PipelineSection.tsx(2,31): error TS6142: Module '../blocks/SectionHeader' was resolved to '/Users/adam/Desktop/adam/毛毛虫宇宙/Super Caterpillar/apps/web/src/components/landing/blocks/SectionHeader.tsx', but '--jsx' is not set.
apps/web/src/components/landing/sections/PipelineSection.tsx(11,5): error TS17004: Cannot use JSX unless the '--jsx' flag is provided.
apps/web/src/components/landing/sections/PipelineSection.tsx(12,7): error TS17004: Cannot use JSX unless the '--jsx' flag is provided.
apps/web/src/components/landing/sections/PipelineSection.tsx(14,7): error TS17004: Cannot use JSX unless the '--jsx' flag is provided.
apps/web/src/components/landing/sections/PipelineSection.tsx(20,13): error TS17004: Cannot use JSX unless the '--jsx' flag is provided.
apps/web/src/components/landing/sections/PipelineSection.tsx(23,17): error TS17004: Cannot use JSX unless the '--jsx' flag is provided.
apps/web/src/components/landing/sections/PipelineSection.tsx(26,15): error TS17004: Cannot use JSX unless the '--jsx' flag is provided.
apps/web/src/components/landing/sections/PipelineSection.tsx(34,17): error TS17004: Cannot use JSX unless the '--jsx' flag is provided.
apps/web/src/components/landing/sections/PipelineSection.tsx(45,17): error TS17004: Cannot use JSX unless the '--jsx' flag is provided.
apps/web/src/components/landing/sections/PipelineSection.tsx(46,17): error TS17004: Cannot use JSX unless the '--jsx' flag is provided.
apps/web/src/components/landing/sections/UniverseSection.tsx(2,31): error TS6142: Module '../blocks/SectionHeader' was resolved to '/Users/adam/Desktop/adam/毛毛虫宇宙/Super Caterpillar/apps/web/src/components/landing/blocks/SectionHeader.tsx', but '--jsx' is not set.
apps/web/src/components/landing/sections/UniverseSection.tsx(11,5): error TS17004: Cannot use JSX unless the '--jsx' flag is provided.
apps/web/src/components/landing/sections/UniverseSection.tsx(12,7): error TS17004: Cannot use JSX unless the '--jsx' flag is provided.
apps/web/src/components/landing/sections/UniverseSection.tsx(14,7): error TS17004: Cannot use JSX unless the '--jsx' flag is provided.
apps/web/src/components/landing/sections/UniverseSection.tsx(16,11): error TS17004: Cannot use JSX unless the '--jsx' flag is provided.
apps/web/src/components/landing/sections/UniverseSection.tsx(19,15): error TS17004: Cannot use JSX unless the '--jsx' flag is provided.
apps/web/src/components/landing/sections/UniverseSection.tsx(22,13): error TS17004: Cannot use JSX unless the '--jsx' flag is provided.
apps/web/src/components/landing/sections/UniverseSection.tsx(26,13): error TS17004: Cannot use JSX unless the '--jsx' flag is provided.
apps/web/src/components/landing/sections/UniverseSection.tsx(27,13): error TS17004: Cannot use JSX unless the '--jsx' flag is provided.
apps/web/src/components/LanguageSwitcher.tsx(24,5): error TS17004: Cannot use JSX unless the '--jsx' flag is provided.
apps/web/src/components/LanguageSwitcher.tsx(36,7): error TS17004: Cannot use JSX unless the '--jsx' flag is provided.
apps/web/src/components/LanguageSwitcher.tsx(37,7): error TS17004: Cannot use JSX unless the '--jsx' flag is provided.
apps/web/src/components/project/DetailPanel.tsx(12,29): error TS2307: Cannot find module '@/components/ui/StatusBadge' or its corresponding type declarations.
apps/web/src/components/project/DetailPanel.tsx(13,28): error TS2307: Cannot find module '@/lib/apiClient' or its corresponding type declarations.
apps/web/src/components/project/DetailPanel.tsx(82,9): error TS17004: Cannot use JSX unless the '--jsx' flag is provided.
apps/web/src/components/project/DetailPanel.tsx(86,11): error TS17004: Cannot use JSX unless the '--jsx' flag is provided.
apps/web/src/components/project/DetailPanel.tsx(89,11): error TS17004: Cannot use JSX unless the '--jsx' flag is provided.
apps/web/src/components/project/DetailPanel.tsx(115,7): error TS17004: Cannot use JSX unless the '--jsx' flag is provided.
apps/web/src/components/project/DetailPanel.tsx(123,9): error TS17004: Cannot use JSX unless the '--jsx' flag is provided.
apps/web/src/components/project/DetailPanel.tsx(131,11): error TS17004: Cannot use JSX unless the '--jsx' flag is provided.
apps/web/src/components/project/DetailPanel.tsx(143,11): error TS17004: Cannot use JSX unless the '--jsx' flag is provided.
apps/web/src/components/project/DetailPanel.tsx(159,9): error TS17004: Cannot use JSX unless the '--jsx' flag is provided.
apps/web/src/components/project/DetailPanel.tsx(161,11): error TS17004: Cannot use JSX unless the '--jsx' flag is provided.
apps/web/src/components/project/DetailPanel.tsx(162,13): error TS17004: Cannot use JSX unless the '--jsx' flag is provided.
apps/web/src/components/project/DetailPanel.tsx(167,13): error TS17004: Cannot use JSX unless the '--jsx' flag is provided.
apps/web/src/components/project/DetailPanel.tsx(177,11): error TS17004: Cannot use JSX unless the '--jsx' flag is provided.
apps/web/src/components/project/DetailPanel.tsx(178,13): error TS17004: Cannot use JSX unless the '--jsx' flag is provided.
apps/web/src/components/project/DetailPanel.tsx(179,15): error TS17004: Cannot use JSX unless the '--jsx' flag is provided.
apps/web/src/components/project/DetailPanel.tsx(180,15): error TS17004: Cannot use JSX unless the '--jsx' flag is provided.
apps/web/src/components/project/DetailPanel.tsx(182,13): error TS17004: Cannot use JSX unless the '--jsx' flag is provided.
apps/web/src/components/project/DetailPanel.tsx(183,15): error TS17004: Cannot use JSX unless the '--jsx' flag is provided.
apps/web/src/components/project/DetailPanel.tsx(184,15): error TS17004: Cannot use JSX unless the '--jsx' flag is provided.
apps/web/src/components/project/DetailPanel.tsx(186,13): error TS17004: Cannot use JSX unless the '--jsx' flag is provided.
apps/web/src/components/project/DetailPanel.tsx(187,15): error TS17004: Cannot use JSX unless the '--jsx' flag is provided.
apps/web/src/components/project/DetailPanel.tsx(188,15): error TS17004: Cannot use JSX unless the '--jsx' flag is provided.
apps/web/src/components/project/DetailPanel.tsx(202,9): error TS17004: Cannot use JSX unless the '--jsx' flag is provided.
apps/web/src/components/project/DetailPanel.tsx(204,11): error TS17004: Cannot use JSX unless the '--jsx' flag is provided.
apps/web/src/components/project/DetailPanel.tsx(205,13): error TS17004: Cannot use JSX unless the '--jsx' flag is provided.
apps/web/src/components/project/DetailPanel.tsx(210,13): error TS17004: Cannot use JSX unless the '--jsx' flag is provided.
apps/web/src/components/project/DetailPanel.tsx(220,11): error TS17004: Cannot use JSX unless the '--jsx' flag is provided.
apps/web/src/components/project/DetailPanel.tsx(221,13): error TS17004: Cannot use JSX unless the '--jsx' flag is provided.
apps/web/src/components/project/DetailPanel.tsx(222,15): error TS17004: Cannot use JSX unless the '--jsx' flag is provided.
apps/web/src/components/project/DetailPanel.tsx(223,15): error TS17004: Cannot use JSX unless the '--jsx' flag is provided.
apps/web/src/components/project/DetailPanel.tsx(225,13): error TS17004: Cannot use JSX unless the '--jsx' flag is provided.
apps/web/src/components/project/DetailPanel.tsx(226,15): error TS17004: Cannot use JSX unless the '--jsx' flag is provided.
apps/web/src/components/project/DetailPanel.tsx(227,15): error TS17004: Cannot use JSX unless the '--jsx' flag is provided.
apps/web/src/components/project/DetailPanel.tsx(229,13): error TS17004: Cannot use JSX unless the '--jsx' flag is provided.
apps/web/src/components/project/DetailPanel.tsx(230,15): error TS17004: Cannot use JSX unless the '--jsx' flag is provided.
apps/web/src/components/project/DetailPanel.tsx(231,15): error TS17004: Cannot use JSX unless the '--jsx' flag is provided.
apps/web/src/components/project/DetailPanel.tsx(249,9): error TS17004: Cannot use JSX unless the '--jsx' flag is provided.
apps/web/src/components/project/DetailPanel.tsx(251,11): error TS17004: Cannot use JSX unless the '--jsx' flag is provided.
apps/web/src/components/project/DetailPanel.tsx(252,13): error TS17004: Cannot use JSX unless the '--jsx' flag is provided.
apps/web/src/components/project/DetailPanel.tsx(257,13): error TS17004: Cannot use JSX unless the '--jsx' flag is provided.
apps/web/src/components/project/DetailPanel.tsx(267,11): error TS17004: Cannot use JSX unless the '--jsx' flag is provided.
apps/web/src/components/project/DetailPanel.tsx(268,13): error TS17004: Cannot use JSX unless the '--jsx' flag is provided.
apps/web/src/components/project/DetailPanel.tsx(269,15): error TS17004: Cannot use JSX unless the '--jsx' flag is provided.
apps/web/src/components/project/DetailPanel.tsx(270,15): error TS17004: Cannot use JSX unless the '--jsx' flag is provided.
apps/web/src/components/project/DetailPanel.tsx(272,13): error TS17004: Cannot use JSX unless the '--jsx' flag is provided.
apps/web/src/components/project/DetailPanel.tsx(273,15): error TS17004: Cannot use JSX unless the '--jsx' flag is provided.
apps/web/src/components/project/DetailPanel.tsx(274,15): error TS17004: Cannot use JSX unless the '--jsx' flag is provided.
apps/web/src/components/project/DetailPanel.tsx(276,13): error TS17004: Cannot use JSX unless the '--jsx' flag is provided.
apps/web/src/components/project/DetailPanel.tsx(277,15): error TS17004: Cannot use JSX unless the '--jsx' flag is provided.
apps/web/src/components/project/DetailPanel.tsx(278,15): error TS17004: Cannot use JSX unless the '--jsx' flag is provided.
apps/web/src/components/project/DetailPanel.tsx(292,9): error TS17004: Cannot use JSX unless the '--jsx' flag is provided.
apps/web/src/components/project/DetailPanel.tsx(294,11): error TS17004: Cannot use JSX unless the '--jsx' flag is provided.
apps/web/src/components/project/DetailPanel.tsx(295,13): error TS17004: Cannot use JSX unless the '--jsx' flag is provided.
apps/web/src/components/project/DetailPanel.tsx(300,13): error TS17004: Cannot use JSX unless the '--jsx' flag is provided.
apps/web/src/components/project/DetailPanel.tsx(310,11): error TS17004: Cannot use JSX unless the '--jsx' flag is provided.
apps/web/src/components/project/DetailPanel.tsx(311,13): error TS17004: Cannot use JSX unless the '--jsx' flag is provided.
apps/web/src/components/project/DetailPanel.tsx(312,15): error TS17004: Cannot use JSX unless the '--jsx' flag is provided.
apps/web/src/components/project/DetailPanel.tsx(313,15): error TS17004: Cannot use JSX unless the '--jsx' flag is provided.
apps/web/src/components/project/DetailPanel.tsx(315,13): error TS17004: Cannot use JSX unless the '--jsx' flag is provided.
apps/web/src/components/project/DetailPanel.tsx(316,15): error TS17004: Cannot use JSX unless the '--jsx' flag is provided.
apps/web/src/components/project/DetailPanel.tsx(317,15): error TS17004: Cannot use JSX unless the '--jsx' flag is provided.
apps/web/src/components/project/DetailPanel.tsx(319,13): error TS17004: Cannot use JSX unless the '--jsx' flag is provided.
apps/web/src/components/project/DetailPanel.tsx(320,15): error TS17004: Cannot use JSX unless the '--jsx' flag is provided.
apps/web/src/components/project/DetailPanel.tsx(321,15): error TS17004: Cannot use JSX unless the '--jsx' flag is provided.
apps/web/src/components/project/DetailPanel.tsx(336,15): error TS17004: Cannot use JSX unless the '--jsx' flag is provided.
apps/web/src/components/project/DetailPanel.tsx(337,17): error TS17004: Cannot use JSX unless the '--jsx' flag is provided.
apps/web/src/components/project/DetailPanel.tsx(338,17): error TS17004: Cannot use JSX unless the '--jsx' flag is provided.
apps/web/src/components/project/DetailPanel.tsx(356,13): error TS17004: Cannot use JSX unless the '--jsx' flag is provided.
apps/web/src/components/project/DetailPanel.tsx(365,17): error TS17004: Cannot use JSX unless the '--jsx' flag is provided.
apps/web/src/components/project/DetailPanel.tsx(366,19): error TS17004: Cannot use JSX unless the '--jsx' flag is provided.
apps/web/src/components/project/DetailPanel.tsx(375,21): error TS17004: Cannot use JSX unless the '--jsx' flag is provided.
apps/web/src/components/project/DetailPanel.tsx(381,19): error TS17004: Cannot use JSX unless the '--jsx' flag is provided.
apps/web/src/components/project/DetailPanel.tsx(382,21): error TS17004: Cannot use JSX unless the '--jsx' flag is provided.
apps/web/src/components/project/DetailPanel.tsx(387,23): error TS17004: Cannot use JSX unless the '--jsx' flag is provided.
apps/web/src/components/project/DetailPanel.tsx(396,25): error TS17004: Cannot use JSX unless the '--jsx' flag is provided.
apps/web/src/components/project/DetailPanel.tsx(399,21): error TS17004: Cannot use JSX unless the '--jsx' flag is provided.
apps/web/src/components/project/DetailPanel.tsx(403,23): error TS17004: Cannot use JSX unless the '--jsx' flag is provided.
apps/web/src/components/project/DetailPanel.tsx(412,25): error TS17004: Cannot use JSX unless the '--jsx' flag is provided.
apps/web/src/components/project/DetailPanel.tsx(418,17): error TS17004: Cannot use JSX unless the '--jsx' flag is provided.
apps/web/src/components/project/DetailPanel.tsx(438,19): error TS17004: Cannot use JSX unless the '--jsx' flag is provided.
apps/web/src/components/project/DetailPanel.tsx(448,12): error TS17004: Cannot use JSX unless the '--jsx' flag is provided.
apps/web/src/components/project/DetailPanel.tsx(452,5): error TS17004: Cannot use JSX unless the '--jsx' flag is provided.
apps/web/src/components/project/DetailPanel.tsx(457,7): error TS17004: Cannot use JSX unless the '--jsx' flag is provided.
apps/web/src/components/project/DetailPanel.tsx(459,7): error TS17004: Cannot use JSX unless the '--jsx' flag is provided.
apps/web/src/components/project/DetailPanel.tsx(467,9): error TS17004: Cannot use JSX unless the '--jsx' flag is provided.
apps/web/src/components/project/DetailPanel.tsx(477,9): error TS17004: Cannot use JSX unless the '--jsx' flag is provided.
apps/web/src/components/project/DetailPanel.tsx(478,11): error TS17004: Cannot use JSX unless the '--jsx' flag is provided.
apps/web/src/components/project/DetailPanel.tsx(479,11): error TS17004: Cannot use JSX unless the '--jsx' flag is provided.
apps/web/src/components/project/DetailPanel.tsx(485,9): error TS17004: Cannot use JSX unless the '--jsx' flag is provided.
apps/web/src/components/project/DetailPanel.tsx(486,11): error TS17004: Cannot use JSX unless the '--jsx' flag is provided.
apps/web/src/components/project/MainActionDispatcher.tsx(43,7): error TS17004: Cannot use JSX unless the '--jsx' flag is provided.
apps/web/src/components/project/MainActionDispatcher.tsx(47,9): error TS17004: Cannot use JSX unless the '--jsx' flag is provided.
apps/web/src/components/project/MainActionDispatcher.tsx(57,7): error TS17004: Cannot use JSX unless the '--jsx' flag is provided.
apps/web/src/components/project/MainActionDispatcher.tsx(61,9): error TS17004: Cannot use JSX unless the '--jsx' flag is provided.
apps/web/src/components/project/MainActionDispatcher.tsx(70,7): error TS17004: Cannot use JSX unless the '--jsx' flag is provided.
apps/web/src/components/project/MainActionDispatcher.tsx(74,9): error TS17004: Cannot use JSX unless the '--jsx' flag is provided.
apps/web/src/components/project/MainActionDispatcher.tsx(84,7): error TS17004: Cannot use JSX unless the '--jsx' flag is provided.
apps/web/src/components/project/MainActionDispatcher.tsx(88,9): error TS17004: Cannot use JSX unless the '--jsx' flag is provided.
apps/web/src/components/project/MainActionDispatcher.tsx(96,7): error TS17004: Cannot use JSX unless the '--jsx' flag is provided.
apps/web/src/components/project/MainActionDispatcher.tsx(102,9): error TS17004: Cannot use JSX unless the '--jsx' flag is provided.
apps/web/src/components/project/MainActionDispatcher.tsx(109,5): error TS17004: Cannot use JSX unless the '--jsx' flag is provided.
apps/web/src/components/project/ProductionTimeline.tsx(68,5): error TS17004: Cannot use JSX unless the '--jsx' flag is provided.
apps/web/src/components/project/ProductionTimeline.tsx(69,7): error TS17004: Cannot use JSX unless the '--jsx' flag is provided.
apps/web/src/components/project/ProductionTimeline.tsx(71,9): error TS17004: Cannot use JSX unless the '--jsx' flag is provided.
apps/web/src/components/project/ProductionTimeline.tsx(88,13): error TS17004: Cannot use JSX unless the '--jsx' flag is provided.
apps/web/src/components/project/ProductionTimeline.tsx(89,15): error TS17004: Cannot use JSX unless the '--jsx' flag is provided.
apps/web/src/components/project/ProductionTimeline.tsx(94,15): error TS17004: Cannot use JSX unless the '--jsx' flag is provided.
apps/web/src/components/project/ProductionTimeline.tsx(102,17): error TS17004: Cannot use JSX unless the '--jsx' flag is provided.
apps/web/src/components/project/ProductionTimeline.tsx(111,7): error TS17004: Cannot use JSX unless the '--jsx' flag is provided.
apps/web/src/components/project/ProductionTimeline.tsx(112,9): error TS17004: Cannot use JSX unless the '--jsx' flag is provided.
apps/web/src/components/project/ProductionTimeline.tsx(119,9): error TS17004: Cannot use JSX unless the '--jsx' flag is provided.
apps/web/src/components/project/ProjectCard.tsx(60,5): error TS17004: Cannot use JSX unless the '--jsx' flag is provided.
apps/web/src/components/project/ProjectCard.tsx(61,7): error TS17004: Cannot use JSX unless the '--jsx' flag is provided.
apps/web/src/components/project/ProjectCard.tsx(65,9): error TS17004: Cannot use JSX unless the '--jsx' flag is provided.
apps/web/src/components/project/ProjectCard.tsx(86,11): error TS17004: Cannot use JSX unless the '--jsx' flag is provided.
apps/web/src/components/project/ProjectCard.tsx(100,11): error TS17004: Cannot use JSX unless the '--jsx' flag is provided.
apps/web/src/components/project/ProjectCard.tsx(110,13): error TS17004: Cannot use JSX unless the '--jsx' flag is provided.
apps/web/src/components/project/ProjectCard.tsx(118,15): error TS17004: Cannot use JSX unless the '--jsx' flag is provided.
apps/web/src/components/project/ProjectCard.tsx(128,15): error TS17004: Cannot use JSX unless the '--jsx' flag is provided.
apps/web/src/components/project/ProjectCard.tsx(129,17): error TS17004: Cannot use JSX unless the '--jsx' flag is provided.
apps/web/src/components/project/ProjectCard.tsx(132,19): error TS17004: Cannot use JSX unless the '--jsx' flag is provided.
apps/web/src/components/project/ProjectCard.tsx(148,21): error TS17004: Cannot use JSX unless the '--jsx' flag is provided.
apps/web/src/components/project/ProjectCard.tsx(163,23): error TS17004: Cannot use JSX unless the '--jsx' flag is provided.
apps/web/src/components/project/ProjectCard.tsx(164,23): error TS17004: Cannot use JSX unless the '--jsx' flag is provided.
apps/web/src/components/project/ProjectCard.tsx(168,17): error TS17004: Cannot use JSX unless the '--jsx' flag is provided.
apps/web/src/components/project/ProjectCard.tsx(182,15): error TS17004: Cannot use JSX unless the '--jsx' flag is provided.
apps/web/src/components/project/ProjectCard.tsx(200,13): error TS17004: Cannot use JSX unless the '--jsx' flag is provided.
apps/web/src/components/project/ProjectCard.tsx(207,15): error TS17004: Cannot use JSX unless the '--jsx' flag is provided.
apps/web/src/components/project/ProjectCard.tsx(210,17): error TS17004: Cannot use JSX unless the '--jsx' flag is provided.
apps/web/src/components/project/ProjectCard.tsx(211,19): error TS17004: Cannot use JSX unless the '--jsx' flag is provided.
apps/web/src/components/project/ProjectCard.tsx(214,19): error TS17004: Cannot use JSX unless the '--jsx' flag is provided.
apps/web/src/components/project/ProjectCard.tsx(216,17): error TS17004: Cannot use JSX unless the '--jsx' flag is provided.
apps/web/src/components/project/ProjectCard.tsx(217,19): error TS17004: Cannot use JSX unless the '--jsx' flag is provided.
apps/web/src/components/project/ProjectCard.tsx(220,19): error TS17004: Cannot use JSX unless the '--jsx' flag is provided.
apps/web/src/components/project/ProjectCard.tsx(222,17): error TS17004: Cannot use JSX unless the '--jsx' flag is provided.
apps/web/src/components/project/ProjectCard.tsx(223,19): error TS17004: Cannot use JSX unless the '--jsx' flag is provided.
apps/web/src/components/project/ProjectCard.tsx(226,19): error TS17004: Cannot use JSX unless the '--jsx' flag is provided.
apps/web/src/components/project/ProjectCard.tsx(230,15): error TS17004: Cannot use JSX unless the '--jsx' flag is provided.
apps/web/src/components/project/ProjectCard.tsx(231,17): error TS17004: Cannot use JSX unless the '--jsx' flag is provided.
apps/web/src/components/project/ProjectCard.tsx(251,9): error TS17004: Cannot use JSX unless the '--jsx' flag is provided.
apps/web/src/components/project/ProjectStructureTree.tsx(6,28): error TS2307: Cannot find module '@/lib/apiClient' or its corresponding type declarations.
apps/web/src/components/project/ProjectStructureTree.tsx(147,7): error TS17004: Cannot use JSX unless the '--jsx' flag is provided.
apps/web/src/components/project/ProjectStructureTree.tsx(150,9): error TS17004: Cannot use JSX unless the '--jsx' flag is provided.
apps/web/src/components/project/ProjectStructureTree.tsx(151,9): error TS17004: Cannot use JSX unless the '--jsx' flag is provided.
apps/web/src/components/project/ProjectStructureTree.tsx(168,7): error TS17004: Cannot use JSX unless the '--jsx' flag is provided.
apps/web/src/components/project/ProjectStructureTree.tsx(169,9): error TS17004: Cannot use JSX unless the '--jsx' flag is provided.
apps/web/src/components/project/ProjectStructureTree.tsx(175,11): error TS17004: Cannot use JSX unless the '--jsx' flag is provided.
apps/web/src/components/project/ProjectStructureTree.tsx(189,7): error TS17004: Cannot use JSX unless the '--jsx' flag is provided.
apps/web/src/components/project/ProjectStructureTree.tsx(190,9): error TS17004: Cannot use JSX unless the '--jsx' flag is provided.
apps/web/src/components/project/ProjectStructureTree.tsx(191,11): error TS17004: Cannot use JSX unless the '--jsx' flag is provided.
apps/web/src/components/project/ProjectStructureTree.tsx(192,11): error TS17004: Cannot use JSX unless the '--jsx' flag is provided.
apps/web/src/components/project/ProjectStructureTree.tsx(193,11): error TS17004: Cannot use JSX unless the '--jsx' flag is provided.
apps/web/src/components/project/ProjectStructureTree.tsx(194,11): error TS17004: Cannot use JSX unless the '--jsx' flag is provided.
apps/web/src/components/project/ProjectStructureTree.tsx(202,7): error TS17004: Cannot use JSX unless the '--jsx' flag is provided.
apps/web/src/components/project/ProjectStructureTree.tsx(203,9): error TS17004: Cannot use JSX unless the '--jsx' flag is provided.
apps/web/src/components/project/ProjectStructureTree.tsx(204,9): error TS17004: Cannot use JSX unless the '--jsx' flag is provided.
apps/web/src/components/project/ProjectStructureTree.tsx(216,7): error TS17004: Cannot use JSX unless the '--jsx' flag is provided.
apps/web/src/components/project/ProjectStructureTree.tsx(217,9): error TS17004: Cannot use JSX unless the '--jsx' flag is provided.
apps/web/src/components/project/ProjectStructureTree.tsx(228,9): error TS17004: Cannot use JSX unless the '--jsx' flag is provided.
apps/web/src/components/project/ProjectStructureTree.tsx(229,11): error TS17004: Cannot use JSX unless the '--jsx' flag is provided.
apps/web/src/components/project/ProjectStructureTree.tsx(230,13): error TS17004: Cannot use JSX unless the '--jsx' flag is provided.
apps/web/src/components/project/ProjectStructureTree.tsx(231,13): error TS17004: Cannot use JSX unless the '--jsx' flag is provided.
apps/web/src/components/project/ProjectStructureTree.tsx(233,11): error TS17004: Cannot use JSX unless the '--jsx' flag is provided.
apps/web/src/components/project/ProjectStructureTree.tsx(234,13): error TS17004: Cannot use JSX unless the '--jsx' flag is provided.
apps/web/src/components/project/ProjectStructureTree.tsx(235,13): error TS17004: Cannot use JSX unless the '--jsx' flag is provided.
apps/web/src/components/project/ProjectStructureTree.tsx(242,7): error TS17004: Cannot use JSX unless the '--jsx' flag is provided.
apps/web/src/components/project/ProjectStructureTree.tsx(243,9): error TS17004: Cannot use JSX unless the '--jsx' flag is provided.
apps/web/src/components/project/ProjectStructureTree.tsx(244,9): error TS17004: Cannot use JSX unless the '--jsx' flag is provided.
apps/web/src/components/project/ProjectStructureTree.tsx(250,5): error TS17004: Cannot use JSX unless the '--jsx' flag is provided.
apps/web/src/components/project/ProjectStructureTree.tsx(252,7): error TS17004: Cannot use JSX unless the '--jsx' flag is provided.
apps/web/src/components/project/ProjectStructureTree.tsx(253,9): error TS17004: Cannot use JSX unless the '--jsx' flag is provided.
apps/web/src/components/project/ProjectStructureTree.tsx(257,7): error TS17004: Cannot use JSX unless the '--jsx' flag is provided.
apps/web/src/components/project/ProjectStructureTree.tsx(258,9): error TS17004: Cannot use JSX unless the '--jsx' flag is provided.
apps/web/src/components/project/ProjectStructureTree.tsx(259,9): error TS17004: Cannot use JSX unless the '--jsx' flag is provided.
apps/web/src/components/project/ProjectStructureTree.tsx(260,9): error TS17004: Cannot use JSX unless the '--jsx' flag is provided.
apps/web/src/components/project/ProjectStructureTree.tsx(261,9): error TS17004: Cannot use JSX unless the '--jsx' flag is provided.
apps/web/src/components/project/ProjectStructureTree.tsx(265,7): error TS17004: Cannot use JSX unless the '--jsx' flag is provided.
apps/web/src/components/project/ProjectStructureTree.tsx(267,11): error TS17004: Cannot use JSX unless the '--jsx' flag is provided.
apps/web/src/components/project/ProjectStructureTree.tsx(269,13): error TS17004: Cannot use JSX unless the '--jsx' flag is provided.
apps/web/src/components/project/ProjectStructureTree.tsx(281,15): error TS17004: Cannot use JSX unless the '--jsx' flag is provided.
apps/web/src/components/project/ProjectStructureTree.tsx(284,15): error TS17004: Cannot use JSX unless the '--jsx' flag is provided.
apps/web/src/components/project/ProjectStructureTree.tsx(291,15): error TS17004: Cannot use JSX unless the '--jsx' flag is provided.
apps/web/src/components/project/ProjectStructureTree.tsx(293,19): error TS17004: Cannot use JSX unless the '--jsx' flag is provided.
apps/web/src/components/project/ProjectStructureTree.tsx(295,21): error TS17004: Cannot use JSX unless the '--jsx' flag is provided.
apps/web/src/components/project/ProjectStructureTree.tsx(307,23): error TS17004: Cannot use JSX unless the '--jsx' flag is provided.
apps/web/src/components/project/ProjectStructureTree.tsx(310,23): error TS17004: Cannot use JSX unless the '--jsx' flag is provided.
apps/web/src/components/project/ProjectStructureTree.tsx(317,23): error TS17004: Cannot use JSX unless the '--jsx' flag is provided.
apps/web/src/components/project/ProjectStructureTree.tsx(319,27): error TS17004: Cannot use JSX unless the '--jsx' flag is provided.
apps/web/src/components/project/ProjectStructureTree.tsx(321,29): error TS17004: Cannot use JSX unless the '--jsx' flag is provided.
apps/web/src/components/project/ProjectStructureTree.tsx(322,31): error TS17004: Cannot use JSX unless the '--jsx' flag is provided.
apps/web/src/components/project/ProjectStructureTree.tsx(328,33): error TS17004: Cannot use JSX unless the '--jsx' flag is provided.
apps/web/src/components/project/ProjectStructureTree.tsx(331,33): error TS17004: Cannot use JSX unless the '--jsx' flag is provided.
apps/web/src/components/project/ProjectStructureTree.tsx(332,35): error TS17004: Cannot use JSX unless the '--jsx' flag is provided.
apps/web/src/components/project/ProjectStructureTree.tsx(337,39): error TS17004: Cannot use JSX unless the '--jsx' flag is provided.
apps/web/src/components/project/ProjectStructureTree.tsx(345,37): error TS17004: Cannot use JSX unless the '--jsx' flag is provided.
apps/web/src/components/project/ProjectStructureTree.tsx(357,31): error TS17004: Cannot use JSX unless the '--jsx' flag is provided.
apps/web/src/components/project/ProjectStructureTree.tsx(359,35): error TS17004: Cannot use JSX unless the '--jsx' flag is provided.
apps/web/src/components/project/ProjectStructureTree.tsx(363,37): error TS17004: Cannot use JSX unless the '--jsx' flag is provided.
apps/web/src/components/quality/QualityScoreBadge.tsx(90,7): error TS17004: Cannot use JSX unless the '--jsx' flag is provided.
apps/web/src/components/quality/QualityScoreBadge.tsx(93,11): error TS17004: Cannot use JSX unless the '--jsx' flag is provided.
apps/web/src/components/quality/QualityScoreBadge.tsx(100,5): error TS17004: Cannot use JSX unless the '--jsx' flag is provided.
apps/web/src/components/quality/QualityScoreBadge.tsx(103,7): error TS17004: Cannot use JSX unless the '--jsx' flag is provided.
apps/web/src/components/quality/QualityScoreBadge.tsx(105,9): error TS17004: Cannot use JSX unless the '--jsx' flag is provided.
apps/web/src/components/studio/DirectorPanel.tsx(57,7): error TS17004: Cannot use JSX unless the '--jsx' flag is provided.
apps/web/src/components/studio/DirectorPanel.tsx(58,9): error TS17004: Cannot use JSX unless the '--jsx' flag is provided.
apps/web/src/components/studio/DirectorPanel.tsx(59,11): error TS17004: Cannot use JSX unless the '--jsx' flag is provided.
apps/web/src/components/studio/DirectorPanel.tsx(61,9): error TS17004: Cannot use JSX unless the '--jsx' flag is provided.
apps/web/src/components/studio/DirectorPanel.tsx(62,9): error TS17004: Cannot use JSX unless the '--jsx' flag is provided.
apps/web/src/components/studio/DirectorPanel.tsx(73,5): error TS17004: Cannot use JSX unless the '--jsx' flag is provided.
apps/web/src/components/studio/DirectorPanel.tsx(74,7): error TS17004: Cannot use JSX unless the '--jsx' flag is provided.
apps/web/src/components/studio/DirectorPanel.tsx(75,9): error TS17004: Cannot use JSX unless the '--jsx' flag is provided.
apps/web/src/components/studio/DirectorPanel.tsx(76,11): error TS17004: Cannot use JSX unless the '--jsx' flag is provided.
apps/web/src/components/studio/DirectorPanel.tsx(79,11): error TS17004: Cannot use JSX unless the '--jsx' flag is provided.
apps/web/src/components/studio/DirectorPanel.tsx(81,9): error TS17004: Cannot use JSX unless the '--jsx' flag is provided.
apps/web/src/components/studio/DirectorPanel.tsx(86,7): error TS17004: Cannot use JSX unless the '--jsx' flag is provided.
apps/web/src/components/studio/DirectorPanel.tsx(87,9): error TS17004: Cannot use JSX unless the '--jsx' flag is provided.
apps/web/src/components/studio/DirectorPanel.tsx(88,11): error TS17004: Cannot use JSX unless the '--jsx' flag is provided.
apps/web/src/components/studio/DirectorPanel.tsx(89,13): error TS17004: Cannot use JSX unless the '--jsx' flag is provided.
apps/web/src/components/studio/DirectorPanel.tsx(93,15): error TS17004: Cannot use JSX unless the '--jsx' flag is provided.
apps/web/src/components/studio/DirectorPanel.tsx(98,11): error TS17004: Cannot use JSX unless the '--jsx' flag is provided.
apps/web/src/components/studio/DirectorPanel.tsx(108,9): error TS17004: Cannot use JSX unless the '--jsx' flag is provided.
apps/web/src/components/studio/DirectorPanel.tsx(109,11): error TS17004: Cannot use JSX unless the '--jsx' flag is provided.
apps/web/src/components/studio/DirectorPanel.tsx(110,13): error TS17004: Cannot use JSX unless the '--jsx' flag is provided.
apps/web/src/components/studio/DirectorPanel.tsx(113,13): error TS17004: Cannot use JSX unless the '--jsx' flag is provided.
apps/web/src/components/studio/DirectorPanel.tsx(117,15): error TS17004: Cannot use JSX unless the '--jsx' flag is provided.
apps/web/src/components/studio/DirectorPanel.tsx(118,15): error TS17004: Cannot use JSX unless the '--jsx' flag is provided.
apps/web/src/components/studio/DirectorPanel.tsx(119,15): error TS17004: Cannot use JSX unless the '--jsx' flag is provided.
apps/web/src/components/studio/DirectorPanel.tsx(120,15): error TS17004: Cannot use JSX unless the '--jsx' flag is provided.
apps/web/src/components/studio/DirectorPanel.tsx(121,15): error TS17004: Cannot use JSX unless the '--jsx' flag is provided.
apps/web/src/components/studio/DirectorPanel.tsx(125,11): error TS17004: Cannot use JSX unless the '--jsx' flag is provided.
apps/web/src/components/studio/DirectorPanel.tsx(126,13): error TS17004: Cannot use JSX unless the '--jsx' flag is provided.
apps/web/src/components/studio/DirectorPanel.tsx(129,13): error TS17004: Cannot use JSX unless the '--jsx' flag is provided.
apps/web/src/components/studio/DirectorPanel.tsx(138,9): error TS17004: Cannot use JSX unless the '--jsx' flag is provided.
apps/web/src/components/studio/DirectorPanel.tsx(139,11): error TS17004: Cannot use JSX unless the '--jsx' flag is provided.
apps/web/src/components/studio/DirectorPanel.tsx(140,13): error TS17004: Cannot use JSX unless the '--jsx' flag is provided.
apps/web/src/components/studio/DirectorPanel.tsx(141,13): error TS17004: Cannot use JSX unless the '--jsx' flag is provided.
apps/web/src/components/studio/DirectorPanel.tsx(145,11): error TS17004: Cannot use JSX unless the '--jsx' flag is provided.
apps/web/src/components/studio/DirectorPanel.tsx(146,13): error TS17004: Cannot use JSX unless the '--jsx' flag is provided.
apps/web/src/components/studio/DirectorPanel.tsx(147,15): error TS17004: Cannot use JSX unless the '--jsx' flag is provided.
apps/web/src/components/studio/DirectorPanel.tsx(148,15): error TS17004: Cannot use JSX unless the '--jsx' flag is provided.
apps/web/src/components/studio/DirectorPanel.tsx(150,13): error TS17004: Cannot use JSX unless the '--jsx' flag is provided.
apps/web/src/components/studio/DirectorPanel.tsx(151,15): error TS17004: Cannot use JSX unless the '--jsx' flag is provided.
apps/web/src/components/studio/DirectorPanel.tsx(152,15): error TS17004: Cannot use JSX unless the '--jsx' flag is provided.
apps/web/src/components/studio/DirectorPanel.tsx(158,7): error TS17004: Cannot use JSX unless the '--jsx' flag is provided.
apps/web/src/components/studio/DirectorPanel.tsx(159,9): error TS17004: Cannot use JSX unless the '--jsx' flag is provided.
apps/web/src/components/studio/DirectorPanel.tsx(175,13): error TS17004: Cannot use JSX unless the '--jsx' flag is provided.
apps/web/src/components/studio/DirectorPanel.tsx(176,15): error TS17004: Cannot use JSX unless the '--jsx' flag is provided.
apps/web/src/components/studio/ShotWall.tsx(5,49): error TS2307: Cannot find module '@/lib/preview-status' or its corresponding type declarations.
apps/web/src/components/studio/ShotWall.tsx(34,5): error TS17004: Cannot use JSX unless the '--jsx' flag is provided.
apps/web/src/components/studio/ShotWall.tsx(35,7): error TS17004: Cannot use JSX unless the '--jsx' flag is provided.
apps/web/src/components/studio/ShotWall.tsx(36,9): error TS17004: Cannot use JSX unless the '--jsx' flag is provided.
apps/web/src/components/studio/ShotWall.tsx(37,21): error TS17004: Cannot use JSX unless the '--jsx' flag is provided.
apps/web/src/components/studio/ShotWall.tsx(39,9): error TS17004: Cannot use JSX unless the '--jsx' flag is provided.
apps/web/src/components/studio/ShotWall.tsx(40,11): error TS17004: Cannot use JSX unless the '--jsx' flag is provided.
apps/web/src/components/studio/ShotWall.tsx(46,7): error TS17004: Cannot use JSX unless the '--jsx' flag is provided.
apps/web/src/components/studio/ShotWall.tsx(51,9): error TS17004: Cannot use JSX unless the '--jsx' flag is provided.
apps/web/src/components/studio/ShotWall.tsx(67,15): error TS17004: Cannot use JSX unless the '--jsx' flag is provided.
apps/web/src/components/studio/ShotWall.tsx(84,17): error TS17004: Cannot use JSX unless the '--jsx' flag is provided.
apps/web/src/components/studio/ShotWall.tsx(91,21): error TS17004: Cannot use JSX unless the '--jsx' flag is provided.
apps/web/src/components/studio/ShotWall.tsx(93,21): error TS17004: Cannot use JSX unless the '--jsx' flag is provided.
apps/web/src/components/studio/ShotWall.tsx(95,25): error TS17004: Cannot use JSX unless the '--jsx' flag is provided.
apps/web/src/components/studio/ShotWall.tsx(96,27): error TS17004: Cannot use JSX unless the '--jsx' flag is provided.
apps/web/src/components/studio/ShotWall.tsx(97,27): error TS17004: Cannot use JSX unless the '--jsx' flag is provided.
apps/web/src/components/studio/ShotWall.tsx(102,25): error TS17004: Cannot use JSX unless the '--jsx' flag is provided.
apps/web/src/components/studio/ShotWall.tsx(103,27): error TS17004: Cannot use JSX unless the '--jsx' flag is provided.
apps/web/src/components/studio/ShotWall.tsx(106,27): error TS17004: Cannot use JSX unless the '--jsx' flag is provided.
apps/web/src/components/studio/ShotWall.tsx(113,17): error TS17004: Cannot use JSX unless the '--jsx' flag is provided.
apps/web/src/components/studio/ShotWall.tsx(114,19): error TS17004: Cannot use JSX unless the '--jsx' flag is provided.
apps/web/src/components/studio/ShotWall.tsx(115,21): error TS17004: Cannot use JSX unless the '--jsx' flag is provided.
apps/web/src/components/studio/ShotWall.tsx(116,23): error TS17004: Cannot use JSX unless the '--jsx' flag is provided.
apps/web/src/components/studio/ShotWall.tsx(117,25): error TS17004: Cannot use JSX unless the '--jsx' flag is provided.
apps/web/src/components/studio/ShotWall.tsx(122,25): error TS17004: Cannot use JSX unless the '--jsx' flag is provided.
apps/web/src/components/studio/ShotWall.tsx(126,23): error TS17004: Cannot use JSX unless the '--jsx' flag is provided.
apps/web/src/components/studio/ShotWall.tsx(132,21): error TS17004: Cannot use JSX unless the '--jsx' flag is provided.
apps/web/src/components/studio/ShotWall.tsx(139,19): error TS17004: Cannot use JSX unless the '--jsx' flag is provided.
apps/web/src/components/studio/ShotWall.tsx(140,21): error TS17004: Cannot use JSX unless the '--jsx' flag is provided.
apps/web/src/components/studio/ShotWall.tsx(141,23): error TS17004: Cannot use JSX unless the '--jsx' flag is provided.
apps/web/src/components/studio/ShotWall.tsx(152,23): error TS17004: Cannot use JSX unless the '--jsx' flag is provided.
apps/web/src/components/studio/ShotWall.tsx(156,21): error TS17004: Cannot use JSX unless the '--jsx' flag is provided.
apps/web/src/components/studio/ShotWall.tsx(157,23): error TS17004: Cannot use JSX unless the '--jsx' flag is provided.
apps/web/src/components/studio/ShotWall.tsx(160,23): error TS17004: Cannot use JSX unless the '--jsx' flag is provided.
apps/web/src/components/ui/Input.tsx(9,5): error TS17004: Cannot use JSX unless the '--jsx' flag is provided.
apps/web/src/components/ui/Input.tsx(11,9): error TS17004: Cannot use JSX unless the '--jsx' flag is provided.
apps/web/src/components/ui/Input.tsx(21,7): error TS17004: Cannot use JSX unless the '--jsx' flag is provided.
apps/web/src/components/ui/PanelShell.tsx(34,5): error TS17004: Cannot use JSX unless the '--jsx' flag is provided.
apps/web/src/components/ui/PanelShell.tsx(39,9): error TS17004: Cannot use JSX unless the '--jsx' flag is provided.
apps/web/src/components/ui/PanelShell.tsx(40,11): error TS17004: Cannot use JSX unless the '--jsx' flag is provided.
apps/web/src/components/ui/PanelShell.tsx(41,23): error TS17004: Cannot use JSX unless the '--jsx' flag is provided.
apps/web/src/components/ui/PanelShell.tsx(42,29): error TS17004: Cannot use JSX unless the '--jsx' flag is provided.
apps/web/src/components/ui/PanelShell.tsx(44,23): error TS17004: Cannot use JSX unless the '--jsx' flag is provided.
apps/web/src/components/ui/PanelShell.tsx(49,7): error TS17004: Cannot use JSX unless the '--jsx' flag is provided.
apps/web/src/components/ui/PanelShell.tsx(51,11): error TS17004: Cannot use JSX unless the '--jsx' flag is provided.
apps/web/src/components/ui/PanelShell.tsx(52,13): error TS17004: Cannot use JSX unless the '--jsx' flag is provided.
apps/web/src/components/ui/PanelShell.tsx(53,13): error TS17004: Cannot use JSX unless the '--jsx' flag is provided.
apps/web/src/components/ui/PanelShell.tsx(56,11): error TS17004: Cannot use JSX unless the '--jsx' flag is provided.
apps/web/src/components/ui/PanelShell.tsx(57,13): error TS17004: Cannot use JSX unless the '--jsx' flag is provided.
apps/web/src/components/ui/PanelShell.tsx(59,15): error TS17004: Cannot use JSX unless the '--jsx' flag is provided.
apps/web/src/components/ui/PanelShell.tsx(68,11): error TS17004: Cannot use JSX unless the '--jsx' flag is provided.
apps/web/src/components/ui/PanelShell.tsx(69,13): error TS17004: Cannot use JSX unless the '--jsx' flag is provided.
apps/web/src/components/ui/PanelShell.tsx(75,15): error TS17004: Cannot use JSX unless the '--jsx' flag is provided.
apps/web/src/components/ui/PanelShell.tsx(82,13): error TS17004: Cannot use JSX unless the '--jsx' flag is provided.
apps/web/src/components/ui/StatusBadge.tsx(75,5): error TS17004: Cannot use JSX unless the '--jsx' flag is provided.
apps/web/src/components/ui/StatusBadge.tsx(78,7): error TS17004: Cannot use JSX unless the '--jsx' flag is provided.
apps/web/src/components/ui/StatusBadge.tsx(82,7): error TS17004: Cannot use JSX unless the '--jsx' flag is provided.
apps/web/src/components/UserInfo.tsx(5,51): error TS2307: Cannot find module '@/lib/apiClient' or its corresponding type declarations.
apps/web/src/components/UserInfo.tsx(8,25): error TS2307: Cannot find module '@/types/dto' or its corresponding type declarations.
apps/web/src/components/UserInfo.tsx(72,12): error TS17004: Cannot use JSX unless the '--jsx' flag is provided.
apps/web/src/components/UserInfo.tsx(80,5): error TS17004: Cannot use JSX unless the '--jsx' flag is provided.
apps/web/src/components/UserInfo.tsx(81,7): error TS17004: Cannot use JSX unless the '--jsx' flag is provided.
apps/web/src/components/UserInfo.tsx(92,7): error TS17004: Cannot use JSX unless the '--jsx' flag is provided.
apps/web/src/components/UserInfo.tsx(103,7): error TS17004: Cannot use JSX unless the '--jsx' flag is provided.
apps/web/src/components/UserInfo.tsx(116,9): error TS17004: Cannot use JSX unless the '--jsx' flag is provided.
apps/web/src/components/UserInfo.tsx(117,11): error TS17004: Cannot use JSX unless the '--jsx' flag is provided.
apps/web/src/components/UserInfo.tsx(119,13): error TS17004: Cannot use JSX unless the '--jsx' flag is provided.
apps/web/src/components/UserInfo.tsx(131,17): error TS17004: Cannot use JSX unless the '--jsx' flag is provided.
apps/web/src/components/UserInfo.tsx(137,13): error TS17004: Cannot use JSX unless the '--jsx' flag is provided.
apps/web/src/components/UserInfo.tsx(141,7): error TS17004: Cannot use JSX unless the '--jsx' flag is provided.
apps/web/src/components/UserInfo.tsx(142,7): error TS17004: Cannot use JSX unless the '--jsx' flag is provided.
apps/web/src/components/UserNav.tsx(6,24): error TS2307: Cannot find module '@/components/_legacy/ui/Button' or its corresponding type declarations.
apps/web/src/components/UserNav.tsx(7,25): error TS2307: Cannot find module '@/lib/apiClient' or its corresponding type declarations.
apps/web/src/components/UserNav.tsx(8,25): error TS2307: Cannot find module '@/types/dto' or its corresponding type declarations.
apps/web/src/components/UserNav.tsx(34,5): error TS17004: Cannot use JSX unless the '--jsx' flag is provided.
apps/web/src/components/UserNav.tsx(36,9): error TS17004: Cannot use JSX unless the '--jsx' flag is provided.
apps/web/src/components/UserNav.tsx(37,11): error TS17004: Cannot use JSX unless the '--jsx' flag is provided.
apps/web/src/components/UserNav.tsx(51,11): error TS17004: Cannot use JSX unless the '--jsx' flag is provided.
apps/web/src/components/UserNav.tsx(61,9): error TS17004: Cannot use JSX unless the '--jsx' flag is provided.
apps/web/src/components/UserNav.tsx(64,13): error TS17004: Cannot use JSX unless the '--jsx' flag is provided.
apps/web/src/components/UserNav.tsx(72,13): error TS17004: Cannot use JSX unless the '--jsx' flag is provided.
apps/web/src/components/UserNav.tsx(90,11): error TS17004: Cannot use JSX unless the '--jsx' flag is provided.
apps/web/src/components/workbench/overview/JobMonitor.tsx(26,7): error TS17004: Cannot use JSX unless the '--jsx' flag is provided.
apps/web/src/components/workbench/overview/JobMonitor.tsx(27,9): error TS17004: Cannot use JSX unless the '--jsx' flag is provided.
apps/web/src/components/workbench/overview/JobMonitor.tsx(28,11): error TS17004: Cannot use JSX unless the '--jsx' flag is provided.
apps/web/src/components/workbench/overview/JobMonitor.tsx(36,9): error TS17004: Cannot use JSX unless the '--jsx' flag is provided.
apps/web/src/components/workbench/overview/JobMonitor.tsx(37,11): error TS17004: Cannot use JSX unless the '--jsx' flag is provided.
apps/web/src/components/workbench/overview/JobMonitor.tsx(38,11): error TS17004: Cannot use JSX unless the '--jsx' flag is provided.
apps/web/src/components/workbench/overview/JobMonitor.tsx(45,5): error TS17004: Cannot use JSX unless the '--jsx' flag is provided.
apps/web/src/components/workbench/overview/JobMonitor.tsx(46,7): error TS17004: Cannot use JSX unless the '--jsx' flag is provided.
apps/web/src/components/workbench/overview/JobMonitor.tsx(47,9): error TS17004: Cannot use JSX unless the '--jsx' flag is provided.
apps/web/src/components/workbench/overview/JobMonitor.tsx(51,9): error TS17004: Cannot use JSX unless the '--jsx' flag is provided.
apps/web/src/components/workbench/overview/JobMonitor.tsx(52,11): error TS17004: Cannot use JSX unless the '--jsx' flag is provided.
apps/web/src/components/workbench/overview/JobMonitor.tsx(53,11): error TS17004: Cannot use JSX unless the '--jsx' flag is provided.
apps/web/src/components/workbench/overview/JobMonitor.tsx(57,13): error TS17004: Cannot use JSX unless the '--jsx' flag is provided.
apps/web/src/components/workbench/overview/JobMonitor.tsx(64,7): error TS17004: Cannot use JSX unless the '--jsx' flag is provided.
apps/web/src/components/workbench/overview/JobMonitor.tsx(67,11): error TS17004: Cannot use JSX unless the '--jsx' flag is provided.
apps/web/src/components/workbench/overview/JobMonitor.tsx(68,13): error TS17004: Cannot use JSX unless the '--jsx' flag is provided.
apps/web/src/components/workbench/overview/JobMonitor.tsx(69,15): error TS17004: Cannot use JSX unless the '--jsx' flag is provided.
apps/web/src/components/workbench/overview/JobMonitor.tsx(70,15): error TS17004: Cannot use JSX unless the '--jsx' flag is provided.
apps/web/src/components/workbench/overview/JobMonitor.tsx(73,13): error TS17004: Cannot use JSX unless the '--jsx' flag is provided.
apps/web/src/components/workbench/overview/JobMonitor.tsx(74,15): error TS17004: Cannot use JSX unless the '--jsx' flag is provided.
apps/web/src/components/workbench/overview/JobMonitor.tsx(75,17): error TS17004: Cannot use JSX unless the '--jsx' flag is provided.
apps/web/src/components/workbench/overview/JobMonitor.tsx(80,15): error TS17004: Cannot use JSX unless the '--jsx' flag is provided.
apps/web/src/components/workbench/overview/JobMonitor.tsx(82,13): error TS17004: Cannot use JSX unless the '--jsx' flag is provided.
apps/web/src/components/workbench/overview/JobMonitor.tsx(83,15): error TS17004: Cannot use JSX unless the '--jsx' flag is provided.
apps/web/src/components/workbench/overview/JobMonitor.tsx(84,15): error TS17004: Cannot use JSX unless the '--jsx' flag is provided.
apps/web/src/components/workbench/overview/JobMonitor.tsx(91,11): error TS17004: Cannot use JSX unless the '--jsx' flag is provided.
apps/web/src/components/workbench/overview/JobMonitor.tsx(92,13): error TS17004: Cannot use JSX unless the '--jsx' flag is provided.
apps/web/src/components/workbench/overview/JobMonitor.tsx(93,15): error TS17004: Cannot use JSX unless the '--jsx' flag is provided.
apps/web/src/components/workbench/overview/JobMonitor.tsx(94,15): error TS17004: Cannot use JSX unless the '--jsx' flag is provided.
apps/web/src/components/workbench/overview/JobMonitor.tsx(96,13): error TS17004: Cannot use JSX unless the '--jsx' flag is provided.
apps/web/src/components/workbench/overview/JobMonitor.tsx(102,11): error TS17004: Cannot use JSX unless the '--jsx' flag is provided.
apps/web/src/components/workbench/overview/JobMonitor.tsx(106,13): error TS17004: Cannot use JSX unless the '--jsx' flag is provided.
apps/web/src/components/workbench/overview/JobMonitor.tsx(107,15): error TS17004: Cannot use JSX unless the '--jsx' flag is provided.
apps/web/src/components/workbench/overview/JobMonitor.tsx(108,15): error TS17004: Cannot use JSX unless the '--jsx' flag is provided.
apps/web/src/components/workbench/overview/JobMonitor.tsx(110,13): error TS17004: Cannot use JSX unless the '--jsx' flag is provided.
apps/web/src/components/workbench/overview/NextActionCard.tsx(16,5): error TS17004: Cannot use JSX unless the '--jsx' flag is provided.
apps/web/src/components/workbench/overview/NextActionCard.tsx(18,7): error TS17004: Cannot use JSX unless the '--jsx' flag is provided.
apps/web/src/components/workbench/overview/NextActionCard.tsx(20,7): error TS17004: Cannot use JSX unless the '--jsx' flag is provided.
apps/web/src/components/workbench/overview/NextActionCard.tsx(24,7): error TS17004: Cannot use JSX unless the '--jsx' flag is provided.
apps/web/src/components/workbench/overview/NextActionCard.tsx(25,7): error TS17004: Cannot use JSX unless the '--jsx' flag is provided.
apps/web/src/components/workbench/overview/NextActionCard.tsx(27,7): error TS17004: Cannot use JSX unless the '--jsx' flag is provided.
apps/web/src/components/workbench/overview/NextActionCard.tsx(28,9): error TS17004: Cannot use JSX unless the '--jsx' flag is provided.
apps/web/src/components/workbench/overview/NextActionCard.tsx(29,29): error TS17004: Cannot use JSX unless the '--jsx' flag is provided.
apps/web/src/components/workbench/overview/NextActionCard.tsx(32,9): error TS17004: Cannot use JSX unless the '--jsx' flag is provided.
apps/web/src/components/workbench/overview/OverviewHeader.tsx(18,5): error TS17004: Cannot use JSX unless the '--jsx' flag is provided.
apps/web/src/components/workbench/overview/OverviewHeader.tsx(19,7): error TS17004: Cannot use JSX unless the '--jsx' flag is provided.
apps/web/src/components/workbench/overview/OverviewHeader.tsx(21,9): error TS17004: Cannot use JSX unless the '--jsx' flag is provided.
apps/web/src/components/workbench/overview/OverviewHeader.tsx(22,11): error TS17004: Cannot use JSX unless the '--jsx' flag is provided.
apps/web/src/components/workbench/overview/OverviewHeader.tsx(23,13): error TS17004: Cannot use JSX unless the '--jsx' flag is provided.
apps/web/src/components/workbench/overview/OverviewHeader.tsx(24,13): error TS17004: Cannot use JSX unless the '--jsx' flag is provided.
apps/web/src/components/workbench/overview/OverviewHeader.tsx(30,11): error TS17004: Cannot use JSX unless the '--jsx' flag is provided.
apps/web/src/components/workbench/overview/OverviewHeader.tsx(31,13): error TS17004: Cannot use JSX unless the '--jsx' flag is provided.
apps/web/src/components/workbench/overview/OverviewHeader.tsx(32,13): error TS17004: Cannot use JSX unless the '--jsx' flag is provided.
apps/web/src/components/workbench/overview/OverviewHeader.tsx(33,13): error TS17004: Cannot use JSX unless the '--jsx' flag is provided.
apps/web/src/components/workbench/overview/OverviewHeader.tsx(38,9): error TS17004: Cannot use JSX unless the '--jsx' flag is provided.
apps/web/src/components/workbench/overview/OverviewHeader.tsx(40,11): error TS17004: Cannot use JSX unless the '--jsx' flag is provided.
apps/web/src/components/workbench/overview/OverviewHeader.tsx(41,11): error TS17004: Cannot use JSX unless the '--jsx' flag is provided.
apps/web/src/components/workbench/overview/OverviewHeader.tsx(42,11): error TS17004: Cannot use JSX unless the '--jsx' flag is provided.
apps/web/src/components/workbench/overview/OverviewHeader.tsx(48,9): error TS17004: Cannot use JSX unless the '--jsx' flag is provided.
apps/web/src/components/workbench/overview/OverviewHeader.tsx(49,11): error TS17004: Cannot use JSX unless the '--jsx' flag is provided.
apps/web/src/components/workbench/overview/OverviewHeader.tsx(50,11): error TS17004: Cannot use JSX unless the '--jsx' flag is provided.
apps/web/src/components/workbench/overview/OverviewHeader.tsx(51,13): error TS17004: Cannot use JSX unless the '--jsx' flag is provided.
apps/web/src/components/workbench/overview/OverviewHeader.tsx(52,13): error TS17004: Cannot use JSX unless the '--jsx' flag is provided.
apps/web/src/components/workbench/overview/OverviewHeader.tsx(53,37): error TS17004: Cannot use JSX unless the '--jsx' flag is provided.
apps/web/src/components/workbench/overview/OverviewHeader.tsx(72,5): error TS17004: Cannot use JSX unless the '--jsx' flag is provided.
apps/web/src/components/workbench/overview/OverviewHeader.tsx(75,7): error TS17004: Cannot use JSX unless the '--jsx' flag is provided.
apps/web/src/components/workbench/overview/OverviewHeader.tsx(76,7): error TS17004: Cannot use JSX unless the '--jsx' flag is provided.
apps/web/src/components/workbench/overview/StructureStatsCard.tsx(8,5): error TS17004: Cannot use JSX unless the '--jsx' flag is provided.
apps/web/src/components/workbench/overview/StructureStatsCard.tsx(9,7): error TS17004: Cannot use JSX unless the '--jsx' flag is provided.
apps/web/src/components/workbench/overview/StructureStatsCard.tsx(10,9): error TS17004: Cannot use JSX unless the '--jsx' flag is provided.
apps/web/src/components/workbench/overview/StructureStatsCard.tsx(12,11): error TS17004: Cannot use JSX unless the '--jsx' flag is provided.
apps/web/src/components/workbench/overview/StructureStatsCard.tsx(18,7): error TS17004: Cannot use JSX unless the '--jsx' flag is provided.
apps/web/src/components/workbench/overview/StructureStatsCard.tsx(19,9): error TS17004: Cannot use JSX unless the '--jsx' flag is provided.
apps/web/src/components/workbench/overview/StructureStatsCard.tsx(20,9): error TS17004: Cannot use JSX unless the '--jsx' flag is provided.
apps/web/src/components/workbench/overview/StructureStatsCard.tsx(21,9): error TS17004: Cannot use JSX unless the '--jsx' flag is provided.
apps/web/src/components/workbench/overview/StructureStatsCard.tsx(22,9): error TS17004: Cannot use JSX unless the '--jsx' flag is provided.
apps/web/src/components/workbench/overview/StructureStatsCard.tsx(25,7): error TS17004: Cannot use JSX unless the '--jsx' flag is provided.
apps/web/src/components/workbench/overview/StructureStatsCard.tsx(26,9): error TS17004: Cannot use JSX unless the '--jsx' flag is provided.
apps/web/src/components/workbench/overview/StructureStatsCard.tsx(27,9): error TS17004: Cannot use JSX unless the '--jsx' flag is provided.
apps/web/src/components/workbench/overview/StructureStatsCard.tsx(45,5): error TS17004: Cannot use JSX unless the '--jsx' flag is provided.
apps/web/src/components/workbench/overview/StructureStatsCard.tsx(48,7): error TS17004: Cannot use JSX unless the '--jsx' flag is provided.
apps/web/src/components/workbench/overview/StructureStatsCard.tsx(49,7): error TS17004: Cannot use JSX unless the '--jsx' flag is provided.
apps/web/src/components/workbench/WorkbenchLayout.tsx(4,51): error TS2307: Cannot find module '@/components/_legacy/workbench/WorkbenchSidebar' or its corresponding type declarations.
apps/web/src/components/workbench/WorkbenchLayout.tsx(29,5): error TS17004: Cannot use JSX unless the '--jsx' flag is provided.
apps/web/src/components/workbench/WorkbenchLayout.tsx(31,7): error TS17004: Cannot use JSX unless the '--jsx' flag is provided.
apps/web/src/components/workbench/WorkbenchLayout.tsx(34,7): error TS17004: Cannot use JSX unless the '--jsx' flag is provided.
apps/web/src/components/workbench/WorkbenchLayout.tsx(37,11): error TS17004: Cannot use JSX unless the '--jsx' flag is provided.
apps/web/src/components/workbench/WorkbenchLayout.tsx(52,9): error TS17004: Cannot use JSX unless the '--jsx' flag is provided.
apps/web/src/lib/apiClient.ts(663,8): error TS2307: Cannot find module '@/types/dto' or its corresponding type declarations.
apps/web/src/views/TimelinePreviewPanel.tsx(11,24): error TS2307: Cannot find module '@/types/dto' or its corresponding type declarations.
apps/web/src/views/TimelinePreviewPanel.tsx(71,5): error TS17004: Cannot use JSX unless the '--jsx' flag is provided.
apps/web/src/views/TimelinePreviewPanel.tsx(72,7): error TS17004: Cannot use JSX unless the '--jsx' flag is provided.
apps/web/src/views/TimelinePreviewPanel.tsx(73,9): error TS17004: Cannot use JSX unless the '--jsx' flag is provided.
apps/web/src/views/TimelinePreviewPanel.tsx(74,9): error TS17004: Cannot use JSX unless the '--jsx' flag is provided.
apps/web/src/views/TimelinePreviewPanel.tsx(89,7): error TS17004: Cannot use JSX unless the '--jsx' flag is provided.
apps/web/src/views/TimelinePreviewPanel.tsx(91,11): error TS17004: Cannot use JSX unless the '--jsx' flag is provided.
apps/web/src/views/TimelinePreviewPanel.tsx(100,11): error TS17004: Cannot use JSX unless the '--jsx' flag is provided.
apps/web/src/views/TimelinePreviewPanel.tsx(101,13): error TS17004: Cannot use JSX unless the '--jsx' flag is provided.
apps/web/src/views/TimelinePreviewPanel.tsx(102,13): error TS17004: Cannot use JSX unless the '--jsx' flag is provided.
apps/web/src/views/TimelinePreviewPanel.tsx(107,11): error TS17004: Cannot use JSX unless the '--jsx' flag is provided.
apps/web/src/views/TimelinePreviewPanel.tsx(108,13): error TS17004: Cannot use JSX unless the '--jsx' flag is provided.
apps/web/src/views/TimelinePreviewPanel.tsx(109,15): error TS17004: Cannot use JSX unless the '--jsx' flag is provided.
apps/web/src/views/TimelinePreviewPanel.tsx(116,13): error TS17004: Cannot use JSX unless the '--jsx' flag is provided.
apps/web/src/views/TimelinePreviewPanel.tsx(117,15): error TS17004: Cannot use JSX unless the '--jsx' flag is provided.
apps/web/src/views/TimelinePreviewPanel.tsx(124,15): error TS17004: Cannot use JSX unless the '--jsx' flag is provided.
apps/web/src/views/TimelinePreviewPanel.tsx(135,11): error TS17004: Cannot use JSX unless the '--jsx' flag is provided.
apps/web/src/views/TimelinePreviewPanel.tsx(136,13): error TS17004: Cannot use JSX unless the '--jsx' flag is provided.
apps/web/src/views/TimelinePreviewPanel.tsx(137,13): error TS17004: Cannot use JSX unless the '--jsx' flag is provided.
apps/web/src/views/TimelinePreviewPanel.tsx(138,13): error TS17004: Cannot use JSX unless the '--jsx' flag is provided.
apps/web/src/views/TimelinePreviewPanel.tsx(139,15): error TS17004: Cannot use JSX unless the '--jsx' flag is provided.
apps/web/src/views/TimelinePreviewPanel.tsx(140,15): error TS17004: Cannot use JSX unless the '--jsx' flag is provided.
apps/web/src/views/TimelinePreviewPanel.tsx(151,7): error TS17004: Cannot use JSX unless the '--jsx' flag is provided.
apps/web/src/views/TimelinePreviewPanel.tsx(152,9): error TS17004: Cannot use JSX unless the '--jsx' flag is provided.
apps/workers/src/ce-core-processor.ts(102,40): error TS2339: Property 'novelSource' does not exist on type 'PrismaClient<PrismaClientOptions, never, DefaultArgs>'.
apps/workers/src/ce-core-processor.ts(187,43): error TS2339: Property 'novelScene' does not exist on type 'PrismaClient<PrismaClientOptions, never, DefaultArgs>'.
apps/workers/src/ce-core-processor.ts(440,31): error TS2339: Property 'novelScene' does not exist on type 'PrismaClient<PrismaClientOptions, never, DefaultArgs>'.
apps/workers/src/ce-core-processor.ts(702,31): error TS2339: Property 'novelScene' does not exist on type 'PrismaClient<PrismaClientOptions, never, DefaultArgs>'.
apps/workers/src/engine-adapter-client.ts(106,41): error TS2339: Property 'novelSource' does not exist on type 'PrismaClient<PrismaClientOptions, never, DefaultArgs>'.
apps/workers/src/engine-adapter-client.ts(111,41): error TS2339: Property 'novelSource' does not exist on type 'PrismaClient<PrismaClientOptions, never, DefaultArgs>'.
apps/workers/src/novel-analysis-processor.ts(469,30): error TS2339: Property 'novelSource' does not exist on type 'TransactionClient'.
apps/workers/src/novel-analysis-processor.ts(662,15): error TS2322: Type '{ projectId: string; episodeId: any; index: number; title: string; summary: string; }' is not assignable to type '(Without<SceneCreateInput, SceneUncheckedCreateInput> & SceneUncheckedCreateInput) | (Without<...> & SceneCreateInput)'.
  Type '{ projectId: string; episodeId: any; index: number; title: string; summary: string; }' is not assignable to type 'Without<SceneUncheckedCreateInput, SceneCreateInput> & SceneCreateInput'.
    Type '{ projectId: string; episodeId: any; index: number; title: string; summary: string; }' is not assignable to type 'Without<SceneUncheckedCreateInput, SceneCreateInput>'.
      Types of property 'episodeId' are incompatible.
        Type 'any' is not assignable to type 'never'.
apps/workers/src/novel-analysis-processor.ts(684,47): error TS2339: Property 'novelScene' does not exist on type 'TransactionClient'.
apps/workers/src/novel-analysis-processor.ts(689,26): error TS2339: Property 'novelScene' does not exist on type 'TransactionClient'.
apps/workers/src/novel-analysis-processor.ts(698,26): error TS2339: Property 'novelScene' does not exist on type 'TransactionClient'.
apps/workers/src/novel-analysis-processor.ts(1218,36): error TS2339: Property 'novelSource' does not exist on type 'PrismaClient<PrismaClientOptions, never, DefaultArgs>'.
apps/workers/src/novel-analysis-processor.ts(1223,37): error TS2339: Property 'novelScene' does not exist on type 'PrismaClient<PrismaClientOptions, never, DefaultArgs>'.
apps/workers/src/novel-analysis-processor.ts(1231,36): error TS2339: Property 'novelSource' does not exist on type 'PrismaClient<PrismaClientOptions, never, DefaultArgs>'.
apps/workers/src/processors/ce02-visual-density.processor.ts(68,20): error TS2339: Property 'novelScene' does not exist on type 'PrismaClient<PrismaClientOptions, never, DefaultArgs>'.
apps/workers/src/processors/ce06-novel-parsing.processor.ts(98,36): error TS2339: Property 'novelSource' does not exist on type 'PrismaClient<PrismaClientOptions, never, DefaultArgs>'.
apps/workers/src/processors/ce06-novel-parsing.processor.ts(242,30): error TS2339: Property 'novelScene' does not exist on type 'Omit<PrismaClient<PrismaClientOptions, never, DefaultArgs>, "$connect" | "$disconnect" | "$on" | "$transaction" | "$use" | "$extends">'.
apps/workers/src/processors/ce06-novel-parsing.processor.ts(296,16): error TS2339: Property 'novelScene' does not exist on type 'Omit<PrismaClient<PrismaClientOptions, never, DefaultArgs>, "$connect" | "$disconnect" | "$on" | "$transaction" | "$use" | "$extends">'.
apps/workers/src/processors/novel-chunk.processor.ts(84,9): error TS2322: Type '{ projectId: any; episodeId: any; index: number; title: any; summary: any; }' is not assignable to type '(Without<SceneCreateInput, SceneUncheckedCreateInput> & SceneUncheckedCreateInput) | (Without<...> & SceneCreateInput)'.
  Type '{ projectId: any; episodeId: any; index: number; title: any; summary: any; }' is not assignable to type 'Without<SceneUncheckedCreateInput, SceneCreateInput> & SceneCreateInput'.
    Type '{ projectId: any; episodeId: any; index: number; title: any; summary: any; }' is not assignable to type 'Without<SceneUncheckedCreateInput, SceneCreateInput>'.
      Types of property 'episodeId' are incompatible.
        Type 'any' is not assignable to type 'never'.
apps/workers/src/processors/stage1-orchestrator.processor.ts(48,7): error TS2322: Type '{ episodeId: string; projectId: string; index: number; title: string; summary: string; }' is not assignable to type '(Without<SceneCreateInput, SceneUncheckedCreateInput> & SceneUncheckedCreateInput) | (Without<...> & SceneCreateInput)'.
  Type '{ episodeId: string; projectId: string; index: number; title: string; summary: string; }' is not assignable to type 'Without<SceneUncheckedCreateInput, SceneCreateInput> & SceneCreateInput'.
    Type '{ episodeId: string; projectId: string; index: number; title: string; summary: string; }' is not assignable to type 'Without<SceneUncheckedCreateInput, SceneCreateInput>'.
      Types of property 'episodeId' are incompatible.
        Type 'string' is not assignable to type 'never'.
tools/check-db-stage4.ts(1,30): error TS2307: Cannot find module '@prisma/client' or its corresponding type declarations.
tools/check-prisma.ts(1,30): error TS2307: Cannot find module '@prisma/client' or its corresponding type declarations.
tools/check-project-structure.ts(4,7): error TS2451: Cannot redeclare block-scoped variable 'prisma'.
tools/check-project-structure.ts(7,16): error TS2393: Duplicate function implementation.
tools/db/audit-job-indexes.ts(9,30): error TS2307: Cannot find module '@prisma/client' or its corresponding type declarations.
tools/gate/common/gate_seed.ts(150,7): error TS2322: Type '{ id: string; title: string; summary: string; episodeId: string; index: number; }' is not assignable to type '(Without<SceneCreateInput, SceneUncheckedCreateInput> & SceneUncheckedCreateInput) | (Without<...> & SceneCreateInput)'.
  Type '{ id: string; title: string; summary: string; episodeId: string; index: number; }' is not assignable to type 'Without<SceneUncheckedCreateInput, SceneCreateInput> & SceneCreateInput'.
    Type '{ id: string; title: string; summary: string; episodeId: string; index: number; }' is not assignable to type 'Without<SceneUncheckedCreateInput, SceneCreateInput>'.
      Types of property 'episodeId' are incompatible.
        Type 'string' is not assignable to type 'never'.
tools/gate/gates/ce06_gate_runner.ts(131,31): error TS2339: Property 'novelScene' does not exist on type 'PrismaClient<PrismaClientOptions, never, DefaultArgs>'.
tools/gate/gates/p0r2_driver.ts(1,29): error TS2307: Cannot find module '@nestjs/core' or its corresponding type declarations.
tools/gate/gates/p0r2_driver.ts(7,24): error TS2307: Cannot find module '@nestjs/common' or its corresponding type declarations.
tools/gate/gates/p1b_seed_helper.ts(59,7): error TS2322: Type '{ id: string; title: string; episodeId: string; index: number; }' is not assignable to type '(Without<SceneCreateInput, SceneUncheckedCreateInput> & SceneUncheckedCreateInput) | (Without<...> & SceneCreateInput)'.
  Type '{ id: string; title: string; episodeId: string; index: number; }' is not assignable to type 'Without<SceneUncheckedCreateInput, SceneCreateInput> & SceneCreateInput'.
    Type '{ id: string; title: string; episodeId: string; index: number; }' is not assignable to type 'Without<SceneUncheckedCreateInput, SceneCreateInput>'.
      Types of property 'episodeId' are incompatible.
        Type 'string' is not assignable to type 'never'.
tools/gate/scripts/s3_db_assert.ts(1,30): error TS2307: Cannot find module '@prisma/client' or its corresponding type declarations.
tools/gate_minimal_seed.ts(62,5): error TS2322: Type '{ id: `${string}-${string}-${string}-${string}-${string}`; episodeId: `${string}-${string}-${string}-${string}-${string}`; projectId: `${string}-${string}-${string}-${string}-${string}`; index: number; title: string; }' is not assignable to type '(Without<SceneCreateInput, SceneUncheckedCreateInput> & SceneUncheckedCreateInput) | (Without<...> & SceneCreateInput)'.
  Type '{ id: `${string}-${string}-${string}-${string}-${string}`; episodeId: `${string}-${string}-${string}-${string}-${string}`; projectId: `${string}-${string}-${string}-${string}-${string}`; index: number; title: string; }' is not assignable to type 'Without<SceneUncheckedCreateInput, SceneCreateInput> & SceneCreateInput'.
    Type '{ id: `${string}-${string}-${string}-${string}-${string}`; episodeId: `${string}-${string}-${string}-${string}-${string}`; projectId: `${string}-${string}-${string}-${string}-${string}`; index: number; title: string; }' is not assignable to type 'Without<SceneUncheckedCreateInput, SceneCreateInput>'.
      Types of property 'episodeId' are incompatible.
        Type '`${string}-${string}-${string}-${string}-${string}`' is not assignable to type 'never'.
tools/headless-worker.ts(228,36): error TS2339: Property 'novelSource' does not exist on type 'PrismaClient<PrismaClientOptions, never, DefaultArgs>'.
tools/headless-worker.ts(230,36): error TS2339: Property 'novelSource' does not exist on type 'PrismaClient<PrismaClientOptions, never, DefaultArgs>'.
tools/health/codemods/replace_console_log.ts(1,43): error TS2307: Cannot find module 'ts-morph' or its corresponding type declarations.
tools/health/purge_deadcode_batch.ts(1,73): error TS2307: Cannot find module 'ts-morph' or its corresponding type declarations.
tools/insert_worker_key.ts(1,30): error TS2307: Cannot find module '@prisma/client' or its corresponding type declarations.
tools/seed-engine.ts(1,9): error TS2451: Cannot redeclare block-scoped variable 'PrismaClient'.
tools/seed-engine.ts(2,7): error TS2451: Cannot redeclare block-scoped variable 'prisma'.
tools/seed-engine.ts(4,16): error TS2393: Duplicate function implementation.
tools/seed_worker_auth.ts(1,30): error TS2307: Cannot find module '@prisma/client' or its corresponding type declarations.
tools/smoke/debug_auth.ts(2,25): error TS2307: Cannot find module 'bcryptjs' or its corresponding type declarations.
tools/smoke/debug_job_status.ts(1,9): error TS2451: Cannot redeclare block-scoped variable 'PrismaClient'.
tools/smoke/debug_job_status.ts(3,7): error TS2451: Cannot redeclare block-scoped variable 'prisma'.
tools/smoke/debug_job_status.ts(5,16): error TS2393: Duplicate function implementation.
tools/smoke/e2e_verify.ts(184,9): error TS2322: Type '{ episodeId: any; index: number; title: string; summary: string; }' is not assignable to type '(Without<SceneCreateInput, SceneUncheckedCreateInput> & SceneUncheckedCreateInput) | (Without<...> & SceneCreateInput)'.
  Type '{ episodeId: any; index: number; title: string; summary: string; }' is not assignable to type 'Without<SceneUncheckedCreateInput, SceneCreateInput> & SceneCreateInput'.
    Type '{ episodeId: any; index: number; title: string; summary: string; }' is not assignable to type 'Without<SceneUncheckedCreateInput, SceneCreateInput>'.
      Types of property 'episodeId' are incompatible.
        Type 'any' is not assignable to type 'never'.
tools/smoke/e2e_verify.ts(287,7): error TS2322: Type '{ episodeId: string; index: number; title: string; summary: string; }' is not assignable to type '(Without<SceneCreateInput, SceneUncheckedCreateInput> & SceneUncheckedCreateInput) | (Without<...> & SceneCreateInput)'.
  Type '{ episodeId: string; index: number; title: string; summary: string; }' is not assignable to type 'Without<SceneUncheckedCreateInput, SceneCreateInput> & SceneCreateInput'.
    Type '{ episodeId: string; index: number; title: string; summary: string; }' is not assignable to type 'Without<SceneUncheckedCreateInput, SceneCreateInput>'.
      Types of property 'episodeId' are incompatible.
        Type 'string' is not assignable to type 'never'.
tools/smoke/e2e_video_seed.ts(2,37): error TS2307: Cannot find module '@scu/storage' or its corresponding type declarations.
tools/smoke/e2e_video_seed.ts(94,5): error TS2322: Type '{ episodeId: string; index: number; title: string; summary: string; projectId: string; }' is not assignable to type '(Without<SceneCreateInput, SceneUncheckedCreateInput> & SceneUncheckedCreateInput) | (Without<...> & SceneCreateInput)'.
  Type '{ episodeId: string; index: number; title: string; summary: string; projectId: string; }' is not assignable to type 'Without<SceneUncheckedCreateInput, SceneCreateInput> & SceneCreateInput'.
    Type '{ episodeId: string; index: number; title: string; summary: string; projectId: string; }' is not assignable to type 'Without<SceneUncheckedCreateInput, SceneCreateInput>'.
      Types of property 'episodeId' are incompatible.
        Type 'string' is not assignable to type 'never'.
tools/smoke/grant_admin.ts(36,28): error TS2551: Property 'Owner' does not exist on type '{ OWNER: "OWNER"; ADMIN: "ADMIN"; CREATOR: "CREATOR"; EDITOR: "EDITOR"; VIEWER: "VIEWER"; }'. Did you mean 'OWNER'?
tools/smoke/guard/no_duplicate_impls.ts(11,34): error TS1343: The 'import.meta' meta-property is only allowed when the '--module' option is 'es2020', 'es2022', 'esnext', 'system', 'node16', 'node18', 'node20', or 'nodenext'.
tools/smoke/helpers/crud_min_path.ts(9,52): error TS5097: An import path can only end with a '.ts' extension when 'allowImportingTsExtensions' is enabled.
tools/smoke/helpers/engine_binding_flow.ts(6,52): error TS5097: An import path can only end with a '.ts' extension when 'allowImportingTsExtensions' is enabled.
tools/smoke/helpers/worker_min_flow.ts(9,52): error TS5097: An import path can only end with a '.ts' extension when 'allowImportingTsExtensions' is enabled.
tools/smoke/init_ce_runtime_api_key.ts(1,10): error TS2300: Duplicate identifier 'PrismaClient'.
tools/smoke/init_ce_runtime_api_key.ts(11,7): error TS2451: Cannot redeclare block-scoped variable 'prisma'.
tools/smoke/init_ce_runtime_api_key.ts(16,16): error TS2393: Duplicate function implementation.
tools/smoke/init_ce_runtime_api_key.ts(61,10): error TS2300: Duplicate identifier 'PrismaClient'.
tools/smoke/init_ce_runtime_api_key.ts(62,30): error TS2307: Cannot find module 'database/src/generated/prisma' or its corresponding type declarations.
tools/smoke/init_ce_runtime_api_key.ts(64,7): error TS2451: Cannot redeclare block-scoped variable 'prisma'.
tools/smoke/init_ce_runtime_api_key.ts(71,16): error TS2393: Duplicate function implementation.
tools/smoke/seed_demo_structure.ts(124,11): error TS2322: Type '{ episodeId: string; index: number; title: string; projectId: string; }' is not assignable to type '(Without<SceneCreateInput, SceneUncheckedCreateInput> & SceneUncheckedCreateInput) | (Without<...> & SceneCreateInput)'.
  Type '{ episodeId: string; index: number; title: string; projectId: string; }' is not assignable to type 'Without<SceneUncheckedCreateInput, SceneCreateInput> & SceneCreateInput'.
    Type '{ episodeId: string; index: number; title: string; projectId: string; }' is not assignable to type 'Without<SceneUncheckedCreateInput, SceneCreateInput>'.
      Types of property 'episodeId' are incompatible.
        Type 'string' is not assignable to type 'never'.
tools/smoke/seed_e2e_data.ts(97,36): error TS2339: Property 'novelSource' does not exist on type 'PrismaClient<PrismaClientOptions, never, DefaultArgs>'.
tools/smoke/seed_e2e_data.ts(111,20): error TS2339: Property 'novelSource' does not exist on type 'PrismaClient<PrismaClientOptions, never, DefaultArgs>'.
tools/smoke/seed_e2e_data.ts(120,34): error TS2339: Property 'novelSource' does not exist on type 'PrismaClient<PrismaClientOptions, never, DefaultArgs>'.
tools/smoke/seed_video_data.ts(36,5): error TS2322: Type '{ episodeId: string; index: number; title: string; summary: string; }' is not assignable to type '(Without<SceneCreateInput, SceneUncheckedCreateInput> & SceneUncheckedCreateInput) | (Without<...> & SceneCreateInput)'.
  Type '{ episodeId: string; index: number; title: string; summary: string; }' is not assignable to type 'Without<SceneUncheckedCreateInput, SceneCreateInput> & SceneCreateInput'.
    Type '{ episodeId: string; index: number; title: string; summary: string; }' is not assignable to type 'Without<SceneUncheckedCreateInput, SceneCreateInput>'.
      Types of property 'episodeId' are incompatible.
        Type 'string' is not assignable to type 'never'.
tools/smoke/stage1_stage2_smoke.ts(6,29): error TS5097: An import path can only end with a '.ts' extension when 'allowImportingTsExtensions' is enabled.
tools/smoke/stage1_stage2_smoke.ts(7,50): error TS5097: An import path can only end with a '.ts' extension when 'allowImportingTsExtensions' is enabled.
tools/smoke/stage1_stage2_smoke.ts(9,32): error TS5097: An import path can only end with a '.ts' extension when 'allowImportingTsExtensions' is enabled.
tools/smoke/stage1_stage2_smoke.ts(10,34): error TS5097: An import path can only end with a '.ts' extension when 'allowImportingTsExtensions' is enabled.
tools/smoke/stage1_stage2_smoke.ts(11,30): error TS5097: An import path can only end with a '.ts' extension when 'allowImportingTsExtensions' is enabled.
tools/smoke/stage1_stage2_smoke.ts(12,38): error TS5097: An import path can only end with a '.ts' extension when 'allowImportingTsExtensions' is enabled.
tools/smoke/stage1_stage2_smoke.ts(17,34): error TS1343: The 'import.meta' meta-property is only allowed when the '--module' option is 'es2020', 'es2022', 'esnext', 'system', 'node16', 'node18', 'node20', or 'nodenext'.
tools/trigger-stage4-draft.ts(60,28): error TS2339: Property 'job' does not exist on type 'PrismaClient<PrismaClientOptions, never, DefaultArgs>'.
tools/verify-core-systems.ts(1,29): error TS2307: Cannot find module '@nestjs/core' or its corresponding type declarations.
tools/verify-stage4-5-api.ts(23,22): error TS2367: This comparison appears to be unintentional because the types 'Decimal' and 'number' have no overlap.
tools/verify-video-gen.ts(20,30): error TS2339: Property 'job' does not exist on type 'PrismaClient<PrismaClientOptions, never, DefaultArgs>'.
tools/verify-video-gen.ts(36,35): error TS2339: Property 'job' does not exist on type 'PrismaClient<PrismaClientOptions, never, DefaultArgs>'.
tools/verify/run_sql_verify.ts(11,34): error TS1343: The 'import.meta' meta-property is only allowed when the '--module' option is 'es2020', 'es2022', 'esnext', 'system', 'node16', 'node18', 'node20', or 'nodenext'.
tools/verify/run_sql_verify.ts(88,5): error TS1343: The 'import.meta' meta-property is only allowed when the '--module' option is 'es2020', 'es2022', 'esnext', 'system', 'node16', 'node18', 'node20', or 'nodenext'.
tools/verify_ce11.ts(95,5): error TS2322: Type '{ id: string; episodeId: string; index: number; title: string; }' is not assignable to type '(Without<SceneCreateInput, SceneUncheckedCreateInput> & SceneUncheckedCreateInput) | (Without<...> & SceneCreateInput)'.
  Type '{ id: string; episodeId: string; index: number; title: string; }' is not assignable to type 'Without<SceneUncheckedCreateInput, SceneCreateInput> & SceneCreateInput'.
    Type '{ id: string; episodeId: string; index: number; title: string; }' is not assignable to type 'Without<SceneUncheckedCreateInput, SceneCreateInput>'.
      Types of property 'episodeId' are incompatible.
        Type 'string' is not assignable to type 'never'.
tools/verify_hmac_dos.ts(9,24): error TS2307: Cannot find module '@nestjs/common' or its corresponding type declarations.
tools/verify_hmac_dos.ts(26,5): error TS2554: Expected 1 arguments, but got 3.
tools/verify_s4_3.ts(59,5): error TS2322: Type '{ episodeId: string; title: string; index: number; projectId: string; }' is not assignable to type '(Without<SceneCreateInput, SceneUncheckedCreateInput> & SceneUncheckedCreateInput) | (Without<...> & SceneCreateInput)'.
  Type '{ episodeId: string; title: string; index: number; projectId: string; }' is not assignable to type 'Without<SceneUncheckedCreateInput, SceneCreateInput> & SceneCreateInput'.
    Type '{ episodeId: string; title: string; index: number; projectId: string; }' is not assignable to type 'Without<SceneUncheckedCreateInput, SceneCreateInput>'.
      Types of property 'episodeId' are incompatible.
        Type 'string' is not assignable to type 'never'.
tools/verify_s4_4.ts(63,5): error TS2322: Type '{ episodeId: string; title: string; index: number; projectId: string; }' is not assignable to type '(Without<SceneCreateInput, SceneUncheckedCreateInput> & SceneUncheckedCreateInput) | (Without<...> & SceneCreateInput)'.
  Type '{ episodeId: string; title: string; index: number; projectId: string; }' is not assignable to type 'Without<SceneUncheckedCreateInput, SceneCreateInput> & SceneCreateInput'.
    Type '{ episodeId: string; title: string; index: number; projectId: string; }' is not assignable to type 'Without<SceneUncheckedCreateInput, SceneCreateInput>'.
      Types of property 'episodeId' are incompatible.
        Type 'string' is not assignable to type 'never'.
tools/verify_s4_5.ts(55,5): error TS2322: Type '{ episodeId: string; projectId: string; index: number; title: string; summary: string; }' is not assignable to type '(Without<SceneCreateInput, SceneUncheckedCreateInput> & SceneUncheckedCreateInput) | (Without<...> & SceneCreateInput)'.
  Type '{ episodeId: string; projectId: string; index: number; title: string; summary: string; }' is not assignable to type 'Without<SceneUncheckedCreateInput, SceneCreateInput> & SceneCreateInput'.
    Type '{ episodeId: string; projectId: string; index: number; title: string; summary: string; }' is not assignable to type 'Without<SceneUncheckedCreateInput, SceneCreateInput>'.
      Types of property 'episodeId' are incompatible.
        Type 'string' is not assignable to type 'never'.
tools/verify_s4_6.ts(109,7): error TS2322: Type '{ id: any; episodeId: any; index: number; title: string; }' is not assignable to type '(Without<SceneCreateInput, SceneUncheckedCreateInput> & SceneUncheckedCreateInput) | (Without<...> & SceneCreateInput)'.
  Type '{ id: any; episodeId: any; index: number; title: string; }' is not assignable to type 'Without<SceneUncheckedCreateInput, SceneCreateInput> & SceneCreateInput'.
    Type '{ id: any; episodeId: any; index: number; title: string; }' is not assignable to type 'Without<SceneUncheckedCreateInput, SceneCreateInput>'.
      Types of property 'episodeId' are incompatible.
        Type 'any' is not assignable to type 'never'.
tools/verify_s4_7.ts(62,7): error TS2322: Type '{ id: any; episodeId: any; index: number; title: string; }' is not assignable to type '(Without<SceneCreateInput, SceneUncheckedCreateInput> & SceneUncheckedCreateInput) | (Without<...> & SceneCreateInput)'.
  Type '{ id: any; episodeId: any; index: number; title: string; }' is not assignable to type 'Without<SceneUncheckedCreateInput, SceneCreateInput> & SceneCreateInput'.
    Type '{ id: any; episodeId: any; index: number; title: string; }' is not assignable to type 'Without<SceneUncheckedCreateInput, SceneCreateInput>'.
      Types of property 'episodeId' are incompatible.
        Type 'any' is not assignable to type 'never'.
tools/verify_s4_8.ts(49,7): error TS2322: Type '{ id: any; episodeId: any; index: number; title: string; }' is not assignable to type '(Without<SceneCreateInput, SceneUncheckedCreateInput> & SceneUncheckedCreateInput) | (Without<...> & SceneCreateInput)'.
  Type '{ id: any; episodeId: any; index: number; title: string; }' is not assignable to type 'Without<SceneUncheckedCreateInput, SceneCreateInput> & SceneCreateInput'.
    Type '{ id: any; episodeId: any; index: number; title: string; }' is not assignable to type 'Without<SceneUncheckedCreateInput, SceneCreateInput>'.
      Types of property 'episodeId' are incompatible.
        Type 'any' is not assignable to type 'never'.
tools/verify_stage3_chain_logic.ts(1,30): error TS2307: Cannot find module '@prisma/client' or its corresponding type declarations.
tools/verify_stage3_chain_logic.ts(44,63): error TS2554: Expected 1 arguments, but got 3.
tools/verify_worker_shutdown.ts(48,16): error TS2393: Duplicate function implementation.
